Archive member included to satisfy reference by file (symbol)

/Users/AlexanderBouman/Desktop/GradSchool/RExLab/SimpleQuad/bin/../../../../../../../private/var/folders/83/qdzm9jqd6y9_836dffcxvy980000gn/T/arduino-core-cache/core_adafruit_samd_adafruit_feather_m0_f2beb47221a8863eb2ab3646c1696974.a(cortex_handlers.c.o)
                              (Reset_Handler)
/Users/AlexanderBouman/Desktop/GradSchool/RExLab/SimpleQuad/bin/../../../../../../../private/var/folders/83/qdzm9jqd6y9_836dffcxvy980000gn/T/arduino-core-cache/core_adafruit_samd_adafruit_feather_m0_f2beb47221a8863eb2ab3646c1696974.a(delay.c.o)
                              /Users/AlexanderBouman/Desktop/GradSchool/RExLab/SimpleQuad/bin/libraries/Adafruit_BNO055/Adafruit_BNO055.cpp.o (millis)
/Users/AlexanderBouman/Desktop/GradSchool/RExLab/SimpleQuad/bin/../../../../../../../private/var/folders/83/qdzm9jqd6y9_836dffcxvy980000gn/T/arduino-core-cache/core_adafruit_samd_adafruit_feather_m0_f2beb47221a8863eb2ab3646c1696974.a(hooks.c.o)
                              /Users/AlexanderBouman/Desktop/GradSchool/RExLab/SimpleQuad/bin/../../../../../../../private/var/folders/83/qdzm9jqd6y9_836dffcxvy980000gn/T/arduino-core-cache/core_adafruit_samd_adafruit_feather_m0_f2beb47221a8863eb2ab3646c1696974.a(delay.c.o) (yield)
/Users/AlexanderBouman/Desktop/GradSchool/RExLab/SimpleQuad/bin/../../../../../../../private/var/folders/83/qdzm9jqd6y9_836dffcxvy980000gn/T/arduino-core-cache/core_adafruit_samd_adafruit_feather_m0_f2beb47221a8863eb2ab3646c1696974.a(startup.c.o)
                              /Users/AlexanderBouman/Desktop/GradSchool/RExLab/SimpleQuad/bin/../../../../../../../private/var/folders/83/qdzm9jqd6y9_836dffcxvy980000gn/T/arduino-core-cache/core_adafruit_samd_adafruit_feather_m0_f2beb47221a8863eb2ab3646c1696974.a(cortex_handlers.c.o) (SystemInit)
/Users/AlexanderBouman/Desktop/GradSchool/RExLab/SimpleQuad/bin/../../../../../../../private/var/folders/83/qdzm9jqd6y9_836dffcxvy980000gn/T/arduino-core-cache/core_adafruit_samd_adafruit_feather_m0_f2beb47221a8863eb2ab3646c1696974.a(wiring.c.o)
                              /Users/AlexanderBouman/Desktop/GradSchool/RExLab/SimpleQuad/bin/../../../../../../../private/var/folders/83/qdzm9jqd6y9_836dffcxvy980000gn/T/arduino-core-cache/core_adafruit_samd_adafruit_feather_m0_f2beb47221a8863eb2ab3646c1696974.a(startup.c.o) (SystemCoreClock)
/Users/AlexanderBouman/Desktop/GradSchool/RExLab/SimpleQuad/bin/../../../../../../../private/var/folders/83/qdzm9jqd6y9_836dffcxvy980000gn/T/arduino-core-cache/core_adafruit_samd_adafruit_feather_m0_f2beb47221a8863eb2ab3646c1696974.a(wiring_analog.c.o)
                              /Users/AlexanderBouman/Desktop/GradSchool/RExLab/SimpleQuad/bin/../../../../../../../private/var/folders/83/qdzm9jqd6y9_836dffcxvy980000gn/T/arduino-core-cache/core_adafruit_samd_adafruit_feather_m0_f2beb47221a8863eb2ab3646c1696974.a(wiring.c.o) (analogReference)
/Users/AlexanderBouman/Desktop/GradSchool/RExLab/SimpleQuad/bin/../../../../../../../private/var/folders/83/qdzm9jqd6y9_836dffcxvy980000gn/T/arduino-core-cache/core_adafruit_samd_adafruit_feather_m0_f2beb47221a8863eb2ab3646c1696974.a(wiring_digital.c.o)
                              /Users/AlexanderBouman/Desktop/GradSchool/RExLab/SimpleQuad/bin/../../../../../../../private/var/folders/83/qdzm9jqd6y9_836dffcxvy980000gn/T/arduino-core-cache/core_adafruit_samd_adafruit_feather_m0_f2beb47221a8863eb2ab3646c1696974.a(wiring_analog.c.o) (pinMode)
/Users/AlexanderBouman/Desktop/GradSchool/RExLab/SimpleQuad/bin/../../../../../../../private/var/folders/83/qdzm9jqd6y9_836dffcxvy980000gn/T/arduino-core-cache/core_adafruit_samd_adafruit_feather_m0_f2beb47221a8863eb2ab3646c1696974.a(wiring_private.c.o)
                              /Users/AlexanderBouman/Desktop/GradSchool/RExLab/SimpleQuad/bin/libraries/Wire/Wire.cpp.o (pinPeripheral)
/Users/AlexanderBouman/Desktop/GradSchool/RExLab/SimpleQuad/bin/../../../../../../../private/var/folders/83/qdzm9jqd6y9_836dffcxvy980000gn/T/arduino-core-cache/core_adafruit_samd_adafruit_feather_m0_f2beb47221a8863eb2ab3646c1696974.a(Print.cpp.o)
                              /Users/AlexanderBouman/Desktop/GradSchool/RExLab/SimpleQuad/bin/libraries/Adafruit_Unified_Sensor/Adafruit_Sensor.cpp.o (Print::print(__FlashStringHelper const*))
/Users/AlexanderBouman/Desktop/GradSchool/RExLab/SimpleQuad/bin/../../../../../../../private/var/folders/83/qdzm9jqd6y9_836dffcxvy980000gn/T/arduino-core-cache/core_adafruit_samd_adafruit_feather_m0_f2beb47221a8863eb2ab3646c1696974.a(Reset.cpp.o)
                              /Users/AlexanderBouman/Desktop/GradSchool/RExLab/SimpleQuad/bin/../../../../../../../private/var/folders/83/qdzm9jqd6y9_836dffcxvy980000gn/T/arduino-core-cache/core_adafruit_samd_adafruit_feather_m0_f2beb47221a8863eb2ab3646c1696974.a(delay.c.o) (tickReset)
[...]
Memory Configuration

Name             Origin             Length             Attributes
FLASH            0x0000000000002000 0x000000000003e000 xr
RAM              0x0000000020000000 0x0000000000008000 xrw
*default*        0x0000000000000000 0xffffffffffffffff

Linker script and memory map

LOAD /Users/alexanderbouman/Library/Arduino15/packages/adafruit/tools/arm-none-eabi-gcc/9-2019q4/bin/../lib/gcc/arm-none-eabi/9.2.1/thumb/v6-m/nofp/crti.o
LOAD /Users/alexanderbouman/Library/Arduino15/packages/adafruit/tools/arm-none-eabi-gcc/9-2019q4/bin/../lib/gcc/arm-none-eabi/9.2.1/thumb/v6-m/nofp/crtbegin.o
LOAD /Users/alexanderbouman/Library/Arduino15/packages/adafruit/tools/arm-none-eabi-gcc/9-2019q4/bin/../lib/gcc/arm-none-eabi/9.2.1/../../../../arm-none-eabi/lib/thumb/v6-m/nofp/crt0.o
LOAD /Users/AlexanderBouman/Desktop/GradSchool/RExLab/SimpleQuad/bin/sketch/test.ino.cpp.o
LOAD /Users/AlexanderBouman/Desktop/GradSchool/RExLab/SimpleQuad/bin/libraries/Adafruit_BNO055/Adafruit_BNO055.cpp.o
LOAD /Users/AlexanderBouman/Desktop/GradSchool/RExLab/SimpleQuad/bin/libraries/Wire/Wire.cpp.o
LOAD /Users/AlexanderBouman/Desktop/GradSchool/RExLab/SimpleQuad/bin/libraries/Adafruit_Unified_Sensor/Adafruit_Sensor.cpp.o
LOAD /Users/AlexanderBouman/Desktop/GradSchool/RExLab/SimpleQuad/bin/core/variant.cpp.o
START GROUP
LOAD /Users/AlexanderBouman/Library/Arduino15/packages/adafruit/tools/CMSIS/5.4.0/CMSIS/Lib/GCC//libarm_cortexM0l_math.a
LOAD /Users/AlexanderBouman/Desktop/GradSchool/RExLab/SimpleQuad/bin/../../../../../../../private/var/folders/83/qdzm9jqd6y9_836dffcxvy980000gn/T/arduino-core-cache/core_adafruit_samd_adafruit_feather_m0_f2beb47221a8863eb2ab3646c1696974.a
END GROUP
LOAD /Users/alexanderbouman/Library/Arduino15/packages/adafruit/tools/arm-none-eabi-gcc/9-2019q4/bin/../lib/gcc/arm-none-eabi/9.2.1/../../../../arm-none-eabi/lib/thumb/v6-m/nofp/libstdc++_nano.a
LOAD /Users/alexanderbouman/Library/Arduino15/packages/adafruit/tools/arm-none-eabi-gcc/9-2019q4/bin/../lib/gcc/arm-none-eabi/9.2.1/../../../../arm-none-eabi/lib/thumb/v6-m/nofp/libm.a
START GROUP
LOAD /Users/alexanderbouman/Library/Arduino15/packages/adafruit/tools/arm-none-eabi-gcc/9-2019q4/bin/../lib/gcc/arm-none-eabi/9.2.1/thumb/v6-m/nofp/libgcc.a
LOAD /Users/alexanderbouman/Library/Arduino15/packages/adafruit/tools/arm-none-eabi-gcc/9-2019q4/bin/../lib/gcc/arm-none-eabi/9.2.1/../../../../arm-none-eabi/lib/thumb/v6-m/nofp/libc_nano.a
END GROUP
START GROUP
LOAD /Users/alexanderbouman/Library/Arduino15/packages/adafruit/tools/arm-none-eabi-gcc/9-2019q4/bin/../lib/gcc/arm-none-eabi/9.2.1/thumb/v6-m/nofp/libgcc.a
LOAD /Users/alexanderbouman/Library/Arduino15/packages/adafruit/tools/arm-none-eabi-gcc/9-2019q4/bin/../lib/gcc/arm-none-eabi/9.2.1/../../../../arm-none-eabi/lib/thumb/v6-m/nofp/libc_nano.a
LOAD /Users/alexanderbouman/Library/Arduino15/packages/adafruit/tools/arm-none-eabi-gcc/9-2019q4/bin/../lib/gcc/arm-none-eabi/9.2.1/../../../../arm-none-eabi/lib/thumb/v6-m/nofp/libnosys.a
END GROUP
START GROUP
LOAD /Users/alexanderbouman/Library/Arduino15/packages/adafruit/tools/arm-none-eabi-gcc/9-2019q4/bin/../lib/gcc/arm-none-eabi/9.2.1/thumb/v6-m/nofp/libgcc.a
LOAD /Users/alexanderbouman/Library/Arduino15/packages/adafruit/tools/arm-none-eabi-gcc/9-2019q4/bin/../lib/gcc/arm-none-eabi/9.2.1/../../../../arm-none-eabi/lib/thumb/v6-m/nofp/libc_nano.a
LOAD /Users/alexanderbouman/Library/Arduino15/packages/adafruit/tools/arm-none-eabi-gcc/9-2019q4/bin/../lib/gcc/arm-none-eabi/9.2.1/../../../../arm-none-eabi/lib/thumb/v6-m/nofp/libnosys.a
END GROUP
LOAD /Users/alexanderbouman/Library/Arduino15/packages/adafruit/tools/arm-none-eabi-gcc/9-2019q4/bin/../lib/gcc/arm-none-eabi/9.2.1/thumb/v6-m/nofp/crtend.o
LOAD /Users/alexanderbouman/Library/Arduino15/packages/adafruit/tools/arm-none-eabi-gcc/9-2019q4/bin/../lib/gcc/arm-none-eabi/9.2.1/thumb/v6-m/nofp/crtn.o

.text           0x0000000000002000     0x2cc4
                0x0000000000002000                __text_start__ = .
 *(.sketch_boot)
                0x0000000000002000                . = ALIGN (0x2000)
 *(.isr_vector)
 .isr_vector    0x0000000000002000       0xb4 /Users/AlexanderBouman/Desktop/GradSchool/RExLab/SimpleQuad/bin/../../../../../../../private/var/folders/83/qdzm9jqd6y9_836dffcxvy980000gn/T/arduino-core-cache/core_adafruit_samd_adafruit_feather_m0_f2beb47221a8863eb2ab3646c1696974.a(cortex_handlers.c.o)
                0x0000000000002000                exception_table
 *(.text*)
 .text          0x00000000000020b4       0x48 /Users/alexanderbouman/Library/Arduino15/packages/adafruit/tools/arm-none-eabi-gcc/9-2019q4/bin/../lib/gcc/arm-none-eabi/9.2.1/thumb/v6-m/nofp/crtbegin.o
 .text.setup    0x00000000000020fc        0x2 /Users/AlexanderBouman/Desktop/GradSchool/RExLab/SimpleQuad/bin/sketch/test.ino.cpp.o
                0x00000000000020fc                setup
 .text.loop     0x00000000000020fe        0x2 /Users/AlexanderBouman/Desktop/GradSchool/RExLab/SimpleQuad/bin/sketch/test.ino.cpp.o
                0x00000000000020fe                loop
 .text._ZN5Print17availableForWriteEv
                0x0000000000002100        0x4 /Users/AlexanderBouman/Desktop/GradSchool/RExLab/SimpleQuad/bin/libraries/Wire/Wire.cpp.o
                0x0000000000002100                Print::availableForWrite()
 .text._ZN7TwoWire5writeEPKhj
                0x0000000000002104       0x24 /Users/AlexanderBouman/Desktop/GradSchool/RExLab/SimpleQuad/bin/libraries/Wire/Wire.cpp.o
                0x0000000000002104                TwoWire::write(unsigned char const*, unsigned int)
 .text._ZN7TwoWire5flushEv
                0x0000000000002128        0x2 /Users/AlexanderBouman/Desktop/GradSchool/RExLab/SimpleQuad/bin/libraries/Wire/Wire.cpp.o
                0x0000000000002128                TwoWire::flush()
 .text._ZN7TwoWire4peekEv
                0x000000000000212a       0x1a /Users/AlexanderBouman/Desktop/GradSchool/RExLab/SimpleQuad/bin/libraries/Wire/Wire.cpp.o
                0x000000000000212a                TwoWire::peek()
 .text._ZN7TwoWire9availableEv
                0x0000000000002144       0x12 /Users/AlexanderBouman/Desktop/GradSchool/RExLab/SimpleQuad/bin/libraries/Wire/Wire.cpp.o
                0x0000000000002144                TwoWire::available()
 *fill*         0x0000000000002156        0x2 
 .text._ZN7TwoWireC2EP6SERCOMhh
                0x0000000000002158       0x5c /Users/AlexanderBouman/Desktop/GradSchool/RExLab/SimpleQuad/bin/libraries/Wire/Wire.cpp.o
                0x0000000000002158                TwoWire::TwoWire(SERCOM*, unsigned char, unsigned char)
                0x0000000000002158                TwoWire::TwoWire(SERCOM*, unsigned char, unsigned char)
 .text._ZN11RingBufferNILi256EE10store_charEh
                0x00000000000021b4       0x1a /Users/AlexanderBouman/Desktop/GradSchool/RExLab/SimpleQuad/bin/libraries/Wire/Wire.cpp.o
                0x00000000000021b4                RingBufferN<256>::store_char(unsigned char)
 .text._ZN7TwoWire5writeEh
                0x00000000000021ce       0x2c /Users/AlexanderBouman/Desktop/GradSchool/RExLab/SimpleQuad/bin/libraries/Wire/Wire.cpp.o
                0x00000000000021ce                TwoWire::write(unsigned char)
 .text._ZN11RingBufferNILi256EE9read_charEv
                0x00000000000021fa       0x20 /Users/AlexanderBouman/Desktop/GradSchool/RExLab/SimpleQuad/bin/libraries/Wire/Wire.cpp.o
                0x00000000000021fa                RingBufferN<256>::read_char()
 .text._ZN7TwoWire4readEv
                0x000000000000221a        0xa /Users/AlexanderBouman/Desktop/GradSchool/RExLab/SimpleQuad/bin/libraries/Wire/Wire.cpp.o
                0x000000000000221a                TwoWire::read()
 .text._ZN7TwoWire9onServiceEv
                0x0000000000002224      0x11c /Users/AlexanderBouman/Desktop/GradSchool/RExLab/SimpleQuad/bin/libraries/Wire/Wire.cpp.o
                0x0000000000002224                TwoWire::onService()
 .text.SERCOM3_Handler
                0x0000000000002340       0x10 /Users/AlexanderBouman/Desktop/GradSchool/RExLab/SimpleQuad/bin/libraries/Wire/Wire.cpp.o
                0x0000000000002340                SERCOM3_Handler
 .text.startup._GLOBAL__sub_I__ZN7TwoWireC2EP6SERCOMhh
                0x0000000000002350       0x18 /Users/AlexanderBouman/Desktop/GradSchool/RExLab/SimpleQuad/bin/libraries/Wire/Wire.cpp.o
 .text.SERCOM0_Handler
                0x0000000000002368       0x10 /Users/AlexanderBouman/Desktop/GradSchool/RExLab/SimpleQuad/bin/core/variant.cpp.o
                0x0000000000002368                SERCOM0_Handler
 .text.SERCOM5_Handler
                0x0000000000002378       0x10 /Users/AlexanderBouman/Desktop/GradSchool/RExLab/SimpleQuad/bin/core/variant.cpp.o
                0x0000000000002378                SERCOM5_Handler
 .text.startup._GLOBAL__sub_I_g_APinDescription
                0x0000000000002388       0x94 /Users/AlexanderBouman/Desktop/GradSchool/RExLab/SimpleQuad/bin/core/variant.cpp.o
 .text.Dummy_Handler
                0x000000000000241c        0x2 /Users/AlexanderBouman/Desktop/GradSchool/RExLab/SimpleQuad/bin/../../../../../../../private/var/folders/83/qdzm9jqd6y9_836dffcxvy980000gn/T/arduino-core-cache/core_adafruit_samd_adafruit_feather_m0_f2beb47221a8863eb2ab3646c1696974.a(cortex_handlers.c.o)
                0x000000000000241c                SYSCTRL_Handler
                0x000000000000241c                HardFault_Handler
                0x000000000000241c                AC_Handler
                0x000000000000241c                PendSV_Handler
                0x000000000000241c                NMI_Handler
                0x000000000000241c                TC7_Handler
                0x000000000000241c                SERCOM1_Handler
                0x000000000000241c                ADC_Handler
                0x000000000000241c                TCC1_Handler
                0x000000000000241c                SERCOM2_Handler
                0x000000000000241c                TCC0_Handler
                0x000000000000241c                RTC_Handler
                0x000000000000241c                EIC_Handler
                0x000000000000241c                TC6_Handler
                0x000000000000241c                WDT_Handler
                0x000000000000241c                TC4_Handler
                0x000000000000241c                TC3_Handler
                0x000000000000241c                Dummy_Handler
                0x000000000000241c                PM_Handler
                0x000000000000241c                SVC_Handler
                0x000000000000241c                TCC2_Handler
                0x000000000000241c                EVSYS_Handler
                0x000000000000241c                SERCOM4_Handler
                0x000000000000241c                I2S_Handler
                0x000000000000241c                NVMCTRL_Handler
                0x000000000000241c                DAC_Handler
                0x000000000000241c                PTC_Handler
                0x000000000000241c                DMAC_Handler
 *fill*         0x000000000000241e        0x2 
 .text.USB_Handler
                0x0000000000002420       0x14 /Users/AlexanderBouman/Desktop/GradSchool/RExLab/SimpleQuad/bin/../../../../../../../private/var/folders/83/qdzm9jqd6y9_836dffcxvy980000gn/T/arduino-core-cache/core_adafruit_samd_adafruit_feather_m0_f2beb47221a8863eb2ab3646c1696974.a(cortex_handlers.c.o)
                0x0000000000002420                USB_Handler
 .text.Reset_Handler
                0x0000000000002434       0x54 /Users/AlexanderBouman/Desktop/GradSchool/RExLab/SimpleQuad/bin/../../../../../../../private/var/folders/83/qdzm9jqd6y9_836dffcxvy980000gn/T/arduino-core-cache/core_adafruit_samd_adafruit_feather_m0_f2beb47221a8863eb2ab3646c1696974.a(cortex_handlers.c.o)
                0x0000000000002434                Reset_Handler
 .text.SysTick_Handler
                0x0000000000002488       0x10 /Users/AlexanderBouman/Desktop/GradSchool/RExLab/SimpleQuad/bin/../../../../../../../private/var/folders/83/qdzm9jqd6y9_836dffcxvy980000gn/T/arduino-core-cache/core_adafruit_samd_adafruit_feather_m0_f2beb47221a8863eb2ab3646c1696974.a(cortex_handlers.c.o)
                0x0000000000002488                SysTick_Handler
 .text.USB_SetHandler
                0x0000000000002498        0xc /Users/AlexanderBouman/Desktop/GradSchool/RExLab/SimpleQuad/bin/../../../../../../../private/var/folders/83/qdzm9jqd6y9_836dffcxvy980000gn/T/arduino-core-cache/core_adafruit_samd_adafruit_feather_m0_f2beb47221a8863eb2ab3646c1696974.a(cortex_handlers.c.o)
                0x0000000000002498                USB_SetHandler
 .text.micros   0x00000000000024a4       0x60 /Users/AlexanderBouman/Desktop/GradSchool/RExLab/SimpleQuad/bin/../../../../../../../private/var/folders/83/qdzm9jqd6y9_836dffcxvy980000gn/T/arduino-core-cache/core_adafruit_samd_adafruit_feather_m0_f2beb47221a8863eb2ab3646c1696974.a(delay.c.o)
                0x00000000000024a4                micros
 .text.delay    0x0000000000002504       0x2c /Users/AlexanderBouman/Desktop/GradSchool/RExLab/SimpleQuad/bin/../../../../../../../private/var/folders/83/qdzm9jqd6y9_836dffcxvy980000gn/T/arduino-core-cache/core_adafruit_samd_adafruit_feather_m0_f2beb47221a8863eb2ab3646c1696974.a(delay.c.o)
                0x0000000000002504                delay
 .text.SysTick_DefaultHandler
                0x0000000000002530       0x14 /Users/AlexanderBouman/Desktop/GradSchool/RExLab/SimpleQuad/bin/../../../../../../../private/var/folders/83/qdzm9jqd6y9_836dffcxvy980000gn/T/arduino-core-cache/core_adafruit_samd_adafruit_feather_m0_f2beb47221a8863eb2ab3646c1696974.a(delay.c.o)
                0x0000000000002530                SysTick_DefaultHandler
 .text.__empty  0x0000000000002544        0x2 /Users/AlexanderBouman/Desktop/GradSchool/RExLab/SimpleQuad/bin/../../../../../../../private/var/folders/83/qdzm9jqd6y9_836dffcxvy980000gn/T/arduino-core-cache/core_adafruit_samd_adafruit_feather_m0_f2beb47221a8863eb2ab3646c1696974.a(hooks.c.o)
                0x0000000000002544                yield
 .text.__false  0x0000000000002546        0x4 /Users/AlexanderBouman/Desktop/GradSchool/RExLab/SimpleQuad/bin/../../../../../../../private/var/folders/83/qdzm9jqd6y9_836dffcxvy980000gn/T/arduino-core-cache/core_adafruit_samd_adafruit_feather_m0_f2beb47221a8863eb2ab3646c1696974.a(hooks.c.o)
                0x0000000000002546                sysTickHook
 *fill*         0x000000000000254a        0x2 
 .text.SystemInit
                0x000000000000254c      0x160 /Users/AlexanderBouman/Desktop/GradSchool/RExLab/SimpleQuad/bin/../../../../../../../private/var/folders/83/qdzm9jqd6y9_836dffcxvy980000gn/T/arduino-core-cache/core_adafruit_samd_adafruit_feather_m0_f2beb47221a8863eb2ab3646c1696974.a(startup.c.o)
                0x000000000000254c                SystemInit
 .text.init     0x00000000000026ac       0xe0 /Users/AlexanderBouman/Desktop/GradSchool/RExLab/SimpleQuad/bin/../../../../../../../private/var/folders/83/qdzm9jqd6y9_836dffcxvy980000gn/T/arduino-core-cache/core_adafruit_samd_adafruit_feather_m0_f2beb47221a8863eb2ab3646c1696974.a(wiring.c.o)
                0x00000000000026ac                init
 .text.analogReference
                0x000000000000278c       0x88 /Users/AlexanderBouman/Desktop/GradSchool/RExLab/SimpleQuad/bin/../../../../../../../private/var/folders/83/qdzm9jqd6y9_836dffcxvy980000gn/T/arduino-core-cache/core_adafruit_samd_adafruit_feather_m0_f2beb47221a8863eb2ab3646c1696974.a(wiring_analog.c.o)
                0x000000000000278c                analogReference
 .text.pinMode  0x0000000000002814       0x60 /Users/AlexanderBouman/Desktop/GradSchool/RExLab/SimpleQuad/bin/../../../../../../../private/var/folders/83/qdzm9jqd6y9_836dffcxvy980000gn/T/arduino-core-cache/core_adafruit_samd_adafruit_feather_m0_f2beb47221a8863eb2ab3646c1696974.a(wiring_digital.c.o)
                0x0000000000002814                pinMode
 .text.digitalWrite
                0x0000000000002874       0x58 /Users/AlexanderBouman/Desktop/GradSchool/RExLab/SimpleQuad/bin/../../../../../../../private/var/folders/83/qdzm9jqd6y9_836dffcxvy980000gn/T/arduino-core-cache/core_adafruit_samd_adafruit_feather_m0_f2beb47221a8863eb2ab3646c1696974.a(wiring_digital.c.o)
                0x0000000000002874                digitalWrite
 .text.pinPeripheral
                0x00000000000028cc       0xbc /Users/AlexanderBouman/Desktop/GradSchool/RExLab/SimpleQuad/bin/../../../../../../../private/var/folders/83/qdzm9jqd6y9_836dffcxvy980000gn/T/arduino-core-cache/core_adafruit_samd_adafruit_feather_m0_f2beb47221a8863eb2ab3646c1696974.a(wiring_private.c.o)
                0x00000000000028cc                pinPeripheral
 .text._ZN5Print5writeEPKhj
                0x0000000000002988       0x24 /Users/AlexanderBouman/Desktop/GradSchool/RExLab/SimpleQuad/bin/../../../../../../../private/var/folders/83/qdzm9jqd6y9_836dffcxvy980000gn/T/arduino-core-cache/core_adafruit_samd_adafruit_feather_m0_f2beb47221a8863eb2ab3646c1696974.a(Print.cpp.o)
                0x0000000000002988                Print::write(unsigned char const*, unsigned int)
 .text.initiateReset
                0x00000000000029ac        0xc /Users/AlexanderBouman/Desktop/GradSchool/RExLab/SimpleQuad/bin/../../../../../../../private/var/folders/83/qdzm9jqd6y9_836dffcxvy980000gn/T/arduino-core-cache/core_adafruit_samd_adafruit_feather_m0_f2beb47221a8863eb2ab3646c1696974.a(Reset.cpp.o)
                0x00000000000029ac                initiateReset
 .text.cancelReset
                0x00000000000029b8       0x10 /Users/AlexanderBouman/Desktop/GradSchool/RExLab/SimpleQuad/bin/../../../../../../../private/var/folders/83/qdzm9jqd6y9_836dffcxvy980000gn/T/arduino-core-cache/core_adafruit_samd_adafruit_feather_m0_f2beb47221a8863eb2ab3646c1696974.a(Reset.cpp.o)
                0x00000000000029b8                cancelReset
 .text.tickReset
                0x00000000000029c8       0x74 /Users/AlexanderBouman/Desktop/GradSchool/RExLab/SimpleQuad/bin/../../../../../../../private/var/folders/83/qdzm9jqd6y9_836dffcxvy980000gn/T/arduino-core-cache/core_adafruit_samd_adafruit_feather_m0_f2beb47221a8863eb2ab3646c1696974.a(Reset.cpp.o)
                0x00000000000029c8                tickReset
 .text._ZN6SERCOMC2EP6Sercom
                0x0000000000002a3c        0x4 /Users/AlexanderBouman/Desktop/GradSchool/RExLab/SimpleQuad/bin/../../../../../../../private/var/folders/83/qdzm9jqd6y9_836dffcxvy980000gn/T/arduino-core-cache/core_adafruit_samd_adafruit_feather_m0_f2beb47221a8863eb2ab3646c1696974.a(SERCOM.cpp.o)
                0x0000000000002a3c                SERCOM::SERCOM(Sercom*)
                0x0000000000002a3c                SERCOM::SERCOM(Sercom*)
 .text._ZN6SERCOM9initFrameE18SercomUartCharSize15SercomDataOrder16SercomParityMode19SercomNumberStopBit
                0x0000000000002a40       0x3a /Users/AlexanderBouman/Desktop/GradSchool/RExLab/SimpleQuad/bin/../../../../../../../private/var/folders/83/qdzm9jqd6y9_836dffcxvy980000gn/T/arduino-core-cache/core_adafruit_samd_adafruit_feather_m0_f2beb47221a8863eb2ab3646c1696974.a(SERCOM.cpp.o)
                0x0000000000002a40                SERCOM::initFrame(SercomUartCharSize, SercomDataOrder, SercomParityMode, SercomNumberStopBit)
 .text._ZN6SERCOM8initPadsE15SercomUartTXPad11SercomRXPad
                0x0000000000002a7a       0x26 /Users/AlexanderBouman/Desktop/GradSchool/RExLab/SimpleQuad/bin/../../../../../../../private/var/folders/83/qdzm9jqd6y9_836dffcxvy980000gn/T/arduino-core-cache/core_adafruit_samd_adafruit_feather_m0_f2beb47221a8863eb2ab3646c1696974.a(SERCOM.cpp.o)
                0x0000000000002a7a                SERCOM::initPads(SercomUartTXPad, SercomRXPad)
 .text._ZN6SERCOM9resetUARTEv
                0x0000000000002aa0       0x1a /Users/AlexanderBouman/Desktop/GradSchool/RExLab/SimpleQuad/bin/../../../../../../../private/var/folders/83/qdzm9jqd6y9_836dffcxvy980000gn/T/arduino-core-cache/core_adafruit_samd_adafruit_feather_m0_f2beb47221a8863eb2ab3646c1696974.a(SERCOM.cpp.o)
                0x0000000000002aa0                SERCOM::resetUART()
 .text._ZN6SERCOM10enableUARTEv
                0x0000000000002aba       0x14 /Users/AlexanderBouman/Desktop/GradSchool/RExLab/SimpleQuad/bin/../../../../../../../private/var/folders/83/qdzm9jqd6y9_836dffcxvy980000gn/T/arduino-core-cache/core_adafruit_samd_adafruit_feather_m0_f2beb47221a8863eb2ab3646c1696974.a(SERCOM.cpp.o)
                0x0000000000002aba                SERCOM::enableUART()
 .text._ZN6SERCOM9flushUARTEv
                0x0000000000002ace       0x10 /Users/AlexanderBouman/Desktop/GradSchool/RExLab/SimpleQuad/bin/../../../../../../../private/var/folders/83/qdzm9jqd6y9_836dffcxvy980000gn/T/arduino-core-cache/core_adafruit_samd_adafruit_feather_m0_f2beb47221a8863eb2ab3646c1696974.a(SERCOM.cpp.o)
                0x0000000000002ace                SERCOM::flushUART()
 .text._ZN6SERCOM15clearStatusUARTEv
                0x0000000000002ade        0x8 /Users/AlexanderBouman/Desktop/GradSchool/RExLab/SimpleQuad/bin/../../../../../../../private/var/folders/83/qdzm9jqd6y9_836dffcxvy980000gn/T/arduino-core-cache/core_adafruit_samd_adafruit_feather_m0_f2beb47221a8863eb2ab3646c1696974.a(SERCOM.cpp.o)
                0x0000000000002ade                SERCOM::clearStatusUART()
 .text._ZN6SERCOM17availableDataUARTEv
                0x0000000000002ae6        0xa /Users/AlexanderBouman/Desktop/GradSchool/RExLab/SimpleQuad/bin/../../../../../../../private/var/folders/83/qdzm9jqd6y9_836dffcxvy980000gn/T/arduino-core-cache/core_adafruit_samd_adafruit_feather_m0_f2beb47221a8863eb2ab3646c1696974.a(SERCOM.cpp.o)
                0x0000000000002ae6                SERCOM::availableDataUART()
 .text._ZN6SERCOM11isUARTErrorEv
                0x0000000000002af0        0x8 /Users/AlexanderBouman/Desktop/GradSchool/RExLab/SimpleQuad/bin/../../../../../../../private/var/folders/83/qdzm9jqd6y9_836dffcxvy980000gn/T/arduino-core-cache/core_adafruit_samd_adafruit_feather_m0_f2beb47221a8863eb2ab3646c1696974.a(SERCOM.cpp.o)
                0x0000000000002af0                SERCOM::isUARTError()
 .text._ZN6SERCOM20acknowledgeUARTErrorEv
                0x0000000000002af8        0xe /Users/AlexanderBouman/Desktop/GradSchool/RExLab/SimpleQuad/bin/../../../../../../../private/var/folders/83/qdzm9jqd6y9_836dffcxvy980000gn/T/arduino-core-cache/core_adafruit_samd_adafruit_feather_m0_f2beb47221a8863eb2ab3646c1696974.a(SERCOM.cpp.o)
                0x0000000000002af8                SERCOM::acknowledgeUARTError()
 .text._ZN6SERCOM16isFrameErrorUARTEv
                0x0000000000002b06        0xa /Users/AlexanderBouman/Desktop/GradSchool/RExLab/SimpleQuad/bin/../../../../../../../private/var/folders/83/qdzm9jqd6y9_836dffcxvy980000gn/T/arduino-core-cache/core_adafruit_samd_adafruit_feather_m0_f2beb47221a8863eb2ab3646c1696974.a(SERCOM.cpp.o)
                0x0000000000002b06                SERCOM::isFrameErrorUART()
 .text._ZN6SERCOM19clearFrameErrorUARTEv
                0x0000000000002b10        0xc /Users/AlexanderBouman/Desktop/GradSchool/RExLab/SimpleQuad/bin/../../../../../../../private/var/folders/83/qdzm9jqd6y9_836dffcxvy980000gn/T/arduino-core-cache/core_adafruit_samd_adafruit_feather_m0_f2beb47221a8863eb2ab3646c1696974.a(SERCOM.cpp.o)
                0x0000000000002b10                SERCOM::clearFrameErrorUART()
 .text._ZN6SERCOM23isDataRegisterEmptyUARTEv
                0x0000000000002b1c        0xa /Users/AlexanderBouman/Desktop/GradSchool/RExLab/SimpleQuad/bin/../../../../../../../private/var/folders/83/qdzm9jqd6y9_836dffcxvy980000gn/T/arduino-core-cache/core_adafruit_samd_adafruit_feather_m0_f2beb47221a8863eb2ab3646c1696974.a(SERCOM.cpp.o)
                0x0000000000002b1c                SERCOM::isDataRegisterEmptyUART()
 .text._ZN6SERCOM12readDataUARTEv
                0x0000000000002b26        0x8 /Users/AlexanderBouman/Desktop/GradSchool/RExLab/SimpleQuad/bin/../../../../../../../private/var/folders/83/qdzm9jqd6y9_836dffcxvy980000gn/T/arduino-core-cache/core_adafruit_samd_adafruit_feather_m0_f2beb47221a8863eb2ab3646c1696974.a(SERCOM.cpp.o)
                0x0000000000002b26                SERCOM::readDataUART()
 .text._ZN6SERCOM13writeDataUARTEh
                0x0000000000002b2e       0x10 /Users/AlexanderBouman/Desktop/GradSchool/RExLab/SimpleQuad/bin/../../../../../../../private/var/folders/83/qdzm9jqd6y9_836dffcxvy980000gn/T/arduino-core-cache/core_adafruit_samd_adafruit_feather_m0_f2beb47221a8863eb2ab3646c1696974.a(SERCOM.cpp.o)
                0x0000000000002b2e                SERCOM::writeDataUART(unsigned char)
 .text._ZN6SERCOM36enableDataRegisterEmptyInterruptUARTEv
                0x0000000000002b3e        0x8 /Users/AlexanderBouman/Desktop/GradSchool/RExLab/SimpleQuad/bin/../../../../../../../private/var/folders/83/qdzm9jqd6y9_836dffcxvy980000gn/T/arduino-core-cache/core_adafruit_samd_adafruit_feather_m0_f2beb47221a8863eb2ab3646c1696974.a(SERCOM.cpp.o)
                0x0000000000002b3e                SERCOM::enableDataRegisterEmptyInterruptUART()
 .text._ZN6SERCOM37disableDataRegisterEmptyInterruptUARTEv
                0x0000000000002b46        0x8 /Users/AlexanderBouman/Desktop/GradSchool/RExLab/SimpleQuad/bin/../../../../../../../private/var/folders/83/qdzm9jqd6y9_836dffcxvy980000gn/T/arduino-core-cache/core_adafruit_samd_adafruit_feather_m0_f2beb47221a8863eb2ab3646c1696974.a(SERCOM.cpp.o)
                0x0000000000002b46                SERCOM::disableDataRegisterEmptyInterruptUART()
 .text._ZN6SERCOM18prepareNackBitWIREEv
                0x0000000000002b4e       0x10 /Users/AlexanderBouman/Desktop/GradSchool/RExLab/SimpleQuad/bin/../../../../../../../private/var/folders/83/qdzm9jqd6y9_836dffcxvy980000gn/T/arduino-core-cache/core_adafruit_samd_adafruit_feather_m0_f2beb47221a8863eb2ab3646c1696974.a(SERCOM.cpp.o)
                0x0000000000002b4e                SERCOM::prepareNackBitWIRE()
 *fill*         0x0000000000002b5e        0x2 
 .text._ZN6SERCOM17prepareAckBitWIREEv
                0x0000000000002b60       0x14 /Users/AlexanderBouman/Desktop/GradSchool/RExLab/SimpleQuad/bin/../../../../../../../private/var/folders/83/qdzm9jqd6y9_836dffcxvy980000gn/T/arduino-core-cache/core_adafruit_samd_adafruit_feather_m0_f2beb47221a8863eb2ab3646c1696974.a(SERCOM.cpp.o)
                0x0000000000002b60                SERCOM::prepareAckBitWIRE()
 .text._ZN6SERCOM22prepareCommandBitsWireEh
                0x0000000000002b74       0x2c /Users/AlexanderBouman/Desktop/GradSchool/RExLab/SimpleQuad/bin/../../../../../../../private/var/folders/83/qdzm9jqd6y9_836dffcxvy980000gn/T/arduino-core-cache/core_adafruit_samd_adafruit_feather_m0_f2beb47221a8863eb2ab3646c1696974.a(SERCOM.cpp.o)
                0x0000000000002b74                SERCOM::prepareCommandBitsWire(unsigned char)
 .text._ZN6SERCOM17sendDataSlaveWIREEh
                0x0000000000002ba0       0x1e /Users/AlexanderBouman/Desktop/GradSchool/RExLab/SimpleQuad/bin/../../../../../../../private/var/folders/83/qdzm9jqd6y9_836dffcxvy980000gn/T/arduino-core-cache/core_adafruit_samd_adafruit_feather_m0_f2beb47221a8863eb2ab3646c1696974.a(SERCOM.cpp.o)
                0x0000000000002ba0                SERCOM::sendDataSlaveWIRE(unsigned char)
 .text._ZN6SERCOM11isSlaveWIREEv
                0x0000000000002bbe       0x12 /Users/AlexanderBouman/Desktop/GradSchool/RExLab/SimpleQuad/bin/../../../../../../../private/var/folders/83/qdzm9jqd6y9_836dffcxvy980000gn/T/arduino-core-cache/core_adafruit_samd_adafruit_feather_m0_f2beb47221a8863eb2ab3646c1696974.a(SERCOM.cpp.o)
                0x0000000000002bbe                SERCOM::isSlaveWIRE()
 .text._ZN6SERCOM15isDataReadyWIREEv
                0x0000000000002bd0        0xa /Users/AlexanderBouman/Desktop/GradSchool/RExLab/SimpleQuad/bin/../../../../../../../private/var/folders/83/qdzm9jqd6y9_836dffcxvy980000gn/T/arduino-core-cache/core_adafruit_samd_adafruit_feather_m0_f2beb47221a8863eb2ab3646c1696974.a(SERCOM.cpp.o)
                0x0000000000002bd0                SERCOM::isDataReadyWIRE()
 .text._ZN6SERCOM18isStopDetectedWIREEv
                0x0000000000002bda        0xa /Users/AlexanderBouman/Desktop/GradSchool/RExLab/SimpleQuad/bin/../../../../../../../private/var/folders/83/qdzm9jqd6y9_836dffcxvy980000gn/T/arduino-core-cache/core_adafruit_samd_adafruit_feather_m0_f2beb47221a8863eb2ab3646c1696974.a(SERCOM.cpp.o)
                0x0000000000002bda                SERCOM::isStopDetectedWIRE()
 .text._ZN6SERCOM21isRestartDetectedWIREEv
                0x0000000000002be4        0xa /Users/AlexanderBouman/Desktop/GradSchool/RExLab/SimpleQuad/bin/../../../../../../../private/var/folders/83/qdzm9jqd6y9_836dffcxvy980000gn/T/arduino-core-cache/core_adafruit_samd_adafruit_feather_m0_f2beb47221a8863eb2ab3646c1696974.a(SERCOM.cpp.o)
                0x0000000000002be4                SERCOM::isRestartDetectedWIRE()
 .text._ZN6SERCOM14isAddressMatchEv
                0x0000000000002bee        0xa /Users/AlexanderBouman/Desktop/GradSchool/RExLab/SimpleQuad/bin/../../../../../../../private/var/folders/83/qdzm9jqd6y9_836dffcxvy980000gn/T/arduino-core-cache/core_adafruit_samd_adafruit_feather_m0_f2beb47221a8863eb2ab3646c1696974.a(SERCOM.cpp.o)
                0x0000000000002bee                SERCOM::isAddressMatch()
 .text._ZN6SERCOM25isMasterReadOperationWIREEv
                0x0000000000002bf8        0xa /Users/AlexanderBouman/Desktop/GradSchool/RExLab/SimpleQuad/bin/../../../../../../../private/var/folders/83/qdzm9jqd6y9_836dffcxvy980000gn/T/arduino-core-cache/core_adafruit_samd_adafruit_feather_m0_f2beb47221a8863eb2ab3646c1696974.a(SERCOM.cpp.o)
                0x0000000000002bf8                SERCOM::isMasterReadOperationWIRE()
 .text._ZN6SERCOM12readDataWIREEv
                0x0000000000002c02       0x1a /Users/AlexanderBouman/Desktop/GradSchool/RExLab/SimpleQuad/bin/../../../../../../../private/var/folders/83/qdzm9jqd6y9_836dffcxvy980000gn/T/arduino-core-cache/core_adafruit_samd_adafruit_feather_m0_f2beb47221a8863eb2ab3646c1696974.a(SERCOM.cpp.o)
                0x0000000000002c02                SERCOM::readDataWIRE()
 .text._ZN6SERCOM14getSercomIndexEv
                0x0000000000002c1c       0x5c /Users/AlexanderBouman/Desktop/GradSchool/RExLab/SimpleQuad/bin/../../../../../../../private/var/folders/83/qdzm9jqd6y9_836dffcxvy980000gn/T/arduino-core-cache/core_adafruit_samd_adafruit_feather_m0_f2beb47221a8863eb2ab3646c1696974.a(SERCOM.cpp.o)
                0x0000000000002c1c                SERCOM::getSercomIndex()
 .text._ZN6SERCOM13initClockNVICEv
                0x0000000000002c78       0x90 /Users/AlexanderBouman/Desktop/GradSchool/RExLab/SimpleQuad/bin/../../../../../../../private/var/folders/83/qdzm9jqd6y9_836dffcxvy980000gn/T/arduino-core-cache/core_adafruit_samd_adafruit_feather_m0_f2beb47221a8863eb2ab3646c1696974.a(SERCOM.cpp.o)
                0x0000000000002c78                SERCOM::initClockNVIC()
 .text._ZN6SERCOM8initUARTE14SercomUartMode20SercomUartSampleRatem
                0x0000000000002d08       0x6c /Users/AlexanderBouman/Desktop/GradSchool/RExLab/SimpleQuad/bin/../../../../../../../private/var/folders/83/qdzm9jqd6y9_836dffcxvy980000gn/T/arduino-core-cache/core_adafruit_samd_adafruit_feather_m0_f2beb47221a8863eb2ab3646c1696974.a(SERCOM.cpp.o)
                0x0000000000002d08                SERCOM::initUART(SercomUartMode, SercomUartSampleRate, unsigned long)
 .text._ZN7Serial_17availableForWriteEv
                0x0000000000002d74        0x4 /Users/AlexanderBouman/Desktop/GradSchool/RExLab/SimpleQuad/bin/../../../../../../../private/var/folders/83/qdzm9jqd6y9_836dffcxvy980000gn/T/arduino-core-cache/core_adafruit_samd_adafruit_feather_m0_f2beb47221a8863eb2ab3646c1696974.a(CDC.cpp.o)
                0x0000000000002d74                Serial_::availableForWrite()
 .text._ZN7Serial_5writeEh
                0x0000000000002d78       0x14 /Users/AlexanderBouman/Desktop/GradSchool/RExLab/SimpleQuad/bin/../../../../../../../private/var/folders/83/qdzm9jqd6y9_836dffcxvy980000gn/T/arduino-core-cache/core_adafruit_samd_adafruit_feather_m0_f2beb47221a8863eb2ab3646c1696974.a(CDC.cpp.o)
                0x0000000000002d78                Serial_::write(unsigned char)
 .text._ZN7Serial_9availableEv
                0x0000000000002d8c        0xc /Users/AlexanderBouman/Desktop/GradSchool/RExLab/SimpleQuad/bin/../../../../../../../private/var/folders/83/qdzm9jqd6y9_836dffcxvy980000gn/T/arduino-core-cache/core_adafruit_samd_adafruit_feather_m0_f2beb47221a8863eb2ab3646c1696974.a(CDC.cpp.o)
                0x0000000000002d8c                Serial_::available()
 .text._ZN7Serial_5flushEv
                0x0000000000002d98        0xc /Users/AlexanderBouman/Desktop/GradSchool/RExLab/SimpleQuad/bin/../../../../../../../private/var/folders/83/qdzm9jqd6y9_836dffcxvy980000gn/T/arduino-core-cache/core_adafruit_samd_adafruit_feather_m0_f2beb47221a8863eb2ab3646c1696974.a(CDC.cpp.o)
                0x0000000000002d98                Serial_::flush()
 .text._ZN7Serial_5writeEPKhj
                0x0000000000002da4       0x2c /Users/AlexanderBouman/Desktop/GradSchool/RExLab/SimpleQuad/bin/../../../../../../../private/var/folders/83/qdzm9jqd6y9_836dffcxvy980000gn/T/arduino-core-cache/core_adafruit_samd_adafruit_feather_m0_f2beb47221a8863eb2ab3646c1696974.a(CDC.cpp.o)
                0x0000000000002da4                Serial_::write(unsigned char const*, unsigned int)
 .text._ZN7Serial_4peekEv
                0x0000000000002dd0       0x1c /Users/AlexanderBouman/Desktop/GradSchool/RExLab/SimpleQuad/bin/../../../../../../../private/var/folders/83/qdzm9jqd6y9_836dffcxvy980000gn/T/arduino-core-cache/core_adafruit_samd_adafruit_feather_m0_f2beb47221a8863eb2ab3646c1696974.a(CDC.cpp.o)
                0x0000000000002dd0                Serial_::peek()
 .text._ZN7Serial_4readEv
                0x0000000000002dec       0x24 /Users/AlexanderBouman/Desktop/GradSchool/RExLab/SimpleQuad/bin/../../../../../../../private/var/folders/83/qdzm9jqd6y9_836dffcxvy980000gn/T/arduino-core-cache/core_adafruit_samd_adafruit_feather_m0_f2beb47221a8863eb2ab3646c1696974.a(CDC.cpp.o)
                0x0000000000002dec                Serial_::read()
 .text._Z16CDC_GetInterfacePh
                0x0000000000002e10       0x1c /Users/AlexanderBouman/Desktop/GradSchool/RExLab/SimpleQuad/bin/../../../../../../../private/var/folders/83/qdzm9jqd6y9_836dffcxvy980000gn/T/arduino-core-cache/core_adafruit_samd_adafruit_feather_m0_f2beb47221a8863eb2ab3646c1696974.a(CDC.cpp.o)
                0x0000000000002e10                CDC_GetInterface(unsigned char*)
 .text._Z9CDC_SetupR8USBSetup
                0x0000000000002e2c       0x7c /Users/AlexanderBouman/Desktop/GradSchool/RExLab/SimpleQuad/bin/../../../../../../../private/var/folders/83/qdzm9jqd6y9_836dffcxvy980000gn/T/arduino-core-cache/core_adafruit_samd_adafruit_feather_m0_f2beb47221a8863eb2ab3646c1696974.a(CDC.cpp.o)
                0x0000000000002e2c                CDC_Setup(USBSetup&)
 .text.startup._GLOBAL__sub_I__Z17_CDC_GetInterfacev
                0x0000000000002ea8       0x28 /Users/AlexanderBouman/Desktop/GradSchool/RExLab/SimpleQuad/bin/../../../../../../../private/var/folders/83/qdzm9jqd6y9_836dffcxvy980000gn/T/arduino-core-cache/core_adafruit_samd_adafruit_feather_m0_f2beb47221a8863eb2ab3646c1696974.a(CDC.cpp.o)
 .text._ZN26DoubleBufferedEPOutHandler4initEv
                0x0000000000002ed0        0x2 /Users/AlexanderBouman/Desktop/GradSchool/RExLab/SimpleQuad/bin/../../../../../../../private/var/folders/83/qdzm9jqd6y9_836dffcxvy980000gn/T/arduino-core-cache/core_adafruit_samd_adafruit_feather_m0_f2beb47221a8863eb2ab3646c1696974.a(USBCore.cpp.o)
                0x0000000000002ed0                DoubleBufferedEPOutHandler::init()
 .text._ZL5utox8mPc
                0x0000000000002ed2       0x26 /Users/AlexanderBouman/Desktop/GradSchool/RExLab/SimpleQuad/bin/../../../../../../../private/var/folders/83/qdzm9jqd6y9_836dffcxvy980000gn/T/arduino-core-cache/core_adafruit_samd_adafruit_feather_m0_f2beb47221a8863eb2ab3646c1696974.a(USBCore.cpp.o)
 .text._ZN26DoubleBufferedEPOutHandlerD2Ev
                0x0000000000002ef8       0x14 /Users/AlexanderBouman/Desktop/GradSchool/RExLab/SimpleQuad/bin/../../../../../../../private/var/folders/83/qdzm9jqd6y9_836dffcxvy980000gn/T/arduino-core-cache/core_adafruit_samd_adafruit_feather_m0_f2beb47221a8863eb2ab3646c1696974.a(USBCore.cpp.o)
                0x0000000000002ef8                DoubleBufferedEPOutHandler::~DoubleBufferedEPOutHandler()
                0x0000000000002ef8                DoubleBufferedEPOutHandler::~DoubleBufferedEPOutHandler()
 .text._ZN26DoubleBufferedEPOutHandlerD0Ev
                0x0000000000002f0c       0x12 /Users/AlexanderBouman/Desktop/GradSchool/RExLab/SimpleQuad/bin/../../../../../../../private/var/folders/83/qdzm9jqd6y9_836dffcxvy980000gn/T/arduino-core-cache/core_adafruit_samd_adafruit_feather_m0_f2beb47221a8863eb2ab3646c1696974.a(USBCore.cpp.o)
                0x0000000000002f0c                DoubleBufferedEPOutHandler::~DoubleBufferedEPOutHandler()
 *fill*         0x0000000000002f1e        0x2 
 .text._ZN14USBDeviceClass6initEPEmm.part.0
                0x0000000000002f20       0xe8 /Users/AlexanderBouman/Desktop/GradSchool/RExLab/SimpleQuad/bin/../../../../../../../private/var/folders/83/qdzm9jqd6y9_836dffcxvy980000gn/T/arduino-core-cache/core_adafruit_samd_adafruit_feather_m0_f2beb47221a8863eb2ab3646c1696974.a(USBCore.cpp.o)
 .text._ZN7__GuardC2Ev
                0x0000000000003008        0xe /Users/AlexanderBouman/Desktop/GradSchool/RExLab/SimpleQuad/bin/../../../../../../../private/var/folders/83/qdzm9jqd6y9_836dffcxvy980000gn/T/arduino-core-cache/core_adafruit_samd_adafruit_feather_m0_f2beb47221a8863eb2ab3646c1696974.a(USBCore.cpp.o)
                0x0000000000003008                __Guard::__Guard()
                0x0000000000003008                __Guard::__Guard()
 .text._ZN7__GuardD2Ev
                0x0000000000003016        0xe /Users/AlexanderBouman/Desktop/GradSchool/RExLab/SimpleQuad/bin/../../../../../../../private/var/folders/83/qdzm9jqd6y9_836dffcxvy980000gn/T/arduino-core-cache/core_adafruit_samd_adafruit_feather_m0_f2beb47221a8863eb2ab3646c1696974.a(USBCore.cpp.o)
                0x0000000000003016                __Guard::~__Guard()
                0x0000000000003016                __Guard::~__Guard()
 .text._ZNK26DoubleBufferedEPOutHandler9availableEv
                0x0000000000003024       0x5e /Users/AlexanderBouman/Desktop/GradSchool/RExLab/SimpleQuad/bin/../../../../../../../private/var/folders/83/qdzm9jqd6y9_836dffcxvy980000gn/T/arduino-core-cache/core_adafruit_samd_adafruit_feather_m0_f2beb47221a8863eb2ab3646c1696974.a(USBCore.cpp.o)
                0x0000000000003024                DoubleBufferedEPOutHandler::available() const
 *fill*         0x0000000000003082        0x2 
 .text._ZN26DoubleBufferedEPOutHandler7releaseEv
                0x0000000000003084       0x54 /Users/AlexanderBouman/Desktop/GradSchool/RExLab/SimpleQuad/bin/../../../../../../../private/var/folders/83/qdzm9jqd6y9_836dffcxvy980000gn/T/arduino-core-cache/core_adafruit_samd_adafruit_feather_m0_f2beb47221a8863eb2ab3646c1696974.a(USBCore.cpp.o)
                0x0000000000003084                DoubleBufferedEPOutHandler::release()
 .text._ZN26DoubleBufferedEPOutHandler4recvEPvm
                0x00000000000030d8      0x11a /Users/AlexanderBouman/Desktop/GradSchool/RExLab/SimpleQuad/bin/../../../../../../../private/var/folders/83/qdzm9jqd6y9_836dffcxvy980000gn/T/arduino-core-cache/core_adafruit_samd_adafruit_feather_m0_f2beb47221a8863eb2ab3646c1696974.a(USBCore.cpp.o)
                0x00000000000030d8                DoubleBufferedEPOutHandler::recv(void*, unsigned long)
 .text._ZN26DoubleBufferedEPOutHandler14handleEndpointEv
                0x00000000000031f2       0xc2 /Users/AlexanderBouman/Desktop/GradSchool/RExLab/SimpleQuad/bin/../../../../../../../private/var/folders/83/qdzm9jqd6y9_836dffcxvy980000gn/T/arduino-core-cache/core_adafruit_samd_adafruit_feather_m0_f2beb47221a8863eb2ab3646c1696974.a(USBCore.cpp.o)
                0x00000000000031f2                DoubleBufferedEPOutHandler::handleEndpoint()
 .text._ZN14USBDeviceClass14SendInterfacesEPm
                0x00000000000032b4       0x2e /Users/AlexanderBouman/Desktop/GradSchool/RExLab/SimpleQuad/bin/../../../../../../../private/var/folders/83/qdzm9jqd6y9_836dffcxvy980000gn/T/arduino-core-cache/core_adafruit_samd_adafruit_feather_m0_f2beb47221a8863eb2ab3646c1696974.a(USBCore.cpp.o)
                0x00000000000032b4                USBDeviceClass::SendInterfaces(unsigned long*)
 *fill*         0x00000000000032e2        0x2 
 .text._ZN14USBDeviceClass14handleEndpointEh
                0x00000000000032e4       0x44 /Users/AlexanderBouman/Desktop/GradSchool/RExLab/SimpleQuad/bin/../../../../../../../private/var/folders/83/qdzm9jqd6y9_836dffcxvy980000gn/T/arduino-core-cache/core_adafruit_samd_adafruit_feather_m0_f2beb47221a8863eb2ab3646c1696974.a(USBCore.cpp.o)
                0x00000000000032e4                USBDeviceClass::handleEndpoint(unsigned char)
 .text._ZN14USBDeviceClass4initEv
                0x0000000000003328       0xf0 /Users/AlexanderBouman/Desktop/GradSchool/RExLab/SimpleQuad/bin/../../../../../../../private/var/folders/83/qdzm9jqd6y9_836dffcxvy980000gn/T/arduino-core-cache/core_adafruit_samd_adafruit_feather_m0_f2beb47221a8863eb2ab3646c1696974.a(USBCore.cpp.o)
                0x0000000000003328                USBDeviceClass::init()
 .text._ZN14USBDeviceClass6attachEv
                0x0000000000003418       0x34 /Users/AlexanderBouman/Desktop/GradSchool/RExLab/SimpleQuad/bin/../../../../../../../private/var/folders/83/qdzm9jqd6y9_836dffcxvy980000gn/T/arduino-core-cache/core_adafruit_samd_adafruit_feather_m0_f2beb47221a8863eb2ab3646c1696974.a(USBCore.cpp.o)
                0x0000000000003418                USBDeviceClass::attach()
 .text._ZN14USBDeviceClass10setAddressEm
                0x000000000000344c       0x44 /Users/AlexanderBouman/Desktop/GradSchool/RExLab/SimpleQuad/bin/../../../../../../../private/var/folders/83/qdzm9jqd6y9_836dffcxvy980000gn/T/arduino-core-cache/core_adafruit_samd_adafruit_feather_m0_f2beb47221a8863eb2ab3646c1696974.a(USBCore.cpp.o)
                0x000000000000344c                USBDeviceClass::setAddress(unsigned long)
 .text._ZN14USBDeviceClass25handleClassInterfaceSetupER8USBSetup
                0x0000000000003490       0x44 /Users/AlexanderBouman/Desktop/GradSchool/RExLab/SimpleQuad/bin/../../../../../../../private/var/folders/83/qdzm9jqd6y9_836dffcxvy980000gn/T/arduino-core-cache/core_adafruit_samd_adafruit_feather_m0_f2beb47221a8863eb2ab3646c1696974.a(USBCore.cpp.o)
                0x0000000000003490                USBDeviceClass::handleClassInterfaceSetup(USBSetup&)
 .text._ZN14USBDeviceClass6initEPEmm
                0x00000000000034d4       0xec /Users/AlexanderBouman/Desktop/GradSchool/RExLab/SimpleQuad/bin/../../../../../../../private/var/folders/83/qdzm9jqd6y9_836dffcxvy980000gn/T/arduino-core-cache/core_adafruit_samd_adafruit_feather_m0_f2beb47221a8863eb2ab3646c1696974.a(USBCore.cpp.o)
                0x00000000000034d4                USBDeviceClass::initEP(unsigned long, unsigned long)
 .text._ZN14USBDeviceClass13initEndpointsEv
                0x00000000000035c0       0x24 /Users/AlexanderBouman/Desktop/GradSchool/RExLab/SimpleQuad/bin/../../../../../../../private/var/folders/83/qdzm9jqd6y9_836dffcxvy980000gn/T/arduino-core-cache/core_adafruit_samd_adafruit_feather_m0_f2beb47221a8863eb2ab3646c1696974.a(USBCore.cpp.o)
                0x00000000000035c0                USBDeviceClass::initEndpoints()
 .text._ZN14USBDeviceClass9availableEm
                0x00000000000035e4       0x2c /Users/AlexanderBouman/Desktop/GradSchool/RExLab/SimpleQuad/bin/../../../../../../../private/var/folders/83/qdzm9jqd6y9_836dffcxvy980000gn/T/arduino-core-cache/core_adafruit_samd_adafruit_feather_m0_f2beb47221a8863eb2ab3646c1696974.a(USBCore.cpp.o)
                0x00000000000035e4                USBDeviceClass::available(unsigned long)
 .text._ZN14USBDeviceClass5flushEm
                0x0000000000003610       0x2c /Users/AlexanderBouman/Desktop/GradSchool/RExLab/SimpleQuad/bin/../../../../../../../private/var/folders/83/qdzm9jqd6y9_836dffcxvy980000gn/T/arduino-core-cache/core_adafruit_samd_adafruit_feather_m0_f2beb47221a8863eb2ab3646c1696974.a(USBCore.cpp.o)
                0x0000000000003610                USBDeviceClass::flush(unsigned long)
 .text._ZN14USBDeviceClass14armRecvCtrlOUTEm
                0x000000000000363c       0x5c /Users/AlexanderBouman/Desktop/GradSchool/RExLab/SimpleQuad/bin/../../../../../../../private/var/folders/83/qdzm9jqd6y9_836dffcxvy980000gn/T/arduino-core-cache/core_adafruit_samd_adafruit_feather_m0_f2beb47221a8863eb2ab3646c1696974.a(USBCore.cpp.o)
                0x000000000000363c                USBDeviceClass::armRecvCtrlOUT(unsigned long)
 .text._ZN14USBDeviceClass11recvControlEPvm
                0x0000000000003698       0x3c /Users/AlexanderBouman/Desktop/GradSchool/RExLab/SimpleQuad/bin/../../../../../../../private/var/folders/83/qdzm9jqd6y9_836dffcxvy980000gn/T/arduino-core-cache/core_adafruit_samd_adafruit_feather_m0_f2beb47221a8863eb2ab3646c1696974.a(USBCore.cpp.o)
                0x0000000000003698                USBDeviceClass::recvControl(void*, unsigned long)
 .text._ZN14USBDeviceClass7armRecvEm
                0x00000000000036d4       0x38 /Users/AlexanderBouman/Desktop/GradSchool/RExLab/SimpleQuad/bin/../../../../../../../private/var/folders/83/qdzm9jqd6y9_836dffcxvy980000gn/T/arduino-core-cache/core_adafruit_samd_adafruit_feather_m0_f2beb47221a8863eb2ab3646c1696974.a(USBCore.cpp.o)
                0x00000000000036d4                USBDeviceClass::armRecv(unsigned long)
 .text._ZN14USBDeviceClass4recvEmPvm
                0x000000000000370c       0xd8 /Users/AlexanderBouman/Desktop/GradSchool/RExLab/SimpleQuad/bin/../../../../../../../private/var/folders/83/qdzm9jqd6y9_836dffcxvy980000gn/T/arduino-core-cache/core_adafruit_samd_adafruit_feather_m0_f2beb47221a8863eb2ab3646c1696974.a(USBCore.cpp.o)
                0x000000000000370c                USBDeviceClass::recv(unsigned long, void*, unsigned long)
 .text._ZN14USBDeviceClass4recvEm
                0x00000000000037e4       0x1c /Users/AlexanderBouman/Desktop/GradSchool/RExLab/SimpleQuad/bin/../../../../../../../private/var/folders/83/qdzm9jqd6y9_836dffcxvy980000gn/T/arduino-core-cache/core_adafruit_samd_adafruit_feather_m0_f2beb47221a8863eb2ab3646c1696974.a(USBCore.cpp.o)
                0x00000000000037e4                USBDeviceClass::recv(unsigned long)
 .text._ZN14USBDeviceClass4sendEmPKvm
                0x0000000000003800      0x110 /Users/AlexanderBouman/Desktop/GradSchool/RExLab/SimpleQuad/bin/../../../../../../../private/var/folders/83/qdzm9jqd6y9_836dffcxvy980000gn/T/arduino-core-cache/core_adafruit_samd_adafruit_feather_m0_f2beb47221a8863eb2ab3646c1696974.a(USBCore.cpp.o)
                0x0000000000003800                USBDeviceClass::send(unsigned long, void const*, unsigned long)
 .text._ZN14USBDeviceClass7armSendEmPKvm
                0x0000000000003910       0x48 /Users/AlexanderBouman/Desktop/GradSchool/RExLab/SimpleQuad/bin/../../../../../../../private/var/folders/83/qdzm9jqd6y9_836dffcxvy980000gn/T/arduino-core-cache/core_adafruit_samd_adafruit_feather_m0_f2beb47221a8863eb2ab3646c1696974.a(USBCore.cpp.o)
                0x0000000000003910                USBDeviceClass::armSend(unsigned long, void const*, unsigned long)
 .text._ZN14USBDeviceClass11sendControlEPKvm
                0x0000000000003958       0x54 /Users/AlexanderBouman/Desktop/GradSchool/RExLab/SimpleQuad/bin/../../../../../../../private/var/folders/83/qdzm9jqd6y9_836dffcxvy980000gn/T/arduino-core-cache/core_adafruit_samd_adafruit_feather_m0_f2beb47221a8863eb2ab3646c1696974.a(USBCore.cpp.o)
                0x0000000000003958                USBDeviceClass::sendControl(void const*, unsigned long)
 .text._ZN14USBDeviceClass20sendStringDescriptorEPKhh
                0x00000000000039ac       0x68 /Users/AlexanderBouman/Desktop/GradSchool/RExLab/SimpleQuad/bin/../../../../../../../private/var/folders/83/qdzm9jqd6y9_836dffcxvy980000gn/T/arduino-core-cache/core_adafruit_samd_adafruit_feather_m0_f2beb47221a8863eb2ab3646c1696974.a(USBCore.cpp.o)
                0x00000000000039ac                USBDeviceClass::sendStringDescriptor(unsigned char const*, unsigned char)
 .text._ZN14USBDeviceClass17sendConfigurationEm
                0x0000000000003a14       0x80 /Users/AlexanderBouman/Desktop/GradSchool/RExLab/SimpleQuad/bin/../../../../../../../private/var/folders/83/qdzm9jqd6y9_836dffcxvy980000gn/T/arduino-core-cache/core_adafruit_samd_adafruit_feather_m0_f2beb47221a8863eb2ab3646c1696974.a(USBCore.cpp.o)
                0x0000000000003a14                USBDeviceClass::sendConfiguration(unsigned long)
 .text._ZN14USBDeviceClass14sendDescriptorER8USBSetup
                0x0000000000003a94       0xe4 /Users/AlexanderBouman/Desktop/GradSchool/RExLab/SimpleQuad/bin/../../../../../../../private/var/folders/83/qdzm9jqd6y9_836dffcxvy980000gn/T/arduino-core-cache/core_adafruit_samd_adafruit_feather_m0_f2beb47221a8863eb2ab3646c1696974.a(USBCore.cpp.o)
                0x0000000000003a94                USBDeviceClass::sendDescriptor(USBSetup&)
 .text._ZN14USBDeviceClass19handleStandardSetupER8USBSetup
                0x0000000000003b78      0x118 /Users/AlexanderBouman/Desktop/GradSchool/RExLab/SimpleQuad/bin/../../../../../../../private/var/folders/83/qdzm9jqd6y9_836dffcxvy980000gn/T/arduino-core-cache/core_adafruit_samd_adafruit_feather_m0_f2beb47221a8863eb2ab3646c1696974.a(USBCore.cpp.o)
                0x0000000000003b78                USBDeviceClass::handleStandardSetup(USBSetup&)
 .text._ZN14USBDeviceClass10ISRHandlerEv
                0x0000000000003c90      0x150 /Users/AlexanderBouman/Desktop/GradSchool/RExLab/SimpleQuad/bin/../../../../../../../private/var/folders/83/qdzm9jqd6y9_836dffcxvy980000gn/T/arduino-core-cache/core_adafruit_samd_adafruit_feather_m0_f2beb47221a8863eb2ab3646c1696974.a(USBCore.cpp.o)
                0x0000000000003c90                USBDeviceClass::ISRHandler()
 .text.UDD_Handler
                0x0000000000003de0       0x10 /Users/AlexanderBouman/Desktop/GradSchool/RExLab/SimpleQuad/bin/../../../../../../../private/var/folders/83/qdzm9jqd6y9_836dffcxvy980000gn/T/arduino-core-cache/core_adafruit_samd_adafruit_feather_m0_f2beb47221a8863eb2ab3646c1696974.a(USBCore.cpp.o)
                0x0000000000003de0                UDD_Handler
 .text.startup._GLOBAL__sub_I_usbd
                0x0000000000003df0       0x10 /Users/AlexanderBouman/Desktop/GradSchool/RExLab/SimpleQuad/bin/../../../../../../../private/var/folders/83/qdzm9jqd6y9_836dffcxvy980000gn/T/arduino-core-cache/core_adafruit_samd_adafruit_feather_m0_f2beb47221a8863eb2ab3646c1696974.a(USBCore.cpp.o)
 .text._ZN4UartcvbEv
                0x0000000000003e00        0x4 /Users/AlexanderBouman/Desktop/GradSchool/RExLab/SimpleQuad/bin/../../../../../../../private/var/folders/83/qdzm9jqd6y9_836dffcxvy980000gn/T/arduino-core-cache/core_adafruit_samd_adafruit_feather_m0_f2beb47221a8863eb2ab3646c1696974.a(Uart.cpp.o)
                0x0000000000003e00                Uart::operator bool()
 .text._ZN4Uart5beginEm
                0x0000000000003e04       0x10 /Users/AlexanderBouman/Desktop/GradSchool/RExLab/SimpleQuad/bin/../../../../../../../private/var/folders/83/qdzm9jqd6y9_836dffcxvy980000gn/T/arduino-core-cache/core_adafruit_samd_adafruit_feather_m0_f2beb47221a8863eb2ab3646c1696974.a(Uart.cpp.o)
                0x0000000000003e04                Uart::begin(unsigned long)
 .text._ZN4Uart4peekEv
                0x0000000000003e14       0x1a /Users/AlexanderBouman/Desktop/GradSchool/RExLab/SimpleQuad/bin/../../../../../../../private/var/folders/83/qdzm9jqd6y9_836dffcxvy980000gn/T/arduino-core-cache/core_adafruit_samd_adafruit_feather_m0_f2beb47221a8863eb2ab3646c1696974.a(Uart.cpp.o)
                0x0000000000003e14                Uart::peek()
 .text._ZN4Uart3endEv
                0x0000000000003e2e       0x20 /Users/AlexanderBouman/Desktop/GradSchool/RExLab/SimpleQuad/bin/../../../../../../../private/var/folders/83/qdzm9jqd6y9_836dffcxvy980000gn/T/arduino-core-cache/core_adafruit_samd_adafruit_feather_m0_f2beb47221a8863eb2ab3646c1696974.a(Uart.cpp.o)
                0x0000000000003e2e                Uart::end()
 .text._ZN4Uart15extractCharSizeEt
                0x0000000000003e4e       0x28 /Users/AlexanderBouman/Desktop/GradSchool/RExLab/SimpleQuad/bin/../../../../../../../private/var/folders/83/qdzm9jqd6y9_836dffcxvy980000gn/T/arduino-core-cache/core_adafruit_samd_adafruit_feather_m0_f2beb47221a8863eb2ab3646c1696974.a(Uart.cpp.o)
                0x0000000000003e4e                Uart::extractCharSize(unsigned short)
 .text._ZN4Uart13extractParityEt
                0x0000000000003e76       0x14 /Users/AlexanderBouman/Desktop/GradSchool/RExLab/SimpleQuad/bin/../../../../../../../private/var/folders/83/qdzm9jqd6y9_836dffcxvy980000gn/T/arduino-core-cache/core_adafruit_samd_adafruit_feather_m0_f2beb47221a8863eb2ab3646c1696974.a(Uart.cpp.o)
                0x0000000000003e76                Uart::extractParity(unsigned short)
 *fill*         0x0000000000003e8a        0x2 
 .text._ZN4Uart5beginEmt
                0x0000000000003e8c       0xf8 /Users/AlexanderBouman/Desktop/GradSchool/RExLab/SimpleQuad/bin/../../../../../../../private/var/folders/83/qdzm9jqd6y9_836dffcxvy980000gn/T/arduino-core-cache/core_adafruit_samd_adafruit_feather_m0_f2beb47221a8863eb2ab3646c1696974.a(Uart.cpp.o)
                0x0000000000003e8c                Uart::begin(unsigned long, unsigned short)
 .text._ZN11RingBufferNILi350EEC2Ev
                0x0000000000003f84       0x1c /Users/AlexanderBouman/Desktop/GradSchool/RExLab/SimpleQuad/bin/../../../../../../../private/var/folders/83/qdzm9jqd6y9_836dffcxvy980000gn/T/arduino-core-cache/core_adafruit_samd_adafruit_feather_m0_f2beb47221a8863eb2ab3646c1696974.a(Uart.cpp.o)
                0x0000000000003f84                RingBufferN<350>::RingBufferN()
                0x0000000000003f84                RingBufferN<350>::RingBufferN()
 .text._ZN4UartC2EP6SERCOMhh11SercomRXPad15SercomUartTXPad
                0x0000000000003fa0       0x70 /Users/AlexanderBouman/Desktop/GradSchool/RExLab/SimpleQuad/bin/../../../../../../../private/var/folders/83/qdzm9jqd6y9_836dffcxvy980000gn/T/arduino-core-cache/core_adafruit_samd_adafruit_feather_m0_f2beb47221a8863eb2ab3646c1696974.a(Uart.cpp.o)
                0x0000000000003fa0                Uart::Uart(SERCOM*, unsigned char, unsigned char, SercomRXPad, SercomUartTXPad)
                0x0000000000003fa0                Uart::Uart(SERCOM*, unsigned char, unsigned char, SercomRXPad, SercomUartTXPad)
 .text._ZN11RingBufferNILi350EE9availableEv
                0x0000000000004010       0x12 /Users/AlexanderBouman/Desktop/GradSchool/RExLab/SimpleQuad/bin/../../../../../../../private/var/folders/83/qdzm9jqd6y9_836dffcxvy980000gn/T/arduino-core-cache/core_adafruit_samd_adafruit_feather_m0_f2beb47221a8863eb2ab3646c1696974.a(Uart.cpp.o)
                0x0000000000004010                RingBufferN<350>::available()
 .text._ZN4Uart5flushEv
                0x0000000000004022       0x1a /Users/AlexanderBouman/Desktop/GradSchool/RExLab/SimpleQuad/bin/../../../../../../../private/var/folders/83/qdzm9jqd6y9_836dffcxvy980000gn/T/arduino-core-cache/core_adafruit_samd_adafruit_feather_m0_f2beb47221a8863eb2ab3646c1696974.a(Uart.cpp.o)
                0x0000000000004022                Uart::flush()
 .text._ZN4Uart9availableEv
                0x000000000000403c        0xa /Users/AlexanderBouman/Desktop/GradSchool/RExLab/SimpleQuad/bin/../../../../../../../private/var/folders/83/qdzm9jqd6y9_836dffcxvy980000gn/T/arduino-core-cache/core_adafruit_samd_adafruit_feather_m0_f2beb47221a8863eb2ab3646c1696974.a(Uart.cpp.o)
                0x000000000000403c                Uart::available()
 .text._ZN11RingBufferNILi350EE17availableForStoreEv
                0x0000000000004046       0x22 /Users/AlexanderBouman/Desktop/GradSchool/RExLab/SimpleQuad/bin/../../../../../../../private/var/folders/83/qdzm9jqd6y9_836dffcxvy980000gn/T/arduino-core-cache/core_adafruit_samd_adafruit_feather_m0_f2beb47221a8863eb2ab3646c1696974.a(Uart.cpp.o)
                0x0000000000004046                RingBufferN<350>::availableForStore()
 .text._ZN4Uart17availableForWriteEv
                0x0000000000004068        0xc /Users/AlexanderBouman/Desktop/GradSchool/RExLab/SimpleQuad/bin/../../../../../../../private/var/folders/83/qdzm9jqd6y9_836dffcxvy980000gn/T/arduino-core-cache/core_adafruit_samd_adafruit_feather_m0_f2beb47221a8863eb2ab3646c1696974.a(Uart.cpp.o)
                0x0000000000004068                Uart::availableForWrite()
 .text._ZN4Uart10IrqHandlerEv
                0x0000000000004074       0xda /Users/AlexanderBouman/Desktop/GradSchool/RExLab/SimpleQuad/bin/../../../../../../../private/var/folders/83/qdzm9jqd6y9_836dffcxvy980000gn/T/arduino-core-cache/core_adafruit_samd_adafruit_feather_m0_f2beb47221a8863eb2ab3646c1696974.a(Uart.cpp.o)
                0x0000000000004074                Uart::IrqHandler()
 *fill*         0x000000000000414e        0x2 
 .text._ZN4Uart5writeEh
                0x0000000000004150       0xc4 /Users/AlexanderBouman/Desktop/GradSchool/RExLab/SimpleQuad/bin/../../../../../../../private/var/folders/83/qdzm9jqd6y9_836dffcxvy980000gn/T/arduino-core-cache/core_adafruit_samd_adafruit_feather_m0_f2beb47221a8863eb2ab3646c1696974.a(Uart.cpp.o)
                0x0000000000004150                Uart::write(unsigned char)
 .text._ZN4Uart4readEv
                0x0000000000004214       0x52 /Users/AlexanderBouman/Desktop/GradSchool/RExLab/SimpleQuad/bin/../../../../../../../private/var/folders/83/qdzm9jqd6y9_836dffcxvy980000gn/T/arduino-core-cache/core_adafruit_samd_adafruit_feather_m0_f2beb47221a8863eb2ab3646c1696974.a(Uart.cpp.o)
                0x0000000000004214                Uart::read()
 .text._Z11initVariantv
                0x0000000000004266        0x2 /Users/AlexanderBouman/Desktop/GradSchool/RExLab/SimpleQuad/bin/../../../../../../../private/var/folders/83/qdzm9jqd6y9_836dffcxvy980000gn/T/arduino-core-cache/core_adafruit_samd_adafruit_feather_m0_f2beb47221a8863eb2ab3646c1696974.a(main.cpp.o)
                0x0000000000004266                initVariant()
 .text.startup.main
                0x0000000000004268       0x44 /Users/AlexanderBouman/Desktop/GradSchool/RExLab/SimpleQuad/bin/../../../../../../../private/var/folders/83/qdzm9jqd6y9_836dffcxvy980000gn/T/arduino-core-cache/core_adafruit_samd_adafruit_feather_m0_f2beb47221a8863eb2ab3646c1696974.a(main.cpp.o)
                0x0000000000004268                main
 .text._Znwj    0x00000000000042ac        0x8 /Users/AlexanderBouman/Desktop/GradSchool/RExLab/SimpleQuad/bin/../../../../../../../private/var/folders/83/qdzm9jqd6y9_836dffcxvy980000gn/T/arduino-core-cache/core_adafruit_samd_adafruit_feather_m0_f2beb47221a8863eb2ab3646c1696974.a(new.cpp.o)
                0x00000000000042ac                operator new(unsigned int)
 .text._ZdlPv   0x00000000000042b4        0x8 /Users/AlexanderBouman/Desktop/GradSchool/RExLab/SimpleQuad/bin/../../../../../../../private/var/folders/83/qdzm9jqd6y9_836dffcxvy980000gn/T/arduino-core-cache/core_adafruit_samd_adafruit_feather_m0_f2beb47221a8863eb2ab3646c1696974.a(new.cpp.o)
                0x00000000000042b4                operator delete(void*)
 .text._ZN13PluggableUSB_12getInterfaceEPh
                0x00000000000042bc       0x28 /Users/AlexanderBouman/Desktop/GradSchool/RExLab/SimpleQuad/bin/../../../../../../../private/var/folders/83/qdzm9jqd6y9_836dffcxvy980000gn/T/arduino-core-cache/core_adafruit_samd_adafruit_feather_m0_f2beb47221a8863eb2ab3646c1696974.a(PluggableUSB.cpp.o)
                0x00000000000042bc                PluggableUSB_::getInterface(unsigned char*)
 .text._ZN13PluggableUSB_13getDescriptorER8USBSetup
                0x00000000000042e4       0x20 /Users/AlexanderBouman/Desktop/GradSchool/RExLab/SimpleQuad/bin/../../../../../../../private/var/folders/83/qdzm9jqd6y9_836dffcxvy980000gn/T/arduino-core-cache/core_adafruit_samd_adafruit_feather_m0_f2beb47221a8863eb2ab3646c1696974.a(PluggableUSB.cpp.o)
                0x00000000000042e4                PluggableUSB_::getDescriptor(USBSetup&)
 .text._ZN13PluggableUSB_5setupER8USBSetup
                0x0000000000004304       0x20 /Users/AlexanderBouman/Desktop/GradSchool/RExLab/SimpleQuad/bin/../../../../../../../private/var/folders/83/qdzm9jqd6y9_836dffcxvy980000gn/T/arduino-core-cache/core_adafruit_samd_adafruit_feather_m0_f2beb47221a8863eb2ab3646c1696974.a(PluggableUSB.cpp.o)
                0x0000000000004304                PluggableUSB_::setup(USBSetup&)
 .text._Z12PluggableUSBv
                0x0000000000004324       0x28 /Users/AlexanderBouman/Desktop/GradSchool/RExLab/SimpleQuad/bin/../../../../../../../private/var/folders/83/qdzm9jqd6y9_836dffcxvy980000gn/T/arduino-core-cache/core_adafruit_samd_adafruit_feather_m0_f2beb47221a8863eb2ab3646c1696974.a(PluggableUSB.cpp.o)
                0x0000000000004324                PluggableUSB()
 .text._ZN20USBDevice_SAMD21G18x5resetEv
                0x000000000000434c       0x2a /Users/AlexanderBouman/Desktop/GradSchool/RExLab/SimpleQuad/bin/../../../../../../../private/var/folders/83/qdzm9jqd6y9_836dffcxvy980000gn/T/arduino-core-cache/core_adafruit_samd_adafruit_feather_m0_f2beb47221a8863eb2ab3646c1696974.a(SAMD21_USBDevice.cpp.o)
                0x000000000000434c                USBDevice_SAMD21G18x::reset()
 *fill*         0x0000000000004376        0x2 
 .text._ZN20USBDevice_SAMD21G18x9calibrateEv
                0x0000000000004378       0x60 /Users/AlexanderBouman/Desktop/GradSchool/RExLab/SimpleQuad/bin/../../../../../../../private/var/folders/83/qdzm9jqd6y9_836dffcxvy980000gn/T/arduino-core-cache/core_adafruit_samd_adafruit_feather_m0_f2beb47221a8863eb2ab3646c1696974.a(SAMD21_USBDevice.cpp.o)
                0x0000000000004378                USBDevice_SAMD21G18x::calibrate()
 .text          0x00000000000043d8       0x14 /Users/alexanderbouman/Library/Arduino15/packages/adafruit/tools/arm-none-eabi-gcc/9-2019q4/bin/../lib/gcc/arm-none-eabi/9.2.1/thumb/v6-m/nofp/libgcc.a(_thumb1_case_uqi.o)
                0x00000000000043d8                __gnu_thumb1_case_uqi
 .text          0x00000000000043ec      0x114 /Users/alexanderbouman/Library/Arduino15/packages/adafruit/tools/arm-none-eabi-gcc/9-2019q4/bin/../lib/gcc/arm-none-eabi/9.2.1/thumb/v6-m/nofp/libgcc.a(_udivsi3.o)
                0x00000000000043ec                __udivsi3
                0x00000000000043ec                __aeabi_uidiv
                0x00000000000044f8                __aeabi_uidivmod
 .text          0x0000000000004500        0x4 /Users/alexanderbouman/Library/Arduino15/packages/adafruit/tools/arm-none-eabi-gcc/9-2019q4/bin/../lib/gcc/arm-none-eabi/9.2.1/thumb/v6-m/nofp/libgcc.a(_dvmd_tls.o)
                0x0000000000004500                __aeabi_ldiv0
                0x0000000000004500                __aeabi_idiv0
 .text.__libc_init_array
                0x0000000000004504       0x48 /Users/alexanderbouman/Library/Arduino15/packages/adafruit/tools/arm-none-eabi-gcc/9-2019q4/bin/../lib/gcc/arm-none-eabi/9.2.1/../../../../arm-none-eabi/lib/thumb/v6-m/nofp/libc_nano.a(lib_a-init.o)
                0x0000000000004504                __libc_init_array
 .text.malloc   0x000000000000454c       0x14 /Users/alexanderbouman/Library/Arduino15/packages/adafruit/tools/arm-none-eabi-gcc/9-2019q4/bin/../lib/gcc/arm-none-eabi/9.2.1/../../../../arm-none-eabi/lib/thumb/v6-m/nofp/libc_nano.a(lib_a-malloc.o)
                0x000000000000454c                malloc
 .text.free     0x0000000000004560       0x14 /Users/alexanderbouman/Library/Arduino15/packages/adafruit/tools/arm-none-eabi-gcc/9-2019q4/bin/../lib/gcc/arm-none-eabi/9.2.1/../../../../arm-none-eabi/lib/thumb/v6-m/nofp/libc_nano.a(lib_a-malloc.o)
                0x0000000000004560                free
 .text.memcpy   0x0000000000004574       0x12 /Users/alexanderbouman/Library/Arduino15/packages/adafruit/tools/arm-none-eabi-gcc/9-2019q4/bin/../lib/gcc/arm-none-eabi/9.2.1/../../../../arm-none-eabi/lib/thumb/v6-m/nofp/libc_nano.a(lib_a-memcpy-stub.o)
                0x0000000000004574                memcpy
 .text.memset   0x0000000000004586       0x10 /Users/alexanderbouman/Library/Arduino15/packages/adafruit/tools/arm-none-eabi-gcc/9-2019q4/bin/../lib/gcc/arm-none-eabi/9.2.1/../../../../arm-none-eabi/lib/thumb/v6-m/nofp/libc_nano.a(lib_a-memset.o)
                0x0000000000004586                memset
 *fill*         0x0000000000004596        0x2 
 .text._free_r  0x0000000000004598       0x94 /Users/alexanderbouman/Library/Arduino15/packages/adafruit/tools/arm-none-eabi-gcc/9-2019q4/bin/../lib/gcc/arm-none-eabi/9.2.1/../../../../arm-none-eabi/lib/thumb/v6-m/nofp/libc_nano.a(lib_a-nano-freer.o)
                0x0000000000004598                _free_r
 .text._malloc_r
                0x000000000000462c       0xbc /Users/alexanderbouman/Library/Arduino15/packages/adafruit/tools/arm-none-eabi-gcc/9-2019q4/bin/../lib/gcc/arm-none-eabi/9.2.1/../../../../arm-none-eabi/lib/thumb/v6-m/nofp/libc_nano.a(lib_a-nano-mallocr.o)
                0x000000000000462c                _malloc_r
 .text._sbrk_r  0x00000000000046e8       0x24 /Users/alexanderbouman/Library/Arduino15/packages/adafruit/tools/arm-none-eabi-gcc/9-2019q4/bin/../lib/gcc/arm-none-eabi/9.2.1/../../../../arm-none-eabi/lib/thumb/v6-m/nofp/libc_nano.a(lib_a-sbrkr.o)
                0x00000000000046e8                _sbrk_r
 .text          0x000000000000470c        0xe /Users/alexanderbouman/Library/Arduino15/packages/adafruit/tools/arm-none-eabi-gcc/9-2019q4/bin/../lib/gcc/arm-none-eabi/9.2.1/../../../../arm-none-eabi/lib/thumb/v6-m/nofp/libc_nano.a(lib_a-strlen.o)
                0x000000000000470c                strlen
 *fill*         0x000000000000471a        0x2 
 .text.__malloc_lock
                0x000000000000471c       0x10 /Users/alexanderbouman/Library/Arduino15/packages/adafruit/tools/arm-none-eabi-gcc/9-2019q4/bin/../lib/gcc/arm-none-eabi/9.2.1/../../../../arm-none-eabi/lib/thumb/v6-m/nofp/libc_nano.a(lib_a-mlock.o)
                0x000000000000471c                __malloc_lock
 .text.__malloc_unlock
                0x000000000000472c       0x10 /Users/alexanderbouman/Library/Arduino15/packages/adafruit/tools/arm-none-eabi-gcc/9-2019q4/bin/../lib/gcc/arm-none-eabi/9.2.1/../../../../arm-none-eabi/lib/thumb/v6-m/nofp/libc_nano.a(lib_a-mlock.o)
                0x000000000000472c                __malloc_unlock
 .text.__retarget_lock_acquire_recursive
                0x000000000000473c        0x2 /Users/alexanderbouman/Library/Arduino15/packages/adafruit/tools/arm-none-eabi-gcc/9-2019q4/bin/../lib/gcc/arm-none-eabi/9.2.1/../../../../arm-none-eabi/lib/thumb/v6-m/nofp/libc_nano.a(lib_a-lock.o)
                0x000000000000473c                __retarget_lock_acquire_recursive
 .text.__retarget_lock_release_recursive
                0x000000000000473e        0x2 /Users/alexanderbouman/Library/Arduino15/packages/adafruit/tools/arm-none-eabi-gcc/9-2019q4/bin/../lib/gcc/arm-none-eabi/9.2.1/../../../../arm-none-eabi/lib/thumb/v6-m/nofp/libc_nano.a(lib_a-lock.o)
                0x000000000000473e                __retarget_lock_release_recursive
 .text._sbrk    0x0000000000004740       0x1c /Users/alexanderbouman/Library/Arduino15/packages/adafruit/tools/arm-none-eabi-gcc/9-2019q4/bin/../lib/gcc/arm-none-eabi/9.2.1/../../../../arm-none-eabi/lib/thumb/v6-m/nofp/libnosys.a(sbrk.o)
                0x0000000000004740                _sbrk
 *(.init)
 .init          0x000000000000475c        0x4 /Users/alexanderbouman/Library/Arduino15/packages/adafruit/tools/arm-none-eabi-gcc/9-2019q4/bin/../lib/gcc/arm-none-eabi/9.2.1/thumb/v6-m/nofp/crti.o
                0x000000000000475c                _init
 .init          0x0000000000004760        0x8 /Users/alexanderbouman/Library/Arduino15/packages/adafruit/tools/arm-none-eabi-gcc/9-2019q4/bin/../lib/gcc/arm-none-eabi/9.2.1/thumb/v6-m/nofp/crtn.o
 *(.fini)
 .fini          0x0000000000004768        0x4 /Users/alexanderbouman/Library/Arduino15/packages/adafruit/tools/arm-none-eabi-gcc/9-2019q4/bin/../lib/gcc/arm-none-eabi/9.2.1/thumb/v6-m/nofp/crti.o
                0x0000000000004768                _fini
 .fini          0x000000000000476c        0x8 /Users/alexanderbouman/Library/Arduino15/packages/adafruit/tools/arm-none-eabi-gcc/9-2019q4/bin/../lib/gcc/arm-none-eabi/9.2.1/thumb/v6-m/nofp/crtn.o
 *crtbegin.o(.ctors)
 *crtbegin?.o(.ctors)
 *(EXCLUDE_FILE(*crtend.o *crtend?.o) .ctors)
 *(SORT_BY_NAME(.ctors.*))
 *(.ctors)
 *crtbegin.o(.dtors)
 *crtbegin?.o(.dtors)
 *(EXCLUDE_FILE(*crtend.o *crtend?.o) .dtors)
 *(SORT_BY_NAME(.dtors.*))
 *(.dtors)
 *(.rodata*)
 .rodata._ZTV7TwoWire
                0x0000000000004774       0x24 /Users/AlexanderBouman/Desktop/GradSchool/RExLab/SimpleQuad/bin/libraries/Wire/Wire.cpp.o
                0x0000000000004774                vtable for TwoWire
 .rodata.g_APinDescription
                0x0000000000004798      0x450 /Users/AlexanderBouman/Desktop/GradSchool/RExLab/SimpleQuad/bin/core/variant.cpp.o
                0x0000000000004798                g_APinDescription
 .rodata._ZL10sercomData
                0x0000000000004be8       0x30 /Users/AlexanderBouman/Desktop/GradSchool/RExLab/SimpleQuad/bin/../../../../../../../private/var/folders/83/qdzm9jqd6y9_836dffcxvy980000gn/T/arduino-core-cache/core_adafruit_samd_adafruit_feather_m0_f2beb47221a8863eb2ab3646c1696974.a(SERCOM.cpp.o)
 .rodata._ZTV7Serial_
                0x0000000000004c18       0x24 /Users/AlexanderBouman/Desktop/GradSchool/RExLab/SimpleQuad/bin/../../../../../../../private/var/folders/83/qdzm9jqd6y9_836dffcxvy980000gn/T/arduino-core-cache/core_adafruit_samd_adafruit_feather_m0_f2beb47221a8863eb2ab3646c1696974.a(CDC.cpp.o)
                0x0000000000004c18                vtable for Serial_
 .rodata._ZN14USBDeviceClass19handleStandardSetupER8USBSetup.str1.1
                0x0000000000004c3c        0x1 /Users/AlexanderBouman/Desktop/GradSchool/RExLab/SimpleQuad/bin/../../../../../../../private/var/folders/83/qdzm9jqd6y9_836dffcxvy980000gn/T/arduino-core-cache/core_adafruit_samd_adafruit_feather_m0_f2beb47221a8863eb2ab3646c1696974.a(USBCore.cpp.o)
 *fill*         0x0000000000004c3d        0x3 
 .rodata._ZTV26DoubleBufferedEPOutHandler
                0x0000000000004c40       0x20 /Users/AlexanderBouman/Desktop/GradSchool/RExLab/SimpleQuad/bin/../../../../../../../private/var/folders/83/qdzm9jqd6y9_836dffcxvy980000gn/T/arduino-core-cache/core_adafruit_samd_adafruit_feather_m0_f2beb47221a8863eb2ab3646c1696974.a(USBCore.cpp.o)
                0x0000000000004c40                vtable for DoubleBufferedEPOutHandler
 .rodata._ZL14STRING_PRODUCT
                0x0000000000004c60        0xb /Users/AlexanderBouman/Desktop/GradSchool/RExLab/SimpleQuad/bin/../../../../../../../private/var/folders/83/qdzm9jqd6y9_836dffcxvy980000gn/T/arduino-core-cache/core_adafruit_samd_adafruit_feather_m0_f2beb47221a8863eb2ab3646c1696974.a(USBCore.cpp.o)
 *fill*         0x0000000000004c6b        0x1 
 .rodata._ZL15STRING_LANGUAGE
                0x0000000000004c6c        0x4 /Users/AlexanderBouman/Desktop/GradSchool/RExLab/SimpleQuad/bin/../../../../../../../private/var/folders/83/qdzm9jqd6y9_836dffcxvy980000gn/T/arduino-core-cache/core_adafruit_samd_adafruit_feather_m0_f2beb47221a8863eb2ab3646c1696974.a(USBCore.cpp.o)
 .rodata._ZL19STRING_MANUFACTURER
                0x0000000000004c70        0x9 /Users/AlexanderBouman/Desktop/GradSchool/RExLab/SimpleQuad/bin/../../../../../../../private/var/folders/83/qdzm9jqd6y9_836dffcxvy980000gn/T/arduino-core-cache/core_adafruit_samd_adafruit_feather_m0_f2beb47221a8863eb2ab3646c1696974.a(USBCore.cpp.o)
 .rodata._ZL21USB_DeviceDescriptorB
                0x0000000000004c79       0x12 /Users/AlexanderBouman/Desktop/GradSchool/RExLab/SimpleQuad/bin/../../../../../../../private/var/folders/83/qdzm9jqd6y9_836dffcxvy980000gn/T/arduino-core-cache/core_adafruit_samd_adafruit_feather_m0_f2beb47221a8863eb2ab3646c1696974.a(USBCore.cpp.o)
 *fill*         0x0000000000004c8b        0x1 
 .rodata._ZTV4Uart
                0x0000000000004c8c       0x34 /Users/AlexanderBouman/Desktop/GradSchool/RExLab/SimpleQuad/bin/../../../../../../../private/var/folders/83/qdzm9jqd6y9_836dffcxvy980000gn/T/arduino-core-cache/core_adafruit_samd_adafruit_feather_m0_f2beb47221a8863eb2ab3646c1696974.a(Uart.cpp.o)
                0x0000000000004c8c                vtable for Uart
 *(.eh_frame*)
 .eh_frame      0x0000000000004cc0        0x0 /Users/alexanderbouman/Library/Arduino15/packages/adafruit/tools/arm-none-eabi-gcc/9-2019q4/bin/../lib/gcc/arm-none-eabi/9.2.1/thumb/v6-m/nofp/crtbegin.o
 .eh_frame      0x0000000000004cc0        0x4 /Users/alexanderbouman/Library/Arduino15/packages/adafruit/tools/arm-none-eabi-gcc/9-2019q4/bin/../lib/gcc/arm-none-eabi/9.2.1/thumb/v6-m/nofp/crtend.o

.glue_7         0x0000000000004cc4        0x0
 .glue_7        0x0000000000004cc4        0x0 linker stubs

.glue_7t        0x0000000000004cc4        0x0
 .glue_7t       0x0000000000004cc4        0x0 linker stubs

.vfp11_veneer   0x0000000000004cc4        0x0
 .vfp11_veneer  0x0000000000004cc4        0x0 linker stubs

.v4_bx          0x0000000000004cc4        0x0
 .v4_bx         0x0000000000004cc4        0x0 linker stubs

.iplt           0x0000000000004cc4        0x0
 .iplt          0x0000000000004cc4        0x0 /Users/alexanderbouman/Library/Arduino15/packages/adafruit/tools/arm-none-eabi-gcc/9-2019q4/bin/../lib/gcc/arm-none-eabi/9.2.1/thumb/v6-m/nofp/crtbegin.o

.rel.dyn        0x0000000000004cc4        0x0
 .rel.iplt      0x0000000000004cc4        0x0 /Users/alexanderbouman/Library/Arduino15/packages/adafruit/tools/arm-none-eabi-gcc/9-2019q4/bin/../lib/gcc/arm-none-eabi/9.2.1/thumb/v6-m/nofp/crtbegin.o

.ARM.extab
 *(.ARM.extab* .gnu.linkonce.armextab.*)
                0x0000000000004cc4                __exidx_start = .

.ARM.exidx
 *(.ARM.exidx* .gnu.linkonce.armexidx.*)
                0x0000000000004cc4                __exidx_end = .
                0x0000000000004cc4                __etext = .

.data           0x0000000020000000      0x100 load address 0x0000000000004cc4
                0x0000000020000000                __data_start__ = .
 *(vtable)
 *(.data*)
 .data.SystemCoreClock
                0x0000000020000000        0x4 /Users/AlexanderBouman/Desktop/GradSchool/RExLab/SimpleQuad/bin/../../../../../../../private/var/folders/83/qdzm9jqd6y9_836dffcxvy980000gn/T/arduino-core-cache/core_adafruit_samd_adafruit_feather_m0_f2beb47221a8863eb2ab3646c1696974.a(wiring.c.o)
                0x0000000020000000                SystemCoreClock
 .data._ZL5ticks
                0x0000000020000004        0x4 /Users/AlexanderBouman/Desktop/GradSchool/RExLab/SimpleQuad/bin/../../../../../../../private/var/folders/83/qdzm9jqd6y9_836dffcxvy980000gn/T/arduino-core-cache/core_adafruit_samd_adafruit_feather_m0_f2beb47221a8863eb2ab3646c1696974.a(Reset.cpp.o)
 .data._ZL10breakValue
                0x0000000020000008        0x4 /Users/AlexanderBouman/Desktop/GradSchool/RExLab/SimpleQuad/bin/../../../../../../../private/var/folders/83/qdzm9jqd6y9_836dffcxvy980000gn/T/arduino-core-cache/core_adafruit_samd_adafruit_feather_m0_f2beb47221a8863eb2ab3646c1696974.a(CDC.cpp.o)
 .data._ZL12_usbLineInfo
                0x000000002000000c        0x8 /Users/AlexanderBouman/Desktop/GradSchool/RExLab/SimpleQuad/bin/../../../../../../../private/var/folders/83/qdzm9jqd6y9_836dffcxvy980000gn/T/arduino-core-cache/core_adafruit_samd_adafruit_feather_m0_f2beb47221a8863eb2ab3646c1696974.a(CDC.cpp.o)
 .data._ZL13_cdcInterface
                0x0000000020000014       0x42 /Users/AlexanderBouman/Desktop/GradSchool/RExLab/SimpleQuad/bin/../../../../../../../private/var/folders/83/qdzm9jqd6y9_836dffcxvy980000gn/T/arduino-core-cache/core_adafruit_samd_adafruit_feather_m0_f2beb47221a8863eb2ab3646c1696974.a(CDC.cpp.o)
 *fill*         0x0000000020000056        0x2 
 .data._serialPeek
                0x0000000020000058        0x4 /Users/AlexanderBouman/Desktop/GradSchool/RExLab/SimpleQuad/bin/../../../../../../../private/var/folders/83/qdzm9jqd6y9_836dffcxvy980000gn/T/arduino-core-cache/core_adafruit_samd_adafruit_feather_m0_f2beb47221a8863eb2ab3646c1696974.a(CDC.cpp.o)
                0x0000000020000058                _serialPeek
 .data.EndPoints
                0x000000002000005c       0x28 /Users/AlexanderBouman/Desktop/GradSchool/RExLab/SimpleQuad/bin/../../../../../../../private/var/folders/83/qdzm9jqd6y9_836dffcxvy980000gn/T/arduino-core-cache/core_adafruit_samd_adafruit_feather_m0_f2beb47221a8863eb2ab3646c1696974.a(USBCore.cpp.o)
                0x000000002000005c                EndPoints
 .data._impure_ptr
                0x0000000020000084        0x4 /Users/alexanderbouman/Library/Arduino15/packages/adafruit/tools/arm-none-eabi-gcc/9-2019q4/bin/../lib/gcc/arm-none-eabi/9.2.1/../../../../arm-none-eabi/lib/thumb/v6-m/nofp/libc_nano.a(lib_a-impure.o)
                0x0000000020000084                _impure_ptr
 .data.impure_data
                0x0000000020000088       0x60 /Users/alexanderbouman/Library/Arduino15/packages/adafruit/tools/arm-none-eabi-gcc/9-2019q4/bin/../lib/gcc/arm-none-eabi/9.2.1/../../../../arm-none-eabi/lib/thumb/v6-m/nofp/libc_nano.a(lib_a-impure.o)
                0x00000000200000e8                . = ALIGN (0x4)
                0x00000000200000e8                PROVIDE (__preinit_array_start = .)
 *(.preinit_array)
                0x00000000200000e8                PROVIDE (__preinit_array_end = .)
                0x00000000200000e8                . = ALIGN (0x4)
                0x00000000200000e8                PROVIDE (__init_array_start = .)
 *(SORT_BY_NAME(.init_array.*))
 *(.init_array)
 .init_array    0x00000000200000e8        0x4 /Users/alexanderbouman/Library/Arduino15/packages/adafruit/tools/arm-none-eabi-gcc/9-2019q4/bin/../lib/gcc/arm-none-eabi/9.2.1/thumb/v6-m/nofp/crtbegin.o
 .init_array    0x00000000200000ec        0x4 /Users/AlexanderBouman/Desktop/GradSchool/RExLab/SimpleQuad/bin/libraries/Wire/Wire.cpp.o
 .init_array    0x00000000200000f0        0x4 /Users/AlexanderBouman/Desktop/GradSchool/RExLab/SimpleQuad/bin/core/variant.cpp.o
 .init_array    0x00000000200000f4        0x4 /Users/AlexanderBouman/Desktop/GradSchool/RExLab/SimpleQuad/bin/../../../../../../../private/var/folders/83/qdzm9jqd6y9_836dffcxvy980000gn/T/arduino-core-cache/core_adafruit_samd_adafruit_feather_m0_f2beb47221a8863eb2ab3646c1696974.a(CDC.cpp.o)
 .init_array    0x00000000200000f8        0x4 /Users/AlexanderBouman/Desktop/GradSchool/RExLab/SimpleQuad/bin/../../../../../../../private/var/folders/83/qdzm9jqd6y9_836dffcxvy980000gn/T/arduino-core-cache/core_adafruit_samd_adafruit_feather_m0_f2beb47221a8863eb2ab3646c1696974.a(USBCore.cpp.o)
                0x00000000200000fc                PROVIDE (__init_array_end = .)
                0x00000000200000fc                . = ALIGN (0x4)
                [!provide]                        PROVIDE (__fini_array_start = .)
 *(SORT_BY_NAME(.fini_array.*))
 *(.fini_array)
 .fini_array    0x00000000200000fc        0x4 /Users/alexanderbouman/Library/Arduino15/packages/adafruit/tools/arm-none-eabi-gcc/9-2019q4/bin/../lib/gcc/arm-none-eabi/9.2.1/thumb/v6-m/nofp/crtbegin.o
                [!provide]                        PROVIDE (__fini_array_end = .)
 *(.jcr*)
                0x0000000020000100                . = ALIGN (0x10)
                0x0000000020000100                __data_end__ = .

.igot.plt       0x0000000020000100        0x0 load address 0x0000000000004dc4
 .igot.plt      0x0000000020000100        0x0 /Users/alexanderbouman/Library/Arduino15/packages/adafruit/tools/arm-none-eabi-gcc/9-2019q4/bin/../lib/gcc/arm-none-eabi/9.2.1/thumb/v6-m/nofp/crtbegin.o

.bss            0x0000000020000100      0xe68 load address 0x0000000000004dc4
                0x0000000020000100                . = ALIGN (0x4)
                0x0000000020000100                __bss_start__ = .
 *(.bss*)
 .bss           0x0000000020000100       0x1c /Users/alexanderbouman/Library/Arduino15/packages/adafruit/tools/arm-none-eabi-gcc/9-2019q4/bin/../lib/gcc/arm-none-eabi/9.2.1/thumb/v6-m/nofp/crtbegin.o
 .bss.Wire      0x000000002000011c      0x234 /Users/AlexanderBouman/Desktop/GradSchool/RExLab/SimpleQuad/bin/libraries/Wire/Wire.cpp.o
                0x000000002000011c                Wire
 .bss.Serial1   0x0000000020000350      0x2fc /Users/AlexanderBouman/Desktop/GradSchool/RExLab/SimpleQuad/bin/core/variant.cpp.o
                0x0000000020000350                Serial1
 .bss.Serial5   0x000000002000064c      0x2fc /Users/AlexanderBouman/Desktop/GradSchool/RExLab/SimpleQuad/bin/core/variant.cpp.o
                0x000000002000064c                Serial5
 .bss.sercom0   0x0000000020000948        0x4 /Users/AlexanderBouman/Desktop/GradSchool/RExLab/SimpleQuad/bin/core/variant.cpp.o
                0x0000000020000948                sercom0
 .bss.sercom1   0x000000002000094c        0x4 /Users/AlexanderBouman/Desktop/GradSchool/RExLab/SimpleQuad/bin/core/variant.cpp.o
                0x000000002000094c                sercom1
 .bss.sercom2   0x0000000020000950        0x4 /Users/AlexanderBouman/Desktop/GradSchool/RExLab/SimpleQuad/bin/core/variant.cpp.o
                0x0000000020000950                sercom2
 .bss.sercom3   0x0000000020000954        0x4 /Users/AlexanderBouman/Desktop/GradSchool/RExLab/SimpleQuad/bin/core/variant.cpp.o
                0x0000000020000954                sercom3
 .bss.sercom4   0x0000000020000958        0x4 /Users/AlexanderBouman/Desktop/GradSchool/RExLab/SimpleQuad/bin/core/variant.cpp.o
                0x0000000020000958                sercom4
 .bss.sercom5   0x000000002000095c        0x4 /Users/AlexanderBouman/Desktop/GradSchool/RExLab/SimpleQuad/bin/core/variant.cpp.o
                0x000000002000095c                sercom5
 .bss.usb_isr   0x0000000020000960        0x4 /Users/AlexanderBouman/Desktop/GradSchool/RExLab/SimpleQuad/bin/../../../../../../../private/var/folders/83/qdzm9jqd6y9_836dffcxvy980000gn/T/arduino-core-cache/core_adafruit_samd_adafruit_feather_m0_f2beb47221a8863eb2ab3646c1696974.a(cortex_handlers.c.o)
 .bss._ulTickCount
                0x0000000020000964        0x4 /Users/AlexanderBouman/Desktop/GradSchool/RExLab/SimpleQuad/bin/../../../../../../../private/var/folders/83/qdzm9jqd6y9_836dffcxvy980000gn/T/arduino-core-cache/core_adafruit_samd_adafruit_feather_m0_f2beb47221a8863eb2ab3646c1696974.a(delay.c.o)
 .bss.Serial    0x0000000020000968       0x1c /Users/AlexanderBouman/Desktop/GradSchool/RExLab/SimpleQuad/bin/../../../../../../../private/var/folders/83/qdzm9jqd6y9_836dffcxvy980000gn/T/arduino-core-cache/core_adafruit_samd_adafruit_feather_m0_f2beb47221a8863eb2ab3646c1696974.a(CDC.cpp.o)
                0x0000000020000968                Serial
 .bss.USBDevice
                0x0000000020000984        0x1 /Users/AlexanderBouman/Desktop/GradSchool/RExLab/SimpleQuad/bin/../../../../../../../private/var/folders/83/qdzm9jqd6y9_836dffcxvy980000gn/T/arduino-core-cache/core_adafruit_samd_adafruit_feather_m0_f2beb47221a8863eb2ab3646c1696974.a(USBCore.cpp.o)
                0x0000000020000984                USBDevice
 *fill*         0x0000000020000985        0x3 
 .bss._ZL10epHandlers
                0x0000000020000988       0x1c /Users/AlexanderBouman/Desktop/GradSchool/RExLab/SimpleQuad/bin/../../../../../../../private/var/folders/83/qdzm9jqd6y9_836dffcxvy980000gn/T/arduino-core-cache/core_adafruit_samd_adafruit_feather_m0_f2beb47221a8863eb2ab3646c1696974.a(USBCore.cpp.o)
 .bss._ZL10rxLEDPulse
                0x00000000200009a4        0x1 /Users/AlexanderBouman/Desktop/GradSchool/RExLab/SimpleQuad/bin/../../../../../../../private/var/folders/83/qdzm9jqd6y9_836dffcxvy980000gn/T/arduino-core-cache/core_adafruit_samd_adafruit_feather_m0_f2beb47221a8863eb2ab3646c1696974.a(USBCore.cpp.o)
 .bss._ZL10txLEDPulse
                0x00000000200009a5        0x1 /Users/AlexanderBouman/Desktop/GradSchool/RExLab/SimpleQuad/bin/../../../../../../../private/var/folders/83/qdzm9jqd6y9_836dffcxvy980000gn/T/arduino-core-cache/core_adafruit_samd_adafruit_feather_m0_f2beb47221a8863eb2ab3646c1696974.a(USBCore.cpp.o)
 .bss._ZL14isEndpointHalt
                0x00000000200009a6        0x1 /Users/AlexanderBouman/Desktop/GradSchool/RExLab/SimpleQuad/bin/../../../../../../../private/var/folders/83/qdzm9jqd6y9_836dffcxvy980000gn/T/arduino-core-cache/core_adafruit_samd_adafruit_feather_m0_f2beb47221a8863eb2ab3646c1696974.a(USBCore.cpp.o)
 .bss._ZL20LastTransmitTimedOut
                0x00000000200009a7        0x7 /Users/AlexanderBouman/Desktop/GradSchool/RExLab/SimpleQuad/bin/../../../../../../../private/var/folders/83/qdzm9jqd6y9_836dffcxvy980000gn/T/arduino-core-cache/core_adafruit_samd_adafruit_feather_m0_f2beb47221a8863eb2ab3646c1696974.a(USBCore.cpp.o)
 .bss._ZL21isRemoteWakeUpEnabled
                0x00000000200009ae        0x1 /Users/AlexanderBouman/Desktop/GradSchool/RExLab/SimpleQuad/bin/../../../../../../../private/var/folders/83/qdzm9jqd6y9_836dffcxvy980000gn/T/arduino-core-cache/core_adafruit_samd_adafruit_feather_m0_f2beb47221a8863eb2ab3646c1696974.a(USBCore.cpp.o)
 *fill*         0x00000000200009af        0x1 
 .bss._ZL22udd_ep_in_cache_buffer
                0x00000000200009b0      0x1c0 /Users/AlexanderBouman/Desktop/GradSchool/RExLab/SimpleQuad/bin/../../../../../../../private/var/folders/83/qdzm9jqd6y9_836dffcxvy980000gn/T/arduino-core-cache/core_adafruit_samd_adafruit_feather_m0_f2beb47221a8863eb2ab3646c1696974.a(USBCore.cpp.o)
 .bss._ZL23udd_ep_out_cache_buffer
                0x0000000020000b70      0x1c0 /Users/AlexanderBouman/Desktop/GradSchool/RExLab/SimpleQuad/bin/../../../../../../../private/var/folders/83/qdzm9jqd6y9_836dffcxvy980000gn/T/arduino-core-cache/core_adafruit_samd_adafruit_feather_m0_f2beb47221a8863eb2ab3646c1696974.a(USBCore.cpp.o)
 .bss._dry_run  0x0000000020000d30        0x1 /Users/AlexanderBouman/Desktop/GradSchool/RExLab/SimpleQuad/bin/../../../../../../../private/var/folders/83/qdzm9jqd6y9_836dffcxvy980000gn/T/arduino-core-cache/core_adafruit_samd_adafruit_feather_m0_f2beb47221a8863eb2ab3646c1696974.a(USBCore.cpp.o)
                0x0000000020000d30                _dry_run
 .bss._pack_buffer
                0x0000000020000d31      0x100 /Users/AlexanderBouman/Desktop/GradSchool/RExLab/SimpleQuad/bin/../../../../../../../private/var/folders/83/qdzm9jqd6y9_836dffcxvy980000gn/T/arduino-core-cache/core_adafruit_samd_adafruit_feather_m0_f2beb47221a8863eb2ab3646c1696974.a(USBCore.cpp.o)
                0x0000000020000d31                _pack_buffer
 .bss._pack_message
                0x0000000020000e31        0x1 /Users/AlexanderBouman/Desktop/GradSchool/RExLab/SimpleQuad/bin/../../../../../../../private/var/folders/83/qdzm9jqd6y9_836dffcxvy980000gn/T/arduino-core-cache/core_adafruit_samd_adafruit_feather_m0_f2beb47221a8863eb2ab3646c1696974.a(USBCore.cpp.o)
                0x0000000020000e31                _pack_message
 .bss._pack_size
                0x0000000020000e32        0x2 /Users/AlexanderBouman/Desktop/GradSchool/RExLab/SimpleQuad/bin/../../../../../../../private/var/folders/83/qdzm9jqd6y9_836dffcxvy980000gn/T/arduino-core-cache/core_adafruit_samd_adafruit_feather_m0_f2beb47221a8863eb2ab3646c1696974.a(USBCore.cpp.o)
                0x0000000020000e32                _pack_size
 .bss._usbConfiguration
                0x0000000020000e34        0x4 /Users/AlexanderBouman/Desktop/GradSchool/RExLab/SimpleQuad/bin/../../../../../../../private/var/folders/83/qdzm9jqd6y9_836dffcxvy980000gn/T/arduino-core-cache/core_adafruit_samd_adafruit_feather_m0_f2beb47221a8863eb2ab3646c1696974.a(USBCore.cpp.o)
                0x0000000020000e34                _usbConfiguration
 .bss._usbSetInterface
                0x0000000020000e38        0x4 /Users/AlexanderBouman/Desktop/GradSchool/RExLab/SimpleQuad/bin/../../../../../../../private/var/folders/83/qdzm9jqd6y9_836dffcxvy980000gn/T/arduino-core-cache/core_adafruit_samd_adafruit_feather_m0_f2beb47221a8863eb2ab3646c1696974.a(USBCore.cpp.o)
                0x0000000020000e38                _usbSetInterface
 .bss.usbd      0x0000000020000e3c      0x104 /Users/AlexanderBouman/Desktop/GradSchool/RExLab/SimpleQuad/bin/../../../../../../../private/var/folders/83/qdzm9jqd6y9_836dffcxvy980000gn/T/arduino-core-cache/core_adafruit_samd_adafruit_feather_m0_f2beb47221a8863eb2ab3646c1696974.a(USBCore.cpp.o)
                0x0000000020000e3c                usbd
 .bss._ZGVZ12PluggableUSBvE3obj
                0x0000000020000f40        0x4 /Users/AlexanderBouman/Desktop/GradSchool/RExLab/SimpleQuad/bin/../../../../../../../private/var/folders/83/qdzm9jqd6y9_836dffcxvy980000gn/T/arduino-core-cache/core_adafruit_samd_adafruit_feather_m0_f2beb47221a8863eb2ab3646c1696974.a(PluggableUSB.cpp.o)
 .bss._ZZ12PluggableUSBvE3obj
                0x0000000020000f44        0x8 /Users/AlexanderBouman/Desktop/GradSchool/RExLab/SimpleQuad/bin/../../../../../../../private/var/folders/83/qdzm9jqd6y9_836dffcxvy980000gn/T/arduino-core-cache/core_adafruit_samd_adafruit_feather_m0_f2beb47221a8863eb2ab3646c1696974.a(PluggableUSB.cpp.o)
 .bss.__malloc_free_list
                0x0000000020000f4c        0x4 /Users/alexanderbouman/Library/Arduino15/packages/adafruit/tools/arm-none-eabi-gcc/9-2019q4/bin/../lib/gcc/arm-none-eabi/9.2.1/../../../../arm-none-eabi/lib/thumb/v6-m/nofp/libc_nano.a(lib_a-nano-mallocr.o)
                0x0000000020000f4c                __malloc_free_list
 .bss.__malloc_sbrk_start
                0x0000000020000f50        0x4 /Users/alexanderbouman/Library/Arduino15/packages/adafruit/tools/arm-none-eabi-gcc/9-2019q4/bin/../lib/gcc/arm-none-eabi/9.2.1/../../../../arm-none-eabi/lib/thumb/v6-m/nofp/libc_nano.a(lib_a-nano-mallocr.o)
                0x0000000020000f50                __malloc_sbrk_start
 .bss.heap_end.4144
                0x0000000020000f54        0x4 /Users/alexanderbouman/Library/Arduino15/packages/adafruit/tools/arm-none-eabi-gcc/9-2019q4/bin/../lib/gcc/arm-none-eabi/9.2.1/../../../../arm-none-eabi/lib/thumb/v6-m/nofp/libnosys.a(sbrk.o)
 *(COMMON)
 COMMON         0x0000000020000f58        0x4 /Users/alexanderbouman/Library/Arduino15/packages/adafruit/tools/arm-none-eabi-gcc/9-2019q4/bin/../lib/gcc/arm-none-eabi/9.2.1/../../../../arm-none-eabi/lib/thumb/v6-m/nofp/libc_nano.a(lib_a-reent.o)
                0x0000000020000f58                errno
 COMMON         0x0000000020000f5c        0x9 /Users/alexanderbouman/Library/Arduino15/packages/adafruit/tools/arm-none-eabi-gcc/9-2019q4/bin/../lib/gcc/arm-none-eabi/9.2.1/../../../../arm-none-eabi/lib/thumb/v6-m/nofp/libc_nano.a(lib_a-lock.o)
                0x0000000020000f5c                __lock___atexit_recursive_mutex
                0x0000000020000f5d                __lock___arc4random_mutex
                0x0000000020000f5e                __lock___env_recursive_mutex
                0x0000000020000f5f                __lock___sinit_recursive_mutex
                0x0000000020000f60                __lock___malloc_recursive_mutex
                0x0000000020000f61                __lock___at_quick_exit_mutex
                0x0000000020000f62                __lock___dd_hash_mutex
                0x0000000020000f63                __lock___tz_mutex
                0x0000000020000f64                __lock___sfp_recursive_mutex
                0x0000000020000f68                . = ALIGN (0x4)
 *fill*         0x0000000020000f65        0x3 
                0x0000000020000f68                __bss_end__ = .

.heap           0x0000000020000f68        0x0
                0x0000000020000f68                __end__ = .
                0x0000000020000f68                PROVIDE (end = .)
 *(.heap*)
                0x0000000020000f68                __HeapLimit = .

.stack_dummy    0x0000000020000f68        0x0
 *(.stack*)
                0x0000000020008000                __StackTop = (ORIGIN (RAM) + LENGTH (RAM))
                0x0000000020008000                __StackLimit = (__StackTop - SIZEOF (.stack_dummy))
                0x0000000020008000                PROVIDE (__stack = __StackTop)
                0x0000000020007fff                __ram_end__ = ((ORIGIN (RAM) + LENGTH (RAM)) - 0x1)
                0x0000000000000001                ASSERT ((__StackLimit >= __HeapLimit), region RAM overflowed with stack)
OUTPUT(/Users/AlexanderBouman/Desktop/GradSchool/RExLab/SimpleQuad/bin/test.ino.elf elf32-littlearm)

.ARM.attributes
                0x0000000000000000       0x28
 .ARM.attributes
                0x0000000000000000       0x1e /Users/alexanderbouman/Library/Arduino15/packages/adafruit/tools/arm-none-eabi-gcc/9-2019q4/bin/../lib/gcc/arm-none-eabi/9.2.1/thumb/v6-m/nofp/crti.o
 .ARM.attributes
                0x000000000000001e       0x2c /Users/alexanderbouman/Library/Arduino15/packages/adafruit/tools/arm-none-eabi-gcc/9-2019q4/bin/../lib/gcc/arm-none-eabi/9.2.1/thumb/v6-m/nofp/crtbegin.o
 .ARM.attributes
                0x000000000000004a       0x2c /Users/AlexanderBouman/Desktop/GradSchool/RExLab/SimpleQuad/bin/sketch/test.ino.cpp.o
 .ARM.attributes
                0x0000000000000076       0x2c /Users/AlexanderBouman/Desktop/GradSchool/RExLab/SimpleQuad/bin/libraries/Wire/Wire.cpp.o
 .ARM.attributes
                0x00000000000000a2       0x2c /Users/AlexanderBouman/Desktop/GradSchool/RExLab/SimpleQuad/bin/core/variant.cpp.o
 .ARM.attributes
                0x00000000000000ce       0x2c /Users/AlexanderBouman/Desktop/GradSchool/RExLab/SimpleQuad/bin/../../../../../../../private/var/folders/83/qdzm9jqd6y9_836dffcxvy980000gn/T/arduino-core-cache/core_adafruit_samd_adafruit_feather_m0_f2beb47221a8863eb2ab3646c1696974.a(cortex_handlers.c.o)
 .ARM.attributes
                0x00000000000000fa       0x2c /Users/AlexanderBouman/Desktop/GradSchool/RExLab/SimpleQuad/bin/../../../../../../../private/var/folders/83/qdzm9jqd6y9_836dffcxvy980000gn/T/arduino-core-cache/core_adafruit_samd_adafruit_feather_m0_f2beb47221a8863eb2ab3646c1696974.a(delay.c.o)
 .ARM.attributes
                0x0000000000000126       0x2c /Users/AlexanderBouman/Desktop/GradSchool/RExLab/SimpleQuad/bin/../../../../../../../private/var/folders/83/qdzm9jqd6y9_836dffcxvy980000gn/T/arduino-core-cache/core_adafruit_samd_adafruit_feather_m0_f2beb47221a8863eb2ab3646c1696974.a(hooks.c.o)
 .ARM.attributes
                0x0000000000000152       0x2c /Users/AlexanderBouman/Desktop/GradSchool/RExLab/SimpleQuad/bin/../../../../../../../private/var/folders/83/qdzm9jqd6y9_836dffcxvy980000gn/T/arduino-core-cache/core_adafruit_samd_adafruit_feather_m0_f2beb47221a8863eb2ab3646c1696974.a(startup.c.o)
 .ARM.attributes