Archive member included to satisfy reference by file (symbol)

/Users/AlexanderBouman/Desktop/GradSchool/RExLab/SimpleQuad/bin/imu_vicon_feather/cache/core/core_adafruit_samd_adafruit_feather_m0_f2beb47221a8863eb2ab3646c1696974.a(WInterrupts.c.o)
                              /Users/AlexanderBouman/Desktop/GradSchool/RExLab/SimpleQuad/bin/imu_vicon_feather/libraries/arduino-LoRa/LoRa.cpp.o (attachInterrupt)
/Users/AlexanderBouman/Desktop/GradSchool/RExLab/SimpleQuad/bin/imu_vicon_feather/cache/core/core_adafruit_samd_adafruit_feather_m0_f2beb47221a8863eb2ab3646c1696974.a(cortex_handlers.c.o)
                              (Reset_Handler)
/Users/AlexanderBouman/Desktop/GradSchool/RExLab/SimpleQuad/bin/imu_vicon_feather/cache/core/core_adafruit_samd_adafruit_feather_m0_f2beb47221a8863eb2ab3646c1696974.a(delay.c.o)
                              /Users/AlexanderBouman/Desktop/GradSchool/RExLab/SimpleQuad/bin/imu_vicon_feather/libraries/Adafruit_BNO055/Adafruit_BNO055.cpp.o (millis)
/Users/AlexanderBouman/Desktop/GradSchool/RExLab/SimpleQuad/bin/imu_vicon_feather/cache/core/core_adafruit_samd_adafruit_feather_m0_f2beb47221a8863eb2ab3646c1696974.a(hooks.c.o)
                              /Users/AlexanderBouman/Desktop/GradSchool/RExLab/SimpleQuad/bin/imu_vicon_feather/libraries/arduino-LoRa/LoRa.cpp.o (yield)
/Users/AlexanderBouman/Desktop/GradSchool/RExLab/SimpleQuad/bin/imu_vicon_feather/cache/core/core_adafruit_samd_adafruit_feather_m0_f2beb47221a8863eb2ab3646c1696974.a(startup.c.o)
                              /Users/AlexanderBouman/Desktop/GradSchool/RExLab/SimpleQuad/bin/imu_vicon_feather/cache/core/core_adafruit_samd_adafruit_feather_m0_f2beb47221a8863eb2ab3646c1696974.a(cortex_handlers.c.o) (SystemInit)
/Users/AlexanderBouman/Desktop/GradSchool/RExLab/SimpleQuad/bin/imu_vicon_feather/cache/core/core_adafruit_samd_adafruit_feather_m0_f2beb47221a8863eb2ab3646c1696974.a(wiring.c.o)
                              /Users/AlexanderBouman/Desktop/GradSchool/RExLab/SimpleQuad/bin/imu_vicon_feather/cache/core/core_adafruit_samd_adafruit_feather_m0_f2beb47221a8863eb2ab3646c1696974.a(startup.c.o) (SystemCoreClock)
/Users/AlexanderBouman/Desktop/GradSchool/RExLab/SimpleQuad/bin/imu_vicon_feather/cache/core/core_adafruit_samd_adafruit_feather_m0_f2beb47221a8863eb2ab3646c1696974.a(wiring_analog.c.o)
                              /Users/AlexanderBouman/Desktop/GradSchool/RExLab/SimpleQuad/bin/imu_vicon_feather/cache/core/core_adafruit_samd_adafruit_feather_m0_f2beb47221a8863eb2ab3646c1696974.a(wiring.c.o) (analogReference)
/Users/AlexanderBouman/Desktop/GradSchool/RExLab/SimpleQuad/bin/imu_vicon_feather/cache/core/core_adafruit_samd_adafruit_feather_m0_f2beb47221a8863eb2ab3646c1696974.a(wiring_digital.c.o)
                              /Users/AlexanderBouman/Desktop/GradSchool/RExLab/SimpleQuad/bin/imu_vicon_feather/sketch/imu_vicon_feather.ino.cpp.o (pinMode)
/Users/AlexanderBouman/Desktop/GradSchool/RExLab/SimpleQuad/bin/imu_vicon_feather/cache/core/core_adafruit_samd_adafruit_feather_m0_f2beb47221a8863eb2ab3646c1696974.a(wiring_private.c.o)
                              /Users/AlexanderBouman/Desktop/GradSchool/RExLab/SimpleQuad/bin/imu_vicon_feather/libraries/SPI/SPI.cpp.o (pinPeripheral)
/Users/AlexanderBouman/Desktop/GradSchool/RExLab/SimpleQuad/bin/imu_vicon_feather/cache/core/core_adafruit_samd_adafruit_feather_m0_f2beb47221a8863eb2ab3646c1696974.a(Print.cpp.o)
                              /Users/AlexanderBouman/Desktop/GradSchool/RExLab/SimpleQuad/bin/imu_vicon_feather/libraries/Adafruit_Unified_Sensor/Adafruit_Sensor.cpp.o (Print::print(__FlashStringHelper const*))
/Users/AlexanderBouman/Desktop/GradSchool/RExLab/SimpleQuad/bin/imu_vicon_feather/cache/core/core_adafruit_samd_adafruit_feather_m0_f2beb47221a8863eb2ab3646c1696974.a(Reset.cpp.o)
                              /Users/AlexanderBouman/Desktop/GradSchool/RExLab/SimpleQuad/bin/imu_vicon_feather/cache/core/core_adafruit_samd_adafruit_feather_m0_f2beb47221a8863eb2ab3646c1696974.a(delay.c.o) (tickReset)
/Users/AlexanderBouman/Desktop/GradSchool/RExLab/SimpleQuad/bin/imu_vicon_feather/cache/core/core_adafruit_samd_adafruit_feather_m0_f2beb47221a8863eb2ab3646c1696974.a(SERCOM.cpp.o)
                              /Users/AlexanderBouman/Desktop/GradSchool/RExLab/SimpleQuad/bin/imu_vicon_feather/core/variant.cpp.o (SERCOM::SERCOM(Sercom*))
/Users/AlexanderBouman/Desktop/GradSchool/RExLab/SimpleQuad/bin/imu_vicon_feather/cache/core/core_adafruit_samd_adafruit_feather_m0_f2beb47221a8863eb2ab3646c1696974.a(Stream.cpp.o)
                              /Users/AlexanderBouman/Desktop/GradSchool/RExLab/SimpleQuad/bin/imu_vicon_feather/libraries/arduino-LoRa/LoRa.cpp.o (Stream::setTimeout(unsigned long))
/Users/AlexanderBouman/Desktop/GradSchool/RExLab/SimpleQuad/bin/imu_vicon_feather/cache/core/core_adafruit_samd_adafruit_feather_m0_f2beb47221a8863eb2ab3646c1696974.a(CDC.cpp.o)
[...]
Memory Configuration

Name             Origin             Length             Attributes
FLASH            0x0000000000002000 0x000000000003e000 xr
RAM              0x0000000020000000 0x0000000000008000 xrw
*default*        0x0000000000000000 0xffffffffffffffff

Linker script and memory map

LOAD /Users/alexanderbouman/Library/Arduino15/packages/adafruit/tools/arm-none-eabi-gcc/9-2019q4/bin/../lib/gcc/arm-none-eabi/9.2.1/thumb/v6-m/nofp/crti.o
LOAD /Users/alexanderbouman/Library/Arduino15/packages/adafruit/tools/arm-none-eabi-gcc/9-2019q4/bin/../lib/gcc/arm-none-eabi/9.2.1/thumb/v6-m/nofp/crtbegin.o
LOAD /Users/alexanderbouman/Library/Arduino15/packages/adafruit/tools/arm-none-eabi-gcc/9-2019q4/bin/../lib/gcc/arm-none-eabi/9.2.1/../../../../arm-none-eabi/lib/thumb/v6-m/nofp/crt0.o
LOAD /Users/AlexanderBouman/Desktop/GradSchool/RExLab/SimpleQuad/bin/imu_vicon_feather/sketch/imu_vicon_feather.ino.cpp.o
LOAD /Users/AlexanderBouman/Desktop/GradSchool/RExLab/SimpleQuad/bin/imu_vicon_feather/sketch/src/imu_vicon/imu_vicon.cpp.o
LOAD /Users/AlexanderBouman/Desktop/GradSchool/RExLab/SimpleQuad/bin/imu_vicon_feather/libraries/crc8/crc8.cpp.o
LOAD /Users/AlexanderBouman/Desktop/GradSchool/RExLab/SimpleQuad/bin/imu_vicon_feather/libraries/SPI/SPI.cpp.o
LOAD /Users/AlexanderBouman/Desktop/GradSchool/RExLab/SimpleQuad/bin/imu_vicon_feather/libraries/Adafruit_ZeroDMA/Adafruit_ZeroDMA.cpp.o
LOAD /Users/AlexanderBouman/Desktop/GradSchool/RExLab/SimpleQuad/bin/imu_vicon_feather/libraries/Wire/Wire.cpp.o
LOAD /Users/AlexanderBouman/Desktop/GradSchool/RExLab/SimpleQuad/bin/imu_vicon_feather/libraries/arduino-LoRa/LoRa.cpp.o
LOAD /Users/AlexanderBouman/Desktop/GradSchool/RExLab/SimpleQuad/bin/imu_vicon_feather/libraries/Adafruit_Unified_Sensor/Adafruit_Sensor.cpp.o
LOAD /Users/AlexanderBouman/Desktop/GradSchool/RExLab/SimpleQuad/bin/imu_vicon_feather/libraries/Adafruit_BNO055/Adafruit_BNO055.cpp.o
LOAD /Users/AlexanderBouman/Desktop/GradSchool/RExLab/SimpleQuad/bin/imu_vicon_feather/core/variant.cpp.o
START GROUP
LOAD /Users/AlexanderBouman/Library/Arduino15/packages/adafruit/tools/CMSIS/5.4.0/CMSIS/Lib/GCC//libarm_cortexM0l_math.a
LOAD /Users/AlexanderBouman/Desktop/GradSchool/RExLab/SimpleQuad/bin/imu_vicon_feather/cache/core/core_adafruit_samd_adafruit_feather_m0_f2beb47221a8863eb2ab3646c1696974.a
END GROUP
LOAD /Users/alexanderbouman/Library/Arduino15/packages/adafruit/tools/arm-none-eabi-gcc/9-2019q4/bin/../lib/gcc/arm-none-eabi/9.2.1/../../../../arm-none-eabi/lib/thumb/v6-m/nofp/libstdc++_nano.a
LOAD /Users/alexanderbouman/Library/Arduino15/packages/adafruit/tools/arm-none-eabi-gcc/9-2019q4/bin/../lib/gcc/arm-none-eabi/9.2.1/../../../../arm-none-eabi/lib/thumb/v6-m/nofp/libm.a
START GROUP
LOAD /Users/alexanderbouman/Library/Arduino15/packages/adafruit/tools/arm-none-eabi-gcc/9-2019q4/bin/../lib/gcc/arm-none-eabi/9.2.1/thumb/v6-m/nofp/libgcc.a
LOAD /Users/alexanderbouman/Library/Arduino15/packages/adafruit/tools/arm-none-eabi-gcc/9-2019q4/bin/../lib/gcc/arm-none-eabi/9.2.1/../../../../arm-none-eabi/lib/thumb/v6-m/nofp/libc_nano.a
END GROUP
START GROUP
LOAD /Users/alexanderbouman/Library/Arduino15/packages/adafruit/tools/arm-none-eabi-gcc/9-2019q4/bin/../lib/gcc/arm-none-eabi/9.2.1/thumb/v6-m/nofp/libgcc.a
LOAD /Users/alexanderbouman/Library/Arduino15/packages/adafruit/tools/arm-none-eabi-gcc/9-2019q4/bin/../lib/gcc/arm-none-eabi/9.2.1/../../../../arm-none-eabi/lib/thumb/v6-m/nofp/libc_nano.a
LOAD /Users/alexanderbouman/Library/Arduino15/packages/adafruit/tools/arm-none-eabi-gcc/9-2019q4/bin/../lib/gcc/arm-none-eabi/9.2.1/../../../../arm-none-eabi/lib/thumb/v6-m/nofp/libnosys.a
END GROUP
START GROUP
LOAD /Users/alexanderbouman/Library/Arduino15/packages/adafruit/tools/arm-none-eabi-gcc/9-2019q4/bin/../lib/gcc/arm-none-eabi/9.2.1/thumb/v6-m/nofp/libgcc.a
LOAD /Users/alexanderbouman/Library/Arduino15/packages/adafruit/tools/arm-none-eabi-gcc/9-2019q4/bin/../lib/gcc/arm-none-eabi/9.2.1/../../../../arm-none-eabi/lib/thumb/v6-m/nofp/libc_nano.a
LOAD /Users/alexanderbouman/Library/Arduino15/packages/adafruit/tools/arm-none-eabi-gcc/9-2019q4/bin/../lib/gcc/arm-none-eabi/9.2.1/../../../../arm-none-eabi/lib/thumb/v6-m/nofp/libnosys.a
END GROUP
LOAD /Users/alexanderbouman/Library/Arduino15/packages/adafruit/tools/arm-none-eabi-gcc/9-2019q4/bin/../lib/gcc/arm-none-eabi/9.2.1/thumb/v6-m/nofp/crtend.o
LOAD /Users/alexanderbouman/Library/Arduino15/packages/adafruit/tools/arm-none-eabi-gcc/9-2019q4/bin/../lib/gcc/arm-none-eabi/9.2.1/thumb/v6-m/nofp/crtn.o

.text           0x0000000000002000     0xa320
                0x0000000000002000                __text_start__ = .
 *(.sketch_boot)
                0x0000000000002000                . = ALIGN (0x2000)
 *(.isr_vector)
 .isr_vector    0x0000000000002000       0xb4 /Users/AlexanderBouman/Desktop/GradSchool/RExLab/SimpleQuad/bin/imu_vicon_feather/cache/core/core_adafruit_samd_adafruit_feather_m0_f2beb47221a8863eb2ab3646c1696974.a(cortex_handlers.c.o)
                0x0000000000002000                exception_table
 *(.text*)
 .text          0x00000000000020b4       0x48 /Users/alexanderbouman/Library/Arduino15/packages/adafruit/tools/arm-none-eabi-gcc/9-2019q4/bin/../lib/gcc/arm-none-eabi/9.2.1/thumb/v6-m/nofp/crtbegin.o
 .text._ZN13PacketSerial_I4COBSLh0ELj256EED2Ev
                0x00000000000020fc        0x2 /Users/AlexanderBouman/Desktop/GradSchool/RExLab/SimpleQuad/bin/imu_vicon_feather/sketch/imu_vicon_feather.ino.cpp.o
                0x00000000000020fc                PacketSerial_<COBS, (unsigned char)0, 256u>::~PacketSerial_()
                0x00000000000020fc                PacketSerial_<COBS, (unsigned char)0, 256u>::~PacketSerial_()
 *fill*         0x00000000000020fe        0x2 
 .text._Z17sendTeensyMessageR10_IMU_VICON
                0x0000000000002100       0xe0 /Users/AlexanderBouman/Desktop/GradSchool/RExLab/SimpleQuad/bin/imu_vicon_feather/sketch/imu_vicon_feather.ino.cpp.o
                0x0000000000002100                sendTeensyMessage(_IMU_VICON&)
 .text._ZN13PacketSerial_I4COBSLh0ELj256EE6updateEv
                0x00000000000021e0      0x110 /Users/AlexanderBouman/Desktop/GradSchool/RExLab/SimpleQuad/bin/imu_vicon_feather/sketch/imu_vicon_feather.ino.cpp.o
                0x00000000000021e0                PacketSerial_<COBS, (unsigned char)0, 256u>::update()
 .text.loop     0x00000000000022f0       0x34 /Users/AlexanderBouman/Desktop/GradSchool/RExLab/SimpleQuad/bin/imu_vicon_feather/sketch/imu_vicon_feather.ino.cpp.o
                0x00000000000022f0                loop
 .text.startup._GLOBAL__sub_I_data
                0x0000000000002324       0x2c /Users/AlexanderBouman/Desktop/GradSchool/RExLab/SimpleQuad/bin/imu_vicon_feather/sketch/imu_vicon_feather.ino.cpp.o
 .text.setup    0x0000000000002350       0x54 /Users/AlexanderBouman/Desktop/GradSchool/RExLab/SimpleQuad/bin/imu_vicon_feather/sketch/imu_vicon_feather.ino.cpp.o
                0x0000000000002350                setup
 .text._ZN15imu_vicon_relayD2Ev
                0x00000000000023a4        0x2 /Users/AlexanderBouman/Desktop/GradSchool/RExLab/SimpleQuad/bin/imu_vicon_feather/sketch/src/imu_vicon/imu_vicon.cpp.o
                0x00000000000023a4                imu_vicon_relay::~imu_vicon_relay()
                0x00000000000023a4                imu_vicon_relay::~imu_vicon_relay()
 *fill*         0x00000000000023a6        0x2 
 .text._ZL13onLoRaReceivei
                0x00000000000023a8       0x64 /Users/AlexanderBouman/Desktop/GradSchool/RExLab/SimpleQuad/bin/imu_vicon_feather/sketch/src/imu_vicon/imu_vicon.cpp.o
 .text._Z18init_imuViconRelayv
                0x000000000000240c      0x11c /Users/AlexanderBouman/Desktop/GradSchool/RExLab/SimpleQuad/bin/imu_vicon_feather/sketch/src/imu_vicon/imu_vicon.cpp.o
                0x000000000000240c                init_imuViconRelay()
 .text._Z15hasLoRaReceivedv
                0x0000000000002528        0xc /Users/AlexanderBouman/Desktop/GradSchool/RExLab/SimpleQuad/bin/imu_vicon_feather/sketch/src/imu_vicon/imu_vicon.cpp.o
                0x0000000000002528                hasLoRaReceived()
 .text._Z18ConvertPoseToViconRKN6rexlab4PoseIfEEP10_IMU_VICON
                0x0000000000002534       0x3c /Users/AlexanderBouman/Desktop/GradSchool/RExLab/SimpleQuad/bin/imu_vicon_feather/sketch/src/imu_vicon/imu_vicon.cpp.o
                0x0000000000002534                ConvertPoseToVicon(rexlab::Pose<float> const&, _IMU_VICON*)
 .text._Z11updateViconP10_IMU_VICON
                0x0000000000002570      0x124 /Users/AlexanderBouman/Desktop/GradSchool/RExLab/SimpleQuad/bin/imu_vicon_feather/sketch/src/imu_vicon/imu_vicon.cpp.o
                0x0000000000002570                updateVicon(_IMU_VICON*)
 .text._Z9updateIMUP10_IMU_VICON
                0x0000000000002694       0x6c /Users/AlexanderBouman/Desktop/GradSchool/RExLab/SimpleQuad/bin/imu_vicon_feather/sketch/src/imu_vicon/imu_vicon.cpp.o
                0x0000000000002694                updateIMU(_IMU_VICON*)
 .text.startup._GLOBAL__sub_I_receiver
                0x0000000000002700       0x68 /Users/AlexanderBouman/Desktop/GradSchool/RExLab/SimpleQuad/bin/imu_vicon_feather/sketch/src/imu_vicon/imu_vicon.cpp.o
 .text._Z8reverse8h
                0x0000000000002768       0x26 /Users/AlexanderBouman/Desktop/GradSchool/RExLab/SimpleQuad/bin/imu_vicon_feather/libraries/crc8/crc8.cpp.o
                0x0000000000002768                reverse8(unsigned char)
 .text._Z4crc812_CRC8_PARAMSPKhh
                0x000000000000278e       0x5e /Users/AlexanderBouman/Desktop/GradSchool/RExLab/SimpleQuad/bin/imu_vicon_feather/libraries/crc8/crc8.cpp.o
                0x000000000000278e                crc8(_CRC8_PARAMS, unsigned char const*, unsigned char)
 .text._ZN8SPIClass11dmaCallbackEP16Adafruit_ZeroDMA
                0x00000000000027ec       0x18 /Users/AlexanderBouman/Desktop/GradSchool/RExLab/SimpleQuad/bin/imu_vicon_feather/libraries/SPI/SPI.cpp.o
                0x00000000000027ec                SPIClass::dmaCallback(Adafruit_ZeroDMA*)
 .text._ZN8SPIClassC2EP6SERCOMhhh14SercomSpiTXPad11SercomRXPad
                0x0000000000002804       0x74 /Users/AlexanderBouman/Desktop/GradSchool/RExLab/SimpleQuad/bin/imu_vicon_feather/libraries/SPI/SPI.cpp.o
                0x0000000000002804                SPIClass::SPIClass(SERCOM*, unsigned char, unsigned char, unsigned char, SercomSpiTXPad, SercomRXPad)
                0x0000000000002804                SPIClass::SPIClass(SERCOM*, unsigned char, unsigned char, unsigned char, SercomSpiTXPad, SercomRXPad)
 .text._ZN8SPIClass6configE11SPISettings
                0x0000000000002878       0x36 /Users/AlexanderBouman/Desktop/GradSchool/RExLab/SimpleQuad/bin/imu_vicon_feather/libraries/SPI/SPI.cpp.o
                0x0000000000002878                SPIClass::config(SPISettings)
 *fill*         0x00000000000028ae        0x2 
 .text._ZN8SPIClass14usingInterruptEi
                0x00000000000028b0       0x44 /Users/AlexanderBouman/Desktop/GradSchool/RExLab/SimpleQuad/bin/imu_vicon_feather/libraries/SPI/SPI.cpp.o
                0x00000000000028b0                SPIClass::usingInterrupt(int)
 .text._ZN8SPIClass17notUsingInterruptEi
                0x00000000000028f4       0x3c /Users/AlexanderBouman/Desktop/GradSchool/RExLab/SimpleQuad/bin/imu_vicon_feather/libraries/SPI/SPI.cpp.o
                0x00000000000028f4                SPIClass::notUsingInterrupt(int)
 .text._ZN8SPIClass16beginTransactionE11SPISettings
                0x0000000000002930       0x38 /Users/AlexanderBouman/Desktop/GradSchool/RExLab/SimpleQuad/bin/imu_vicon_feather/libraries/SPI/SPI.cpp.o
                0x0000000000002930                SPIClass::beginTransaction(SPISettings)
 .text._ZN8SPIClass14endTransactionEv
                0x0000000000002968       0x28 /Users/AlexanderBouman/Desktop/GradSchool/RExLab/SimpleQuad/bin/imu_vicon_feather/libraries/SPI/SPI.cpp.o
                0x0000000000002968                SPIClass::endTransaction()
 .text._ZN8SPIClass8transferEh
                0x0000000000002990        0xa /Users/AlexanderBouman/Desktop/GradSchool/RExLab/SimpleQuad/bin/imu_vicon_feather/libraries/SPI/SPI.cpp.o
                0x0000000000002990                SPIClass::transfer(unsigned char)
 *fill*         0x000000000000299a        0x2 
 .text._ZN8SPIClass15getDataRegisterEv
                0x000000000000299c       0x20 /Users/AlexanderBouman/Desktop/GradSchool/RExLab/SimpleQuad/bin/imu_vicon_feather/libraries/SPI/SPI.cpp.o
                0x000000000000299c                SPIClass::getDataRegister()
 .text._ZN8SPIClass13getDMAC_ID_TXEv
                0x00000000000029bc       0x24 /Users/AlexanderBouman/Desktop/GradSchool/RExLab/SimpleQuad/bin/imu_vicon_feather/libraries/SPI/SPI.cpp.o
                0x00000000000029bc                SPIClass::getDMAC_ID_TX()
 .text._ZN8SPIClass13getDMAC_ID_RXEv
                0x00000000000029e0       0x24 /Users/AlexanderBouman/Desktop/GradSchool/RExLab/SimpleQuad/bin/imu_vicon_feather/libraries/SPI/SPI.cpp.o
                0x00000000000029e0                SPIClass::getDMAC_ID_RX()
 .text._ZN8SPIClass11dmaAllocateEv
                0x0000000000002a04       0xfc /Users/AlexanderBouman/Desktop/GradSchool/RExLab/SimpleQuad/bin/imu_vicon_feather/libraries/SPI/SPI.cpp.o
                0x0000000000002a04                SPIClass::dmaAllocate()
 .text._ZN8SPIClass5beginEv
                0x0000000000002b00       0x68 /Users/AlexanderBouman/Desktop/GradSchool/RExLab/SimpleQuad/bin/imu_vicon_feather/libraries/SPI/SPI.cpp.o
                0x0000000000002b00                SPIClass::begin()
 .text.startup._GLOBAL__sub_I__ZN8SPIClassC2EP6SERCOMhhh14SercomSpiTXPad11SercomRXPad
                0x0000000000002b68       0x38 /Users/AlexanderBouman/Desktop/GradSchool/RExLab/SimpleQuad/bin/imu_vicon_feather/libraries/SPI/SPI.cpp.o
 .text._ZL22cpu_irq_enter_criticalv
                0x0000000000002ba0       0x2c /Users/AlexanderBouman/Desktop/GradSchool/RExLab/SimpleQuad/bin/imu_vicon_feather/libraries/Adafruit_ZeroDMA/Adafruit_ZeroDMA.cpp.o
 .text._ZL22cpu_irq_leave_criticalv
                0x0000000000002bcc       0x2c /Users/AlexanderBouman/Desktop/GradSchool/RExLab/SimpleQuad/bin/imu_vicon_feather/libraries/Adafruit_ZeroDMA/Adafruit_ZeroDMA.cpp.o
 .text._ZN16Adafruit_ZeroDMAC2Ev
                0x0000000000002bf8       0x20 /Users/AlexanderBouman/Desktop/GradSchool/RExLab/SimpleQuad/bin/imu_vicon_feather/libraries/Adafruit_ZeroDMA/Adafruit_ZeroDMA.cpp.o
                0x0000000000002bf8                Adafruit_ZeroDMA::Adafruit_ZeroDMA()
                0x0000000000002bf8                Adafruit_ZeroDMA::Adafruit_ZeroDMA()
 .text._ZN16Adafruit_ZeroDMA11_IRQhandlerEh
                0x0000000000002c18       0x44 /Users/AlexanderBouman/Desktop/GradSchool/RExLab/SimpleQuad/bin/imu_vicon_feather/libraries/Adafruit_ZeroDMA/Adafruit_ZeroDMA.cpp.o
                0x0000000000002c18                Adafruit_ZeroDMA::_IRQhandler(unsigned char)
 .text.DMAC_Handler
                0x0000000000002c5c       0x48 /Users/AlexanderBouman/Desktop/GradSchool/RExLab/SimpleQuad/bin/imu_vicon_feather/libraries/Adafruit_ZeroDMA/Adafruit_ZeroDMA.cpp.o
                0x0000000000002c5c                DMAC_Handler
 .text._ZN16Adafruit_ZeroDMA8allocateEv
                0x0000000000002ca4      0x134 /Users/AlexanderBouman/Desktop/GradSchool/RExLab/SimpleQuad/bin/imu_vicon_feather/libraries/Adafruit_ZeroDMA/Adafruit_ZeroDMA.cpp.o
                0x0000000000002ca4                Adafruit_ZeroDMA::allocate()
 .text._ZN16Adafruit_ZeroDMA4freeEv
                0x0000000000002dd8       0x84 /Users/AlexanderBouman/Desktop/GradSchool/RExLab/SimpleQuad/bin/imu_vicon_feather/libraries/Adafruit_ZeroDMA/Adafruit_ZeroDMA.cpp.o
                0x0000000000002dd8                Adafruit_ZeroDMA::free()
 .text._ZN16Adafruit_ZeroDMA11setCallbackEPFvPS_E17dma_callback_type
                0x0000000000002e5c        0x8 /Users/AlexanderBouman/Desktop/GradSchool/RExLab/SimpleQuad/bin/imu_vicon_feather/libraries/Adafruit_ZeroDMA/Adafruit_ZeroDMA.cpp.o
                0x0000000000002e5c                Adafruit_ZeroDMA::setCallback(void (*)(Adafruit_ZeroDMA*), dma_callback_type)
 .text._ZN16Adafruit_ZeroDMA10setTriggerEh
                0x0000000000002e64       0x48 /Users/AlexanderBouman/Desktop/GradSchool/RExLab/SimpleQuad/bin/imu_vicon_feather/libraries/Adafruit_ZeroDMA/Adafruit_ZeroDMA.cpp.o
                0x0000000000002e64                Adafruit_ZeroDMA::setTrigger(unsigned char)
 .text._ZN16Adafruit_ZeroDMA9setActionE27dma_transfer_trigger_action
                0x0000000000002eac       0x48 /Users/AlexanderBouman/Desktop/GradSchool/RExLab/SimpleQuad/bin/imu_vicon_feather/libraries/Adafruit_ZeroDMA/Adafruit_ZeroDMA.cpp.o
                0x0000000000002eac                Adafruit_ZeroDMA::setAction(dma_transfer_trigger_action)
 .text._ZN16Adafruit_ZeroDMA10getChannelEv
                0x0000000000002ef4        0x4 /Users/AlexanderBouman/Desktop/GradSchool/RExLab/SimpleQuad/bin/imu_vicon_feather/libraries/Adafruit_ZeroDMA/Adafruit_ZeroDMA.cpp.o
                0x0000000000002ef4                Adafruit_ZeroDMA::getChannel()
 .text._ZN16Adafruit_ZeroDMA13addDescriptorEPvS0_m13dma_beat_sizebbmb
                0x0000000000002ef8      0x14c /Users/AlexanderBouman/Desktop/GradSchool/RExLab/SimpleQuad/bin/imu_vicon_feather/libraries/Adafruit_ZeroDMA/Adafruit_ZeroDMA.cpp.o
                0x0000000000002ef8                Adafruit_ZeroDMA::addDescriptor(void*, void*, unsigned long, dma_beat_size, bool, bool, unsigned long, bool)
 .text._ZN5Print17availableForWriteEv
                0x0000000000003044        0x4 /Users/AlexanderBouman/Desktop/GradSchool/RExLab/SimpleQuad/bin/imu_vicon_feather/libraries/Wire/Wire.cpp.o
                0x0000000000003044                Print::availableForWrite()
 .text._ZN7TwoWire5writeEPKhj
                0x0000000000003048       0x24 /Users/AlexanderBouman/Desktop/GradSchool/RExLab/SimpleQuad/bin/imu_vicon_feather/libraries/Wire/Wire.cpp.o
                0x0000000000003048                TwoWire::write(unsigned char const*, unsigned int)
 .text._ZN7TwoWire5flushEv
                0x000000000000306c        0x2 /Users/AlexanderBouman/Desktop/GradSchool/RExLab/SimpleQuad/bin/imu_vicon_feather/libraries/Wire/Wire.cpp.o
                0x000000000000306c                TwoWire::flush()
 .text._ZN7TwoWire4peekEv
                0x000000000000306e       0x1a /Users/AlexanderBouman/Desktop/GradSchool/RExLab/SimpleQuad/bin/imu_vicon_feather/libraries/Wire/Wire.cpp.o
                0x000000000000306e                TwoWire::peek()
 .text._ZN7TwoWire9availableEv
                0x0000000000003088       0x12 /Users/AlexanderBouman/Desktop/GradSchool/RExLab/SimpleQuad/bin/imu_vicon_feather/libraries/Wire/Wire.cpp.o
                0x0000000000003088                TwoWire::available()
 *fill*         0x000000000000309a        0x2 
 .text._ZN7TwoWireC2EP6SERCOMhh
                0x000000000000309c       0x5c /Users/AlexanderBouman/Desktop/GradSchool/RExLab/SimpleQuad/bin/imu_vicon_feather/libraries/Wire/Wire.cpp.o
                0x000000000000309c                TwoWire::TwoWire(SERCOM*, unsigned char, unsigned char)
                0x000000000000309c                TwoWire::TwoWire(SERCOM*, unsigned char, unsigned char)
 .text._ZN7TwoWire5beginEv
                0x00000000000030f8       0x40 /Users/AlexanderBouman/Desktop/GradSchool/RExLab/SimpleQuad/bin/imu_vicon_feather/libraries/Wire/Wire.cpp.o
                0x00000000000030f8                TwoWire::begin()
 .text._ZN7TwoWire17beginTransmissionEh
                0x0000000000003138       0x16 /Users/AlexanderBouman/Desktop/GradSchool/RExLab/SimpleQuad/bin/imu_vicon_feather/libraries/Wire/Wire.cpp.o
                0x0000000000003138                TwoWire::beginTransmission(unsigned char)
 .text._ZN11RingBufferNILi256EE10store_charEh
                0x000000000000314e       0x1a /Users/AlexanderBouman/Desktop/GradSchool/RExLab/SimpleQuad/bin/imu_vicon_feather/libraries/Wire/Wire.cpp.o
                0x000000000000314e                RingBufferN<256>::store_char(unsigned char)
 .text._ZN7TwoWire11requestFromEhjb
                0x0000000000003168       0x76 /Users/AlexanderBouman/Desktop/GradSchool/RExLab/SimpleQuad/bin/imu_vicon_feather/libraries/Wire/Wire.cpp.o
                0x0000000000003168                TwoWire::requestFrom(unsigned char, unsigned int, bool)
 .text._ZN7TwoWire11requestFromEhj
                0x00000000000031de        0xa /Users/AlexanderBouman/Desktop/GradSchool/RExLab/SimpleQuad/bin/imu_vicon_feather/libraries/Wire/Wire.cpp.o
                0x00000000000031de                TwoWire::requestFrom(unsigned char, unsigned int)
 .text._ZN7TwoWire5writeEh
                0x00000000000031e8       0x2c /Users/AlexanderBouman/Desktop/GradSchool/RExLab/SimpleQuad/bin/imu_vicon_feather/libraries/Wire/Wire.cpp.o
                0x00000000000031e8                TwoWire::write(unsigned char)
 .text._ZN11RingBufferNILi256EE9read_charEv
                0x0000000000003214       0x20 /Users/AlexanderBouman/Desktop/GradSchool/RExLab/SimpleQuad/bin/imu_vicon_feather/libraries/Wire/Wire.cpp.o
                0x0000000000003214                RingBufferN<256>::read_char()
 .text._ZN7TwoWire15endTransmissionEb
                0x0000000000003234       0x70 /Users/AlexanderBouman/Desktop/GradSchool/RExLab/SimpleQuad/bin/imu_vicon_feather/libraries/Wire/Wire.cpp.o
                0x0000000000003234                TwoWire::endTransmission(bool)
 .text._ZN7TwoWire15endTransmissionEv
                0x00000000000032a4        0xa /Users/AlexanderBouman/Desktop/GradSchool/RExLab/SimpleQuad/bin/imu_vicon_feather/libraries/Wire/Wire.cpp.o
                0x00000000000032a4                TwoWire::endTransmission()
 .text._ZN7TwoWire4readEv
                0x00000000000032ae        0xa /Users/AlexanderBouman/Desktop/GradSchool/RExLab/SimpleQuad/bin/imu_vicon_feather/libraries/Wire/Wire.cpp.o
                0x00000000000032ae                TwoWire::read()
 .text._ZN7TwoWire9onServiceEv
                0x00000000000032b8      0x11c /Users/AlexanderBouman/Desktop/GradSchool/RExLab/SimpleQuad/bin/imu_vicon_feather/libraries/Wire/Wire.cpp.o
                0x00000000000032b8                TwoWire::onService()
 .text.SERCOM3_Handler
                0x00000000000033d4       0x10 /Users/AlexanderBouman/Desktop/GradSchool/RExLab/SimpleQuad/bin/imu_vicon_feather/libraries/Wire/Wire.cpp.o
                0x00000000000033d4                SERCOM3_Handler
 .text.startup._GLOBAL__sub_I__ZN7TwoWireC2EP6SERCOMhh
                0x00000000000033e4       0x18 /Users/AlexanderBouman/Desktop/GradSchool/RExLab/SimpleQuad/bin/imu_vicon_feather/libraries/Wire/Wire.cpp.o
 .text._ZN9LoRaClass5writeEh
                0x00000000000033fc       0x14 /Users/AlexanderBouman/Desktop/GradSchool/RExLab/SimpleQuad/bin/imu_vicon_feather/libraries/arduino-LoRa/LoRa.cpp.o
                0x00000000000033fc                LoRaClass::write(unsigned char)
 .text._ZN9LoRaClass5flushEv
                0x0000000000003410        0x2 /Users/AlexanderBouman/Desktop/GradSchool/RExLab/SimpleQuad/bin/imu_vicon_feather/libraries/arduino-LoRa/LoRa.cpp.o
                0x0000000000003410                LoRaClass::flush()
 *fill*         0x0000000000003412        0x2 
 .text._ZN9LoRaClassC2Ev
                0x0000000000003414       0x48 /Users/AlexanderBouman/Desktop/GradSchool/RExLab/SimpleQuad/bin/imu_vicon_feather/libraries/arduino-LoRa/LoRa.cpp.o
                0x0000000000003414                LoRaClass::LoRaClass()
                0x0000000000003414                LoRaClass::LoRaClass()
 .text._ZN9LoRaClass9onReceiveEPFviE
                0x000000000000345c       0x40 /Users/AlexanderBouman/Desktop/GradSchool/RExLab/SimpleQuad/bin/imu_vicon_feather/libraries/arduino-LoRa/LoRa.cpp.o
                0x000000000000345c                LoRaClass::onReceive(void (*)(int))
 .text._ZN9LoRaClass7setPinsEiii
                0x000000000000349c        0x8 /Users/AlexanderBouman/Desktop/GradSchool/RExLab/SimpleQuad/bin/imu_vicon_feather/libraries/arduino-LoRa/LoRa.cpp.o
                0x000000000000349c                LoRaClass::setPins(int, int, int)
 .text._ZN9LoRaClass14singleTransferEhh
                0x00000000000034a4       0x3e /Users/AlexanderBouman/Desktop/GradSchool/RExLab/SimpleQuad/bin/imu_vicon_feather/libraries/arduino-LoRa/LoRa.cpp.o
                0x00000000000034a4                LoRaClass::singleTransfer(unsigned char, unsigned char)
 .text._ZN9LoRaClass12readRegisterEh
                0x00000000000034e2        0xe /Users/AlexanderBouman/Desktop/GradSchool/RExLab/SimpleQuad/bin/imu_vicon_feather/libraries/arduino-LoRa/LoRa.cpp.o
                0x00000000000034e2                LoRaClass::readRegister(unsigned char)
 .text._ZN9LoRaClass9availableEv
                0x00000000000034f0       0x10 /Users/AlexanderBouman/Desktop/GradSchool/RExLab/SimpleQuad/bin/imu_vicon_feather/libraries/arduino-LoRa/LoRa.cpp.o
                0x00000000000034f0                LoRaClass::available()
 .text._ZN9LoRaClass4readEv
                0x0000000000003500       0x24 /Users/AlexanderBouman/Desktop/GradSchool/RExLab/SimpleQuad/bin/imu_vicon_feather/libraries/arduino-LoRa/LoRa.cpp.o
                0x0000000000003500                LoRaClass::read()
 .text._ZN9LoRaClass18getSpreadingFactorEv
                0x0000000000003524        0xc /Users/AlexanderBouman/Desktop/GradSchool/RExLab/SimpleQuad/bin/imu_vicon_feather/libraries/arduino-LoRa/LoRa.cpp.o
                0x0000000000003524                LoRaClass::getSpreadingFactor()
 .text._ZN9LoRaClass18getSignalBandwidthEv
                0x0000000000003530       0x20 /Users/AlexanderBouman/Desktop/GradSchool/RExLab/SimpleQuad/bin/imu_vicon_feather/libraries/arduino-LoRa/LoRa.cpp.o
                0x0000000000003530                LoRaClass::getSignalBandwidth()
 .text._ZN9LoRaClass5writeEPKhj
                0x0000000000003550       0x42 /Users/AlexanderBouman/Desktop/GradSchool/RExLab/SimpleQuad/bin/imu_vicon_feather/libraries/arduino-LoRa/LoRa.cpp.o
                0x0000000000003550                LoRaClass::write(unsigned char const*, unsigned int)
 .text._ZN9LoRaClass4peekEv
                0x0000000000003592       0x36 /Users/AlexanderBouman/Desktop/GradSchool/RExLab/SimpleQuad/bin/imu_vicon_feather/libraries/arduino-LoRa/LoRa.cpp.o
                0x0000000000003592                LoRaClass::peek()
 .text._ZN9LoRaClass4idleEv
                0x00000000000035c8        0xc /Users/AlexanderBouman/Desktop/GradSchool/RExLab/SimpleQuad/bin/imu_vicon_feather/libraries/arduino-LoRa/LoRa.cpp.o
                0x00000000000035c8                LoRaClass::idle()
 .text._ZN9LoRaClass5sleepEv
                0x00000000000035d4        0xc /Users/AlexanderBouman/Desktop/GradSchool/RExLab/SimpleQuad/bin/imu_vicon_feather/libraries/arduino-LoRa/LoRa.cpp.o
                0x00000000000035d4                LoRaClass::sleep()
 .text._ZN9LoRaClass12setFrequencyEl
                0x00000000000035e0       0x44 /Users/AlexanderBouman/Desktop/GradSchool/RExLab/SimpleQuad/bin/imu_vicon_feather/libraries/arduino-LoRa/LoRa.cpp.o
                0x00000000000035e0                LoRaClass::setFrequency(long)
 .text._ZN9LoRaClass10setLdoFlagEv
                0x0000000000003624       0x4a /Users/AlexanderBouman/Desktop/GradSchool/RExLab/SimpleQuad/bin/imu_vicon_feather/libraries/arduino-LoRa/LoRa.cpp.o
                0x0000000000003624                LoRaClass::setLdoFlag()
 .text._ZN9LoRaClass18setSpreadingFactorEi
                0x000000000000366e       0x62 /Users/AlexanderBouman/Desktop/GradSchool/RExLab/SimpleQuad/bin/imu_vicon_feather/libraries/arduino-LoRa/LoRa.cpp.o
                0x000000000000366e                LoRaClass::setSpreadingFactor(int)
 .text._ZN9LoRaClass18setSignalBandwidthEl
                0x00000000000036d0       0x94 /Users/AlexanderBouman/Desktop/GradSchool/RExLab/SimpleQuad/bin/imu_vicon_feather/libraries/arduino-LoRa/LoRa.cpp.o
                0x00000000000036d0                LoRaClass::setSignalBandwidth(long)
 .text._ZN9LoRaClass9enableCrcEv
                0x0000000000003764       0x1a /Users/AlexanderBouman/Desktop/GradSchool/RExLab/SimpleQuad/bin/imu_vicon_feather/libraries/arduino-LoRa/LoRa.cpp.o
                0x0000000000003764                LoRaClass::enableCrc()
 .text._ZN9LoRaClass6setOCPEh
                0x000000000000377e       0x32 /Users/AlexanderBouman/Desktop/GradSchool/RExLab/SimpleQuad/bin/imu_vicon_feather/libraries/arduino-LoRa/LoRa.cpp.o
                0x000000000000377e                LoRaClass::setOCP(unsigned char)
 .text._ZN9LoRaClass10setTxPowerEii
                0x00000000000037b0       0x64 /Users/AlexanderBouman/Desktop/GradSchool/RExLab/SimpleQuad/bin/imu_vicon_feather/libraries/arduino-LoRa/LoRa.cpp.o
                0x00000000000037b0                LoRaClass::setTxPower(int, int)
 .text._ZN9LoRaClass5beginEl
                0x0000000000003814       0xaa /Users/AlexanderBouman/Desktop/GradSchool/RExLab/SimpleQuad/bin/imu_vicon_feather/libraries/arduino-LoRa/LoRa.cpp.o
                0x0000000000003814                LoRaClass::begin(long)
 .text._ZN9LoRaClass18explicitHeaderModeEv
                0x00000000000038be       0x1c /Users/AlexanderBouman/Desktop/GradSchool/RExLab/SimpleQuad/bin/imu_vicon_feather/libraries/arduino-LoRa/LoRa.cpp.o
                0x00000000000038be                LoRaClass::explicitHeaderMode()
 .text._ZN9LoRaClass18implicitHeaderModeEv
                0x00000000000038da       0x1c /Users/AlexanderBouman/Desktop/GradSchool/RExLab/SimpleQuad/bin/imu_vicon_feather/libraries/arduino-LoRa/LoRa.cpp.o
                0x00000000000038da                LoRaClass::implicitHeaderMode()
 .text._ZN9LoRaClass7receiveEi
                0x00000000000038f6       0x34 /Users/AlexanderBouman/Desktop/GradSchool/RExLab/SimpleQuad/bin/imu_vicon_feather/libraries/arduino-LoRa/LoRa.cpp.o
                0x00000000000038f6                LoRaClass::receive(int)
 .text._ZN9LoRaClass14handleDio0RiseEv
                0x000000000000392a       0x64 /Users/AlexanderBouman/Desktop/GradSchool/RExLab/SimpleQuad/bin/imu_vicon_feather/libraries/arduino-LoRa/LoRa.cpp.o
                0x000000000000392a                LoRaClass::handleDio0Rise()
 *fill*         0x000000000000398e        0x2 
 .text._ZN9LoRaClass10onDio0RiseEv
                0x0000000000003990       0x10 /Users/AlexanderBouman/Desktop/GradSchool/RExLab/SimpleQuad/bin/imu_vicon_feather/libraries/arduino-LoRa/LoRa.cpp.o
                0x0000000000003990                LoRaClass::onDio0Rise()
 .text.startup._GLOBAL__sub_I__ZN9LoRaClassC2Ev
                0x00000000000039a0       0x10 /Users/AlexanderBouman/Desktop/GradSchool/RExLab/SimpleQuad/bin/imu_vicon_feather/libraries/arduino-LoRa/LoRa.cpp.o
 .text._ZN15Adafruit_Sensor15enableAutoRangeEb
                0x00000000000039b0        0x2 /Users/AlexanderBouman/Desktop/GradSchool/RExLab/SimpleQuad/bin/imu_vicon_feather/libraries/Adafruit_BNO055/Adafruit_BNO055.cpp.o
                0x00000000000039b0                Adafruit_Sensor::enableAutoRange(bool)
 .text._ZN15Adafruit_BNO055D2Ev
                0x00000000000039b2        0x2 /Users/AlexanderBouman/Desktop/GradSchool/RExLab/SimpleQuad/bin/imu_vicon_feather/libraries/Adafruit_BNO055/Adafruit_BNO055.cpp.o
                0x00000000000039b2                Adafruit_BNO055::~Adafruit_BNO055()
                0x00000000000039b2                Adafruit_BNO055::~Adafruit_BNO055()
 .text._ZN15Adafruit_BNO0559getSensorEP8sensor_t
                0x00000000000039b4       0x40 /Users/AlexanderBouman/Desktop/GradSchool/RExLab/SimpleQuad/bin/imu_vicon_feather/libraries/Adafruit_BNO055/Adafruit_BNO055.cpp.o
                0x00000000000039b4                Adafruit_BNO055::getSensor(sensor_t*)
 .text._ZN15Adafruit_BNO055D0Ev
                0x00000000000039f4        0xc /Users/AlexanderBouman/Desktop/GradSchool/RExLab/SimpleQuad/bin/imu_vicon_feather/libraries/Adafruit_BNO055/Adafruit_BNO055.cpp.o
                0x00000000000039f4                Adafruit_BNO055::~Adafruit_BNO055()
 .text._ZN15Adafruit_BNO055C2ElhP7TwoWire
                0x0000000000003a00       0x14 /Users/AlexanderBouman/Desktop/GradSchool/RExLab/SimpleQuad/bin/imu_vicon_feather/libraries/Adafruit_BNO055/Adafruit_BNO055.cpp.o
                0x0000000000003a00                Adafruit_BNO055::Adafruit_BNO055(long, unsigned char, TwoWire*)
                0x0000000000003a00                Adafruit_BNO055::Adafruit_BNO055(long, unsigned char, TwoWire*)
 .text._ZN15Adafruit_BNO0556write8ENS_21adafruit_bno055_reg_tEh
                0x0000000000003a14       0x2e /Users/AlexanderBouman/Desktop/GradSchool/RExLab/SimpleQuad/bin/imu_vicon_feather/libraries/Adafruit_BNO055/Adafruit_BNO055.cpp.o
                0x0000000000003a14                Adafruit_BNO055::write8(Adafruit_BNO055::adafruit_bno055_reg_t, unsigned char)
 .text._ZN15Adafruit_BNO0557setModeENS_24adafruit_bno055_opmode_tE
                0x0000000000003a42       0x14 /Users/AlexanderBouman/Desktop/GradSchool/RExLab/SimpleQuad/bin/imu_vicon_feather/libraries/Adafruit_BNO055/Adafruit_BNO055.cpp.o
                0x0000000000003a42                Adafruit_BNO055::setMode(Adafruit_BNO055::adafruit_bno055_opmode_t)
 .text._ZN15Adafruit_BNO0555read8ENS_21adafruit_bno055_reg_tE
                0x0000000000003a56       0x34 /Users/AlexanderBouman/Desktop/GradSchool/RExLab/SimpleQuad/bin/imu_vicon_feather/libraries/Adafruit_BNO055/Adafruit_BNO055.cpp.o
                0x0000000000003a56                Adafruit_BNO055::read8(Adafruit_BNO055::adafruit_bno055_reg_t)
 .text._ZN15Adafruit_BNO0555beginENS_24adafruit_bno055_opmode_tE
                0x0000000000003a8a       0x9c /Users/AlexanderBouman/Desktop/GradSchool/RExLab/SimpleQuad/bin/imu_vicon_feather/libraries/Adafruit_BNO055/Adafruit_BNO055.cpp.o
                0x0000000000003a8a                Adafruit_BNO055::begin(Adafruit_BNO055::adafruit_bno055_opmode_t)
 .text._ZN15Adafruit_BNO0557readLenENS_21adafruit_bno055_reg_tEPhh
                0x0000000000003b26       0x44 /Users/AlexanderBouman/Desktop/GradSchool/RExLab/SimpleQuad/bin/imu_vicon_feather/libraries/Adafruit_BNO055/Adafruit_BNO055.cpp.o
                0x0000000000003b26                Adafruit_BNO055::readLen(Adafruit_BNO055::adafruit_bno055_reg_t, unsigned char*, unsigned char)
 *fill*         0x0000000000003b6a        0x2 
 .text._ZN15Adafruit_BNO0559getVectorENS_22adafruit_vector_type_tE
                0x0000000000003b6c       0xd8 /Users/AlexanderBouman/Desktop/GradSchool/RExLab/SimpleQuad/bin/imu_vicon_feather/libraries/Adafruit_BNO055/Adafruit_BNO055.cpp.o
                0x0000000000003b6c                Adafruit_BNO055::getVector(Adafruit_BNO055::adafruit_vector_type_t)
 .text._ZN15Adafruit_BNO0558getEventEP15sensors_event_t
                0x0000000000003c44       0x52 /Users/AlexanderBouman/Desktop/GradSchool/RExLab/SimpleQuad/bin/imu_vicon_feather/libraries/Adafruit_BNO055/Adafruit_BNO055.cpp.o
                0x0000000000003c44                Adafruit_BNO055::getEvent(sensors_event_t*)
 *fill*         0x0000000000003c96        0x2 
 .text.SERCOM0_Handler
                0x0000000000003c98       0x10 /Users/AlexanderBouman/Desktop/GradSchool/RExLab/SimpleQuad/bin/imu_vicon_feather/core/variant.cpp.o
                0x0000000000003c98                SERCOM0_Handler
 .text.SERCOM5_Handler
                0x0000000000003ca8       0x10 /Users/AlexanderBouman/Desktop/GradSchool/RExLab/SimpleQuad/bin/imu_vicon_feather/core/variant.cpp.o
                0x0000000000003ca8                SERCOM5_Handler
 .text.startup._GLOBAL__sub_I_g_APinDescription
                0x0000000000003cb8       0x94 /Users/AlexanderBouman/Desktop/GradSchool/RExLab/SimpleQuad/bin/imu_vicon_feather/core/variant.cpp.o
 .text.attachInterrupt
                0x0000000000003d4c      0x184 /Users/AlexanderBouman/Desktop/GradSchool/RExLab/SimpleQuad/bin/imu_vicon_feather/cache/core/core_adafruit_samd_adafruit_feather_m0_f2beb47221a8863eb2ab3646c1696974.a(WInterrupts.c.o)
                0x0000000000003d4c                attachInterrupt
 .text.detachInterrupt
                0x0000000000003ed0       0x80 /Users/AlexanderBouman/Desktop/GradSchool/RExLab/SimpleQuad/bin/imu_vicon_feather/cache/core/core_adafruit_samd_adafruit_feather_m0_f2beb47221a8863eb2ab3646c1696974.a(WInterrupts.c.o)
                0x0000000000003ed0                detachInterrupt
 .text.EIC_Handler
                0x0000000000003f50       0x3c /Users/AlexanderBouman/Desktop/GradSchool/RExLab/SimpleQuad/bin/imu_vicon_feather/cache/core/core_adafruit_samd_adafruit_feather_m0_f2beb47221a8863eb2ab3646c1696974.a(WInterrupts.c.o)
                0x0000000000003f50                EIC_Handler
 .text.NMI_Handler
                0x0000000000003f8c       0x20 /Users/AlexanderBouman/Desktop/GradSchool/RExLab/SimpleQuad/bin/imu_vicon_feather/cache/core/core_adafruit_samd_adafruit_feather_m0_f2beb47221a8863eb2ab3646c1696974.a(WInterrupts.c.o)
                0x0000000000003f8c                NMI_Handler
 .text.Dummy_Handler
                0x0000000000003fac        0x2 /Users/AlexanderBouman/Desktop/GradSchool/RExLab/SimpleQuad/bin/imu_vicon_feather/cache/core/core_adafruit_samd_adafruit_feather_m0_f2beb47221a8863eb2ab3646c1696974.a(cortex_handlers.c.o)
                0x0000000000003fac                SYSCTRL_Handler
                0x0000000000003fac                AC_Handler
                0x0000000000003fac                PendSV_Handler
                0x0000000000003fac                TC7_Handler
                0x0000000000003fac                SERCOM1_Handler
                0x0000000000003fac                ADC_Handler
                0x0000000000003fac                TCC1_Handler
                0x0000000000003fac                SERCOM2_Handler
                0x0000000000003fac                TCC0_Handler
                0x0000000000003fac                RTC_Handler
                0x0000000000003fac                TC6_Handler
                0x0000000000003fac                WDT_Handler
                0x0000000000003fac                TC4_Handler
                0x0000000000003fac                TC3_Handler
                0x0000000000003fac                Dummy_Handler
                0x0000000000003fac                PM_Handler
                0x0000000000003fac                SVC_Handler
                0x0000000000003fac                TCC2_Handler
                0x0000000000003fac                EVSYS_Handler
                0x0000000000003fac                SERCOM4_Handler
                0x0000000000003fac                I2S_Handler
                0x0000000000003fac                NVMCTRL_Handler
                0x0000000000003fac                DAC_Handler
                0x0000000000003fac                PTC_Handler
                0x0000000000003fac                HardFault_Handler
 *fill*         0x0000000000003fae        0x2 
 .text.USB_Handler
                0x0000000000003fb0       0x14 /Users/AlexanderBouman/Desktop/GradSchool/RExLab/SimpleQuad/bin/imu_vicon_feather/cache/core/core_adafruit_samd_adafruit_feather_m0_f2beb47221a8863eb2ab3646c1696974.a(cortex_handlers.c.o)
                0x0000000000003fb0                USB_Handler
 .text.Reset_Handler
                0x0000000000003fc4       0x54 /Users/AlexanderBouman/Desktop/GradSchool/RExLab/SimpleQuad/bin/imu_vicon_feather/cache/core/core_adafruit_samd_adafruit_feather_m0_f2beb47221a8863eb2ab3646c1696974.a(cortex_handlers.c.o)
                0x0000000000003fc4                Reset_Handler
 .text.SysTick_Handler
                0x0000000000004018       0x10 /Users/AlexanderBouman/Desktop/GradSchool/RExLab/SimpleQuad/bin/imu_vicon_feather/cache/core/core_adafruit_samd_adafruit_feather_m0_f2beb47221a8863eb2ab3646c1696974.a(cortex_handlers.c.o)
                0x0000000000004018                SysTick_Handler
 .text.USB_SetHandler
                0x0000000000004028        0xc /Users/AlexanderBouman/Desktop/GradSchool/RExLab/SimpleQuad/bin/imu_vicon_feather/cache/core/core_adafruit_samd_adafruit_feather_m0_f2beb47221a8863eb2ab3646c1696974.a(cortex_handlers.c.o)
                0x0000000000004028                USB_SetHandler
 .text.millis   0x0000000000004034        0xc /Users/AlexanderBouman/Desktop/GradSchool/RExLab/SimpleQuad/bin/imu_vicon_feather/cache/core/core_adafruit_samd_adafruit_feather_m0_f2beb47221a8863eb2ab3646c1696974.a(delay.c.o)
                0x0000000000004034                millis
 .text.micros   0x0000000000004040       0x60 /Users/AlexanderBouman/Desktop/GradSchool/RExLab/SimpleQuad/bin/imu_vicon_feather/cache/core/core_adafruit_samd_adafruit_feather_m0_f2beb47221a8863eb2ab3646c1696974.a(delay.c.o)
                0x0000000000004040                micros
 .text.delay    0x00000000000040a0       0x2c /Users/AlexanderBouman/Desktop/GradSchool/RExLab/SimpleQuad/bin/imu_vicon_feather/cache/core/core_adafruit_samd_adafruit_feather_m0_f2beb47221a8863eb2ab3646c1696974.a(delay.c.o)
                0x00000000000040a0                delay
 .text.SysTick_DefaultHandler
                0x00000000000040cc       0x14 /Users/AlexanderBouman/Desktop/GradSchool/RExLab/SimpleQuad/bin/imu_vicon_feather/cache/core/core_adafruit_samd_adafruit_feather_m0_f2beb47221a8863eb2ab3646c1696974.a(delay.c.o)
                0x00000000000040cc                SysTick_DefaultHandler
 .text.__empty  0x00000000000040e0        0x2 /Users/AlexanderBouman/Desktop/GradSchool/RExLab/SimpleQuad/bin/imu_vicon_feather/cache/core/core_adafruit_samd_adafruit_feather_m0_f2beb47221a8863eb2ab3646c1696974.a(hooks.c.o)
                0x00000000000040e0                yield
 .text.__false  0x00000000000040e2        0x4 /Users/AlexanderBouman/Desktop/GradSchool/RExLab/SimpleQuad/bin/imu_vicon_feather/cache/core/core_adafruit_samd_adafruit_feather_m0_f2beb47221a8863eb2ab3646c1696974.a(hooks.c.o)
                0x00000000000040e2                sysTickHook
 *fill*         0x00000000000040e6        0x2 
 .text.SystemInit
                0x00000000000040e8      0x160 /Users/AlexanderBouman/Desktop/GradSchool/RExLab/SimpleQuad/bin/imu_vicon_feather/cache/core/core_adafruit_samd_adafruit_feather_m0_f2beb47221a8863eb2ab3646c1696974.a(startup.c.o)
                0x00000000000040e8                SystemInit
 .text.init     0x0000000000004248       0xe0 /Users/AlexanderBouman/Desktop/GradSchool/RExLab/SimpleQuad/bin/imu_vicon_feather/cache/core/core_adafruit_samd_adafruit_feather_m0_f2beb47221a8863eb2ab3646c1696974.a(wiring.c.o)
                0x0000000000004248                init
 .text.analogReference
                0x0000000000004328       0x88 /Users/AlexanderBouman/Desktop/GradSchool/RExLab/SimpleQuad/bin/imu_vicon_feather/cache/core/core_adafruit_samd_adafruit_feather_m0_f2beb47221a8863eb2ab3646c1696974.a(wiring_analog.c.o)
                0x0000000000004328                analogReference
 .text.pinMode  0x00000000000043b0       0x60 /Users/AlexanderBouman/Desktop/GradSchool/RExLab/SimpleQuad/bin/imu_vicon_feather/cache/core/core_adafruit_samd_adafruit_feather_m0_f2beb47221a8863eb2ab3646c1696974.a(wiring_digital.c.o)
                0x00000000000043b0                pinMode
 .text.digitalWrite
                0x0000000000004410       0x58 /Users/AlexanderBouman/Desktop/GradSchool/RExLab/SimpleQuad/bin/imu_vicon_feather/cache/core/core_adafruit_samd_adafruit_feather_m0_f2beb47221a8863eb2ab3646c1696974.a(wiring_digital.c.o)
                0x0000000000004410                digitalWrite
 .text.pinPeripheral
                0x0000000000004468       0xbc /Users/AlexanderBouman/Desktop/GradSchool/RExLab/SimpleQuad/bin/imu_vicon_feather/cache/core/core_adafruit_samd_adafruit_feather_m0_f2beb47221a8863eb2ab3646c1696974.a(wiring_private.c.o)
                0x0000000000004468                pinPeripheral
 .text._ZN5Print5writeEPKhj
                0x0000000000004524       0x24 /Users/AlexanderBouman/Desktop/GradSchool/RExLab/SimpleQuad/bin/imu_vicon_feather/cache/core/core_adafruit_samd_adafruit_feather_m0_f2beb47221a8863eb2ab3646c1696974.a(Print.cpp.o)
                0x0000000000004524                Print::write(unsigned char const*, unsigned int)
 .text._ZN5Print5writeEPKc
                0x0000000000004548       0x1c /Users/AlexanderBouman/Desktop/GradSchool/RExLab/SimpleQuad/bin/imu_vicon_feather/cache/core/core_adafruit_samd_adafruit_feather_m0_f2beb47221a8863eb2ab3646c1696974.a(Print.cpp.o)
                0x0000000000004548                Print::write(char const*)
 .text._ZN5Print5printEPKc
                0x0000000000004564        0x8 /Users/AlexanderBouman/Desktop/GradSchool/RExLab/SimpleQuad/bin/imu_vicon_feather/cache/core/core_adafruit_samd_adafruit_feather_m0_f2beb47221a8863eb2ab3646c1696974.a(Print.cpp.o)
                0x0000000000004564                Print::print(char const*)
 .text._ZN5Print7printlnEv
                0x000000000000456c       0x10 /Users/AlexanderBouman/Desktop/GradSchool/RExLab/SimpleQuad/bin/imu_vicon_feather/cache/core/core_adafruit_samd_adafruit_feather_m0_f2beb47221a8863eb2ab3646c1696974.a(Print.cpp.o)
                0x000000000000456c                Print::println()
 .text._ZN5Print7printlnEPKc
                0x000000000000457c       0x14 /Users/AlexanderBouman/Desktop/GradSchool/RExLab/SimpleQuad/bin/imu_vicon_feather/cache/core/core_adafruit_samd_adafruit_feather_m0_f2beb47221a8863eb2ab3646c1696974.a(Print.cpp.o)
                0x000000000000457c                Print::println(char const*)
 .text.initiateReset
                0x0000000000004590        0xc /Users/AlexanderBouman/Desktop/GradSchool/RExLab/SimpleQuad/bin/imu_vicon_feather/cache/core/core_adafruit_samd_adafruit_feather_m0_f2beb47221a8863eb2ab3646c1696974.a(Reset.cpp.o)
                0x0000000000004590                initiateReset
 .text.cancelReset
                0x000000000000459c       0x10 /Users/AlexanderBouman/Desktop/GradSchool/RExLab/SimpleQuad/bin/imu_vicon_feather/cache/core/core_adafruit_samd_adafruit_feather_m0_f2beb47221a8863eb2ab3646c1696974.a(Reset.cpp.o)
                0x000000000000459c                cancelReset
 .text.tickReset
                0x00000000000045ac       0x74 /Users/AlexanderBouman/Desktop/GradSchool/RExLab/SimpleQuad/bin/imu_vicon_feather/cache/core/core_adafruit_samd_adafruit_feather_m0_f2beb47221a8863eb2ab3646c1696974.a(Reset.cpp.o)
                0x00000000000045ac                tickReset
 .text._ZN6SERCOMC2EP6Sercom
                0x0000000000004620        0x4 /Users/AlexanderBouman/Desktop/GradSchool/RExLab/SimpleQuad/bin/imu_vicon_feather/cache/core/core_adafruit_samd_adafruit_feather_m0_f2beb47221a8863eb2ab3646c1696974.a(SERCOM.cpp.o)
                0x0000000000004620                SERCOM::SERCOM(Sercom*)
                0x0000000000004620                SERCOM::SERCOM(Sercom*)
 .text._ZN6SERCOM9initFrameE18SercomUartCharSize15SercomDataOrder16SercomParityMode19SercomNumberStopBit
                0x0000000000004624       0x3a /Users/AlexanderBouman/Desktop/GradSchool/RExLab/SimpleQuad/bin/imu_vicon_feather/cache/core/core_adafruit_samd_adafruit_feather_m0_f2beb47221a8863eb2ab3646c1696974.a(SERCOM.cpp.o)
                0x0000000000004624                SERCOM::initFrame(SercomUartCharSize, SercomDataOrder, SercomParityMode, SercomNumberStopBit)
 .text._ZN6SERCOM8initPadsE15SercomUartTXPad11SercomRXPad
                0x000000000000465e       0x26 /Users/AlexanderBouman/Desktop/GradSchool/RExLab/SimpleQuad/bin/imu_vicon_feather/cache/core/core_adafruit_samd_adafruit_feather_m0_f2beb47221a8863eb2ab3646c1696974.a(SERCOM.cpp.o)
                0x000000000000465e                SERCOM::initPads(SercomUartTXPad, SercomRXPad)
 .text._ZN6SERCOM9resetUARTEv
                0x0000000000004684       0x1a /Users/AlexanderBouman/Desktop/GradSchool/RExLab/SimpleQuad/bin/imu_vicon_feather/cache/core/core_adafruit_samd_adafruit_feather_m0_f2beb47221a8863eb2ab3646c1696974.a(SERCOM.cpp.o)
                0x0000000000004684                SERCOM::resetUART()
 .text._ZN6SERCOM10enableUARTEv
                0x000000000000469e       0x14 /Users/AlexanderBouman/Desktop/GradSchool/RExLab/SimpleQuad/bin/imu_vicon_feather/cache/core/core_adafruit_samd_adafruit_feather_m0_f2beb47221a8863eb2ab3646c1696974.a(SERCOM.cpp.o)
                0x000000000000469e                SERCOM::enableUART()
 .text._ZN6SERCOM9flushUARTEv
                0x00000000000046b2       0x10 /Users/AlexanderBouman/Desktop/GradSchool/RExLab/SimpleQuad/bin/imu_vicon_feather/cache/core/core_adafruit_samd_adafruit_feather_m0_f2beb47221a8863eb2ab3646c1696974.a(SERCOM.cpp.o)
                0x00000000000046b2                SERCOM::flushUART()
 .text._ZN6SERCOM15clearStatusUARTEv
                0x00000000000046c2        0x8 /Users/AlexanderBouman/Desktop/GradSchool/RExLab/SimpleQuad/bin/imu_vicon_feather/cache/core/core_adafruit_samd_adafruit_feather_m0_f2beb47221a8863eb2ab3646c1696974.a(SERCOM.cpp.o)
                0x00000000000046c2                SERCOM::clearStatusUART()
 .text._ZN6SERCOM17availableDataUARTEv
                0x00000000000046ca        0xa /Users/AlexanderBouman/Desktop/GradSchool/RExLab/SimpleQuad/bin/imu_vicon_feather/cache/core/core_adafruit_samd_adafruit_feather_m0_f2beb47221a8863eb2ab3646c1696974.a(SERCOM.cpp.o)
                0x00000000000046ca                SERCOM::availableDataUART()
 .text._ZN6SERCOM11isUARTErrorEv
                0x00000000000046d4        0x8 /Users/AlexanderBouman/Desktop/GradSchool/RExLab/SimpleQuad/bin/imu_vicon_feather/cache/core/core_adafruit_samd_adafruit_feather_m0_f2beb47221a8863eb2ab3646c1696974.a(SERCOM.cpp.o)
                0x00000000000046d4                SERCOM::isUARTError()
 .text._ZN6SERCOM20acknowledgeUARTErrorEv
                0x00000000000046dc        0xe /Users/AlexanderBouman/Desktop/GradSchool/RExLab/SimpleQuad/bin/imu_vicon_feather/cache/core/core_adafruit_samd_adafruit_feather_m0_f2beb47221a8863eb2ab3646c1696974.a(SERCOM.cpp.o)
                0x00000000000046dc                SERCOM::acknowledgeUARTError()
 .text._ZN6SERCOM16isFrameErrorUARTEv
                0x00000000000046ea        0xa /Users/AlexanderBouman/Desktop/GradSchool/RExLab/SimpleQuad/bin/imu_vicon_feather/cache/core/core_adafruit_samd_adafruit_feather_m0_f2beb47221a8863eb2ab3646c1696974.a(SERCOM.cpp.o)
                0x00000000000046ea                SERCOM::isFrameErrorUART()
 .text._ZN6SERCOM19clearFrameErrorUARTEv
                0x00000000000046f4        0xc /Users/AlexanderBouman/Desktop/GradSchool/RExLab/SimpleQuad/bin/imu_vicon_feather/cache/core/core_adafruit_samd_adafruit_feather_m0_f2beb47221a8863eb2ab3646c1696974.a(SERCOM.cpp.o)
                0x00000000000046f4                SERCOM::clearFrameErrorUART()
 .text._ZN6SERCOM23isDataRegisterEmptyUARTEv
                0x0000000000004700        0xa /Users/AlexanderBouman/Desktop/GradSchool/RExLab/SimpleQuad/bin/imu_vicon_feather/cache/core/core_adafruit_samd_adafruit_feather_m0_f2beb47221a8863eb2ab3646c1696974.a(SERCOM.cpp.o)
                0x0000000000004700                SERCOM::isDataRegisterEmptyUART()
 .text._ZN6SERCOM12readDataUARTEv
                0x000000000000470a        0x8 /Users/AlexanderBouman/Desktop/GradSchool/RExLab/SimpleQuad/bin/imu_vicon_feather/cache/core/core_adafruit_samd_adafruit_feather_m0_f2beb47221a8863eb2ab3646c1696974.a(SERCOM.cpp.o)
                0x000000000000470a                SERCOM::readDataUART()
 .text._ZN6SERCOM13writeDataUARTEh
                0x0000000000004712       0x10 /Users/AlexanderBouman/Desktop/GradSchool/RExLab/SimpleQuad/bin/imu_vicon_feather/cache/core/core_adafruit_samd_adafruit_feather_m0_f2beb47221a8863eb2ab3646c1696974.a(SERCOM.cpp.o)
                0x0000000000004712                SERCOM::writeDataUART(unsigned char)
 .text._ZN6SERCOM36enableDataRegisterEmptyInterruptUARTEv
                0x0000000000004722        0x8 /Users/AlexanderBouman/Desktop/GradSchool/RExLab/SimpleQuad/bin/imu_vicon_feather/cache/core/core_adafruit_samd_adafruit_feather_m0_f2beb47221a8863eb2ab3646c1696974.a(SERCOM.cpp.o)
                0x0000000000004722                SERCOM::enableDataRegisterEmptyInterruptUART()
 .text._ZN6SERCOM37disableDataRegisterEmptyInterruptUARTEv
                0x000000000000472a        0x8 /Users/AlexanderBouman/Desktop/GradSchool/RExLab/SimpleQuad/bin/imu_vicon_feather/cache/core/core_adafruit_samd_adafruit_feather_m0_f2beb47221a8863eb2ab3646c1696974.a(SERCOM.cpp.o)
                0x000000000000472a                SERCOM::disableDataRegisterEmptyInterruptUART()
 .text._ZN6SERCOM8resetSPIEv
                0x0000000000004732       0x1a /Users/AlexanderBouman/Desktop/GradSchool/RExLab/SimpleQuad/bin/imu_vicon_feather/cache/core/core_adafruit_samd_adafruit_feather_m0_f2beb47221a8863eb2ab3646c1696974.a(SERCOM.cpp.o)
                0x0000000000004732                SERCOM::resetSPI()
 .text._ZN6SERCOM9enableSPIEv
                0x000000000000474c       0x14 /Users/AlexanderBouman/Desktop/GradSchool/RExLab/SimpleQuad/bin/imu_vicon_feather/cache/core/core_adafruit_samd_adafruit_feather_m0_f2beb47221a8863eb2ab3646c1696974.a(SERCOM.cpp.o)
                0x000000000000474c                SERCOM::enableSPI()
 .text._ZN6SERCOM10disableSPIEv
                0x0000000000004760       0x12 /Users/AlexanderBouman/Desktop/GradSchool/RExLab/SimpleQuad/bin/imu_vicon_feather/cache/core/core_adafruit_samd_adafruit_feather_m0_f2beb47221a8863eb2ab3646c1696974.a(SERCOM.cpp.o)
                0x0000000000004760                SERCOM::disableSPI()
 .text._ZN6SERCOM15transferDataSPIEh
                0x0000000000004772       0x1a /Users/AlexanderBouman/Desktop/GradSchool/RExLab/SimpleQuad/bin/imu_vicon_feather/cache/core/core_adafruit_samd_adafruit_feather_m0_f2beb47221a8863eb2ab3646c1696974.a(SERCOM.cpp.o)
                0x0000000000004772                SERCOM::transferDataSPI(unsigned char)
 .text._ZN6SERCOM28calculateBaudrateSynchronousEm
                0x000000000000478c       0x1c /Users/AlexanderBouman/Desktop/GradSchool/RExLab/SimpleQuad/bin/imu_vicon_feather/cache/core/core_adafruit_samd_adafruit_feather_m0_f2beb47221a8863eb2ab3646c1696974.a(SERCOM.cpp.o)
                0x000000000000478c                SERCOM::calculateBaudrateSynchronous(unsigned long)
 .text._ZN6SERCOM12initSPIClockE18SercomSpiClockModem
                0x00000000000047a8       0x26 /Users/AlexanderBouman/Desktop/GradSchool/RExLab/SimpleQuad/bin/imu_vicon_feather/cache/core/core_adafruit_samd_adafruit_feather_m0_f2beb47221a8863eb2ab3646c1696974.a(SERCOM.cpp.o)
                0x00000000000047a8                SERCOM::initSPIClock(SercomSpiClockMode, unsigned long)
 .text._ZN6SERCOM9resetWIREEv
                0x00000000000047ce       0x1a /Users/AlexanderBouman/Desktop/GradSchool/RExLab/SimpleQuad/bin/imu_vicon_feather/cache/core/core_adafruit_samd_adafruit_feather_m0_f2beb47221a8863eb2ab3646c1696974.a(SERCOM.cpp.o)
                0x00000000000047ce                SERCOM::resetWIRE()
 .text._ZN6SERCOM10enableWIREEv
                0x00000000000047e8       0x2a /Users/AlexanderBouman/Desktop/GradSchool/RExLab/SimpleQuad/bin/imu_vicon_feather/cache/core/core_adafruit_samd_adafruit_feather_m0_f2beb47221a8863eb2ab3646c1696974.a(SERCOM.cpp.o)
                0x00000000000047e8                SERCOM::enableWIRE()
 .text._ZN6SERCOM18prepareNackBitWIREEv
                0x0000000000004812       0x10 /Users/AlexanderBouman/Desktop/GradSchool/RExLab/SimpleQuad/bin/imu_vicon_feather/cache/core/core_adafruit_samd_adafruit_feather_m0_f2beb47221a8863eb2ab3646c1696974.a(SERCOM.cpp.o)
                0x0000000000004812                SERCOM::prepareNackBitWIRE()
 *fill*         0x0000000000004822        0x2 
 .text._ZN6SERCOM17prepareAckBitWIREEv
                0x0000000000004824       0x14 /Users/AlexanderBouman/Desktop/GradSchool/RExLab/SimpleQuad/bin/imu_vicon_feather/cache/core/core_adafruit_samd_adafruit_feather_m0_f2beb47221a8863eb2ab3646c1696974.a(SERCOM.cpp.o)
                0x0000000000004824                SERCOM::prepareAckBitWIRE()
 .text._ZN6SERCOM22prepareCommandBitsWireEh
                0x0000000000004838       0x2c /Users/AlexanderBouman/Desktop/GradSchool/RExLab/SimpleQuad/bin/imu_vicon_feather/cache/core/core_adafruit_samd_adafruit_feather_m0_f2beb47221a8863eb2ab3646c1696974.a(SERCOM.cpp.o)
                0x0000000000004838                SERCOM::prepareCommandBitsWire(unsigned char)
 .text._ZN6SERCOM21startTransmissionWIREEh23SercomWireReadWriteFlag
                0x0000000000004864       0x7c /Users/AlexanderBouman/Desktop/GradSchool/RExLab/SimpleQuad/bin/imu_vicon_feather/cache/core/core_adafruit_samd_adafruit_feather_m0_f2beb47221a8863eb2ab3646c1696974.a(SERCOM.cpp.o)
                0x0000000000004864                SERCOM::startTransmissionWIRE(unsigned char, SercomWireReadWriteFlag)
 .text._ZN6SERCOM18sendDataMasterWIREEh
                0x00000000000048e0       0x26 /Users/AlexanderBouman/Desktop/GradSchool/RExLab/SimpleQuad/bin/imu_vicon_feather/cache/core/core_adafruit_samd_adafruit_feather_m0_f2beb47221a8863eb2ab3646c1696974.a(SERCOM.cpp.o)
                0x00000000000048e0                SERCOM::sendDataMasterWIRE(unsigned char)
 .text._ZN6SERCOM17sendDataSlaveWIREEh
                0x0000000000004906       0x1e /Users/AlexanderBouman/Desktop/GradSchool/RExLab/SimpleQuad/bin/imu_vicon_feather/cache/core/core_adafruit_samd_adafruit_feather_m0_f2beb47221a8863eb2ab3646c1696974.a(SERCOM.cpp.o)
                0x0000000000004906                SERCOM::sendDataSlaveWIRE(unsigned char)
 .text._ZN6SERCOM11isSlaveWIREEv
                0x0000000000004924       0x12 /Users/AlexanderBouman/Desktop/GradSchool/RExLab/SimpleQuad/bin/imu_vicon_feather/cache/core/core_adafruit_samd_adafruit_feather_m0_f2beb47221a8863eb2ab3646c1696974.a(SERCOM.cpp.o)
                0x0000000000004924                SERCOM::isSlaveWIRE()
 .text._ZN6SERCOM15isDataReadyWIREEv
                0x0000000000004936        0xa /Users/AlexanderBouman/Desktop/GradSchool/RExLab/SimpleQuad/bin/imu_vicon_feather/cache/core/core_adafruit_samd_adafruit_feather_m0_f2beb47221a8863eb2ab3646c1696974.a(SERCOM.cpp.o)
                0x0000000000004936                SERCOM::isDataReadyWIRE()
 .text._ZN6SERCOM18isStopDetectedWIREEv
                0x0000000000004940        0xa /Users/AlexanderBouman/Desktop/GradSchool/RExLab/SimpleQuad/bin/imu_vicon_feather/cache/core/core_adafruit_samd_adafruit_feather_m0_f2beb47221a8863eb2ab3646c1696974.a(SERCOM.cpp.o)
                0x0000000000004940                SERCOM::isStopDetectedWIRE()
 .text._ZN6SERCOM21isRestartDetectedWIREEv
                0x000000000000494a        0xa /Users/AlexanderBouman/Desktop/GradSchool/RExLab/SimpleQuad/bin/imu_vicon_feather/cache/core/core_adafruit_samd_adafruit_feather_m0_f2beb47221a8863eb2ab3646c1696974.a(SERCOM.cpp.o)
                0x000000000000494a                SERCOM::isRestartDetectedWIRE()
 .text._ZN6SERCOM14isAddressMatchEv
                0x0000000000004954        0xa /Users/AlexanderBouman/Desktop/GradSchool/RExLab/SimpleQuad/bin/imu_vicon_feather/cache/core/core_adafruit_samd_adafruit_feather_m0_f2beb47221a8863eb2ab3646c1696974.a(SERCOM.cpp.o)
                0x0000000000004954                SERCOM::isAddressMatch()
 .text._ZN6SERCOM25isMasterReadOperationWIREEv
                0x000000000000495e        0xa /Users/AlexanderBouman/Desktop/GradSchool/RExLab/SimpleQuad/bin/imu_vicon_feather/cache/core/core_adafruit_samd_adafruit_feather_m0_f2beb47221a8863eb2ab3646c1696974.a(SERCOM.cpp.o)
                0x000000000000495e                SERCOM::isMasterReadOperationWIRE()
 .text._ZN6SERCOM12readDataWIREEv
                0x0000000000004968       0x1a /Users/AlexanderBouman/Desktop/GradSchool/RExLab/SimpleQuad/bin/imu_vicon_feather/cache/core/core_adafruit_samd_adafruit_feather_m0_f2beb47221a8863eb2ab3646c1696974.a(SERCOM.cpp.o)
                0x0000000000004968                SERCOM::readDataWIRE()
 *fill*         0x0000000000004982        0x2 
 .text._ZN6SERCOM14getSercomIndexEv
                0x0000000000004984       0x5c /Users/AlexanderBouman/Desktop/GradSchool/RExLab/SimpleQuad/bin/imu_vicon_feather/cache/core/core_adafruit_samd_adafruit_feather_m0_f2beb47221a8863eb2ab3646c1696974.a(SERCOM.cpp.o)
                0x0000000000004984                SERCOM::getSercomIndex()
 .text._ZN6SERCOM13initClockNVICEv
                0x00000000000049e0       0x90 /Users/AlexanderBouman/Desktop/GradSchool/RExLab/SimpleQuad/bin/imu_vicon_feather/cache/core/core_adafruit_samd_adafruit_feather_m0_f2beb47221a8863eb2ab3646c1696974.a(SERCOM.cpp.o)
                0x00000000000049e0                SERCOM::initClockNVIC()
 .text._ZN6SERCOM8initUARTE14SercomUartMode20SercomUartSampleRatem
                0x0000000000004a70       0x6c /Users/AlexanderBouman/Desktop/GradSchool/RExLab/SimpleQuad/bin/imu_vicon_feather/cache/core/core_adafruit_samd_adafruit_feather_m0_f2beb47221a8863eb2ab3646c1696974.a(SERCOM.cpp.o)
                0x0000000000004a70                SERCOM::initUART(SercomUartMode, SercomUartSampleRate, unsigned long)
 .text._ZN6SERCOM7initSPIE14SercomSpiTXPad11SercomRXPad17SercomSpiCharSize15SercomDataOrder
                0x0000000000004adc       0x52 /Users/AlexanderBouman/Desktop/GradSchool/RExLab/SimpleQuad/bin/imu_vicon_feather/cache/core/core_adafruit_samd_adafruit_feather_m0_f2beb47221a8863eb2ab3646c1696974.a(SERCOM.cpp.o)
                0x0000000000004adc                SERCOM::initSPI(SercomSpiTXPad, SercomRXPad, SercomSpiCharSize, SercomDataOrder)
 *fill*         0x0000000000004b2e        0x2 
 .text._ZN6SERCOM14initMasterWIREEm
                0x0000000000004b30       0x54 /Users/AlexanderBouman/Desktop/GradSchool/RExLab/SimpleQuad/bin/imu_vicon_feather/cache/core/core_adafruit_samd_adafruit_feather_m0_f2beb47221a8863eb2ab3646c1696974.a(SERCOM.cpp.o)
                0x0000000000004b30                SERCOM::initMasterWIRE(unsigned long)
 .text._ZN6Stream9timedReadEv
                0x0000000000004b84       0x2e /Users/AlexanderBouman/Desktop/GradSchool/RExLab/SimpleQuad/bin/imu_vicon_feather/cache/core/core_adafruit_samd_adafruit_feather_m0_f2beb47221a8863eb2ab3646c1696974.a(Stream.cpp.o)
                0x0000000000004b84                Stream::timedRead()
 .text._ZN6Stream10setTimeoutEm
                0x0000000000004bb2        0x4 /Users/AlexanderBouman/Desktop/GradSchool/RExLab/SimpleQuad/bin/imu_vicon_feather/cache/core/core_adafruit_samd_adafruit_feather_m0_f2beb47221a8863eb2ab3646c1696974.a(Stream.cpp.o)
                0x0000000000004bb2                Stream::setTimeout(unsigned long)
 .text._ZN6Stream9readBytesEPcj
                0x0000000000004bb6       0x22 /Users/AlexanderBouman/Desktop/GradSchool/RExLab/SimpleQuad/bin/imu_vicon_feather/cache/core/core_adafruit_samd_adafruit_feather_m0_f2beb47221a8863eb2ab3646c1696974.a(Stream.cpp.o)
                0x0000000000004bb6                Stream::readBytes(char*, unsigned int)
 .text._ZN7Serial_17availableForWriteEv
                0x0000000000004bd8        0x4 /Users/AlexanderBouman/Desktop/GradSchool/RExLab/SimpleQuad/bin/imu_vicon_feather/cache/core/core_adafruit_samd_adafruit_feather_m0_f2beb47221a8863eb2ab3646c1696974.a(CDC.cpp.o)
                0x0000000000004bd8                Serial_::availableForWrite()
 .text._ZN7Serial_5writeEh
                0x0000000000004bdc       0x14 /Users/AlexanderBouman/Desktop/GradSchool/RExLab/SimpleQuad/bin/imu_vicon_feather/cache/core/core_adafruit_samd_adafruit_feather_m0_f2beb47221a8863eb2ab3646c1696974.a(CDC.cpp.o)
                0x0000000000004bdc                Serial_::write(unsigned char)
 .text._ZN7Serial_9availableEv
                0x0000000000004bf0        0xc /Users/AlexanderBouman/Desktop/GradSchool/RExLab/SimpleQuad/bin/imu_vicon_feather/cache/core/core_adafruit_samd_adafruit_feather_m0_f2beb47221a8863eb2ab3646c1696974.a(CDC.cpp.o)
                0x0000000000004bf0                Serial_::available()
 .text._ZN7Serial_5flushEv
                0x0000000000004bfc        0xc /Users/AlexanderBouman/Desktop/GradSchool/RExLab/SimpleQuad/bin/imu_vicon_feather/cache/core/core_adafruit_samd_adafruit_feather_m0_f2beb47221a8863eb2ab3646c1696974.a(CDC.cpp.o)
                0x0000000000004bfc                Serial_::flush()
 .text._ZN7Serial_5writeEPKhj
                0x0000000000004c08       0x2c /Users/AlexanderBouman/Desktop/GradSchool/RExLab/SimpleQuad/bin/imu_vicon_feather/cache/core/core_adafruit_samd_adafruit_feather_m0_f2beb47221a8863eb2ab3646c1696974.a(CDC.cpp.o)
                0x0000000000004c08                Serial_::write(unsigned char const*, unsigned int)
 .text._ZN7Serial_4peekEv
                0x0000000000004c34       0x1c /Users/AlexanderBouman/Desktop/GradSchool/RExLab/SimpleQuad/bin/imu_vicon_feather/cache/core/core_adafruit_samd_adafruit_feather_m0_f2beb47221a8863eb2ab3646c1696974.a(CDC.cpp.o)
                0x0000000000004c34                Serial_::peek()
 .text._ZN7Serial_4readEv
                0x0000000000004c50       0x24 /Users/AlexanderBouman/Desktop/GradSchool/RExLab/SimpleQuad/bin/imu_vicon_feather/cache/core/core_adafruit_samd_adafruit_feather_m0_f2beb47221a8863eb2ab3646c1696974.a(CDC.cpp.o)
                0x0000000000004c50                Serial_::read()
 .text._Z16CDC_GetInterfacePh
                0x0000000000004c74       0x1c /Users/AlexanderBouman/Desktop/GradSchool/RExLab/SimpleQuad/bin/imu_vicon_feather/cache/core/core_adafruit_samd_adafruit_feather_m0_f2beb47221a8863eb2ab3646c1696974.a(CDC.cpp.o)
                0x0000000000004c74                CDC_GetInterface(unsigned char*)
 .text._Z9CDC_SetupR8USBSetup
                0x0000000000004c90       0x7c /Users/AlexanderBouman/Desktop/GradSchool/RExLab/SimpleQuad/bin/imu_vicon_feather/cache/core/core_adafruit_samd_adafruit_feather_m0_f2beb47221a8863eb2ab3646c1696974.a(CDC.cpp.o)
                0x0000000000004c90                CDC_Setup(USBSetup&)
 .text._ZN7Serial_cvbEv
                0x0000000000004d0c       0x28 /Users/AlexanderBouman/Desktop/GradSchool/RExLab/SimpleQuad/bin/imu_vicon_feather/cache/core/core_adafruit_samd_adafruit_feather_m0_f2beb47221a8863eb2ab3646c1696974.a(CDC.cpp.o)
                0x0000000000004d0c                Serial_::operator bool()
 .text.startup._GLOBAL__sub_I__Z17_CDC_GetInterfacev
                0x0000000000004d34       0x28 /Users/AlexanderBouman/Desktop/GradSchool/RExLab/SimpleQuad/bin/imu_vicon_feather/cache/core/core_adafruit_samd_adafruit_feather_m0_f2beb47221a8863eb2ab3646c1696974.a(CDC.cpp.o)
 .text._ZN26DoubleBufferedEPOutHandler4initEv
                0x0000000000004d5c        0x2 /Users/AlexanderBouman/Desktop/GradSchool/RExLab/SimpleQuad/bin/imu_vicon_feather/cache/core/core_adafruit_samd_adafruit_feather_m0_f2beb47221a8863eb2ab3646c1696974.a(USBCore.cpp.o)
                0x0000000000004d5c                DoubleBufferedEPOutHandler::init()
 .text._ZL5utox8mPc
                0x0000000000004d5e       0x26 /Users/AlexanderBouman/Desktop/GradSchool/RExLab/SimpleQuad/bin/imu_vicon_feather/cache/core/core_adafruit_samd_adafruit_feather_m0_f2beb47221a8863eb2ab3646c1696974.a(USBCore.cpp.o)
 .text._ZN26DoubleBufferedEPOutHandlerD2Ev
                0x0000000000004d84       0x14 /Users/AlexanderBouman/Desktop/GradSchool/RExLab/SimpleQuad/bin/imu_vicon_feather/cache/core/core_adafruit_samd_adafruit_feather_m0_f2beb47221a8863eb2ab3646c1696974.a(USBCore.cpp.o)
                0x0000000000004d84                DoubleBufferedEPOutHandler::~DoubleBufferedEPOutHandler()
                0x0000000000004d84                DoubleBufferedEPOutHandler::~DoubleBufferedEPOutHandler()
 .text._ZN26DoubleBufferedEPOutHandlerD0Ev
                0x0000000000004d98       0x12 /Users/AlexanderBouman/Desktop/GradSchool/RExLab/SimpleQuad/bin/imu_vicon_feather/cache/core/core_adafruit_samd_adafruit_feather_m0_f2beb47221a8863eb2ab3646c1696974.a(USBCore.cpp.o)
                0x0000000000004d98                DoubleBufferedEPOutHandler::~DoubleBufferedEPOutHandler()
 *fill*         0x0000000000004daa        0x2 
 .text._ZN14USBDeviceClass6initEPEmm.part.0
                0x0000000000004dac       0xe8 /Users/AlexanderBouman/Desktop/GradSchool/RExLab/SimpleQuad/bin/imu_vicon_feather/cache/core/core_adafruit_samd_adafruit_feather_m0_f2beb47221a8863eb2ab3646c1696974.a(USBCore.cpp.o)
 .text._ZN7__GuardC2Ev
                0x0000000000004e94        0xe /Users/AlexanderBouman/Desktop/GradSchool/RExLab/SimpleQuad/bin/imu_vicon_feather/cache/core/core_adafruit_samd_adafruit_feather_m0_f2beb47221a8863eb2ab3646c1696974.a(USBCore.cpp.o)
                0x0000000000004e94                __Guard::__Guard()
                0x0000000000004e94                __Guard::__Guard()
 .text._ZN7__GuardD2Ev
                0x0000000000004ea2        0xe /Users/AlexanderBouman/Desktop/GradSchool/RExLab/SimpleQuad/bin/imu_vicon_feather/cache/core/core_adafruit_samd_adafruit_feather_m0_f2beb47221a8863eb2ab3646c1696974.a(USBCore.cpp.o)
                0x0000000000004ea2                __Guard::~__Guard()
                0x0000000000004ea2                __Guard::~__Guard()
 .text._ZNK26DoubleBufferedEPOutHandler9availableEv
                0x0000000000004eb0       0x5e /Users/AlexanderBouman/Desktop/GradSchool/RExLab/SimpleQuad/bin/imu_vicon_feather/cache/core/core_adafruit_samd_adafruit_feather_m0_f2beb47221a8863eb2ab3646c1696974.a(USBCore.cpp.o)
                0x0000000000004eb0                DoubleBufferedEPOutHandler::available() const
 *fill*         0x0000000000004f0e        0x2 
 .text._ZN26DoubleBufferedEPOutHandler7releaseEv
                0x0000000000004f10       0x54 /Users/AlexanderBouman/Desktop/GradSchool/RExLab/SimpleQuad/bin/imu_vicon_feather/cache/core/core_adafruit_samd_adafruit_feather_m0_f2beb47221a8863eb2ab3646c1696974.a(USBCore.cpp.o)
                0x0000000000004f10                DoubleBufferedEPOutHandler::release()
 .text._ZN26DoubleBufferedEPOutHandler4recvEPvm
                0x0000000000004f64      0x11a /Users/AlexanderBouman/Desktop/GradSchool/RExLab/SimpleQuad/bin/imu_vicon_feather/cache/core/core_adafruit_samd_adafruit_feather_m0_f2beb47221a8863eb2ab3646c1696974.a(USBCore.cpp.o)
                0x0000000000004f64                DoubleBufferedEPOutHandler::recv(void*, unsigned long)
 .text._ZN26DoubleBufferedEPOutHandler14handleEndpointEv
                0x000000000000507e       0xc2 /Users/AlexanderBouman/Desktop/GradSchool/RExLab/SimpleQuad/bin/imu_vicon_feather/cache/core/core_adafruit_samd_adafruit_feather_m0_f2beb47221a8863eb2ab3646c1696974.a(USBCore.cpp.o)
                0x000000000000507e                DoubleBufferedEPOutHandler::handleEndpoint()
 .text._ZN14USBDeviceClass14SendInterfacesEPm
                0x0000000000005140       0x2e /Users/AlexanderBouman/Desktop/GradSchool/RExLab/SimpleQuad/bin/imu_vicon_feather/cache/core/core_adafruit_samd_adafruit_feather_m0_f2beb47221a8863eb2ab3646c1696974.a(USBCore.cpp.o)
                0x0000000000005140                USBDeviceClass::SendInterfaces(unsigned long*)
 *fill*         0x000000000000516e        0x2 
 .text._ZN14USBDeviceClass14handleEndpointEh
                0x0000000000005170       0x44 /Users/AlexanderBouman/Desktop/GradSchool/RExLab/SimpleQuad/bin/imu_vicon_feather/cache/core/core_adafruit_samd_adafruit_feather_m0_f2beb47221a8863eb2ab3646c1696974.a(USBCore.cpp.o)
                0x0000000000005170                USBDeviceClass::handleEndpoint(unsigned char)
 .text._ZN14USBDeviceClass4initEv
                0x00000000000051b4       0xf0 /Users/AlexanderBouman/Desktop/GradSchool/RExLab/SimpleQuad/bin/imu_vicon_feather/cache/core/core_adafruit_samd_adafruit_feather_m0_f2beb47221a8863eb2ab3646c1696974.a(USBCore.cpp.o)
                0x00000000000051b4                USBDeviceClass::init()
 .text._ZN14USBDeviceClass6attachEv
                0x00000000000052a4       0x34 /Users/AlexanderBouman/Desktop/GradSchool/RExLab/SimpleQuad/bin/imu_vicon_feather/cache/core/core_adafruit_samd_adafruit_feather_m0_f2beb47221a8863eb2ab3646c1696974.a(USBCore.cpp.o)
                0x00000000000052a4                USBDeviceClass::attach()
 .text._ZN14USBDeviceClass10setAddressEm
                0x00000000000052d8       0x44 /Users/AlexanderBouman/Desktop/GradSchool/RExLab/SimpleQuad/bin/imu_vicon_feather/cache/core/core_adafruit_samd_adafruit_feather_m0_f2beb47221a8863eb2ab3646c1696974.a(USBCore.cpp.o)
                0x00000000000052d8                USBDeviceClass::setAddress(unsigned long)
 .text._ZN14USBDeviceClass25handleClassInterfaceSetupER8USBSetup
                0x000000000000531c       0x44 /Users/AlexanderBouman/Desktop/GradSchool/RExLab/SimpleQuad/bin/imu_vicon_feather/cache/core/core_adafruit_samd_adafruit_feather_m0_f2beb47221a8863eb2ab3646c1696974.a(USBCore.cpp.o)
                0x000000000000531c                USBDeviceClass::handleClassInterfaceSetup(USBSetup&)
 .text._ZN14USBDeviceClass6initEPEmm
                0x0000000000005360       0xec /Users/AlexanderBouman/Desktop/GradSchool/RExLab/SimpleQuad/bin/imu_vicon_feather/cache/core/core_adafruit_samd_adafruit_feather_m0_f2beb47221a8863eb2ab3646c1696974.a(USBCore.cpp.o)
                0x0000000000005360                USBDeviceClass::initEP(unsigned long, unsigned long)
 .text._ZN14USBDeviceClass13initEndpointsEv
                0x000000000000544c       0x24 /Users/AlexanderBouman/Desktop/GradSchool/RExLab/SimpleQuad/bin/imu_vicon_feather/cache/core/core_adafruit_samd_adafruit_feather_m0_f2beb47221a8863eb2ab3646c1696974.a(USBCore.cpp.o)
                0x000000000000544c                USBDeviceClass::initEndpoints()
 .text._ZN14USBDeviceClass9availableEm
                0x0000000000005470       0x2c /Users/AlexanderBouman/Desktop/GradSchool/RExLab/SimpleQuad/bin/imu_vicon_feather/cache/core/core_adafruit_samd_adafruit_feather_m0_f2beb47221a8863eb2ab3646c1696974.a(USBCore.cpp.o)
                0x0000000000005470                USBDeviceClass::available(unsigned long)
 .text._ZN14USBDeviceClass5flushEm
                0x000000000000549c       0x2c /Users/AlexanderBouman/Desktop/GradSchool/RExLab/SimpleQuad/bin/imu_vicon_feather/cache/core/core_adafruit_samd_adafruit_feather_m0_f2beb47221a8863eb2ab3646c1696974.a(USBCore.cpp.o)
                0x000000000000549c                USBDeviceClass::flush(unsigned long)
 .text._ZN14USBDeviceClass14armRecvCtrlOUTEm
                0x00000000000054c8       0x5c /Users/AlexanderBouman/Desktop/GradSchool/RExLab/SimpleQuad/bin/imu_vicon_feather/cache/core/core_adafruit_samd_adafruit_feather_m0_f2beb47221a8863eb2ab3646c1696974.a(USBCore.cpp.o)
                0x00000000000054c8                USBDeviceClass::armRecvCtrlOUT(unsigned long)
 .text._ZN14USBDeviceClass11recvControlEPvm
                0x0000000000005524       0x3c /Users/AlexanderBouman/Desktop/GradSchool/RExLab/SimpleQuad/bin/imu_vicon_feather/cache/core/core_adafruit_samd_adafruit_feather_m0_f2beb47221a8863eb2ab3646c1696974.a(USBCore.cpp.o)
                0x0000000000005524                USBDeviceClass::recvControl(void*, unsigned long)
 .text._ZN14USBDeviceClass7armRecvEm
                0x0000000000005560       0x38 /Users/AlexanderBouman/Desktop/GradSchool/RExLab/SimpleQuad/bin/imu_vicon_feather/cache/core/core_adafruit_samd_adafruit_feather_m0_f2beb47221a8863eb2ab3646c1696974.a(USBCore.cpp.o)
                0x0000000000005560                USBDeviceClass::armRecv(unsigned long)
 .text._ZN14USBDeviceClass4recvEmPvm
                0x0000000000005598       0xd8 /Users/AlexanderBouman/Desktop/GradSchool/RExLab/SimpleQuad/bin/imu_vicon_feather/cache/core/core_adafruit_samd_adafruit_feather_m0_f2beb47221a8863eb2ab3646c1696974.a(USBCore.cpp.o)
                0x0000000000005598                USBDeviceClass::recv(unsigned long, void*, unsigned long)
 .text._ZN14USBDeviceClass4recvEm
                0x0000000000005670       0x1c /Users/AlexanderBouman/Desktop/GradSchool/RExLab/SimpleQuad/bin/imu_vicon_feather/cache/core/core_adafruit_samd_adafruit_feather_m0_f2beb47221a8863eb2ab3646c1696974.a(USBCore.cpp.o)
                0x0000000000005670                USBDeviceClass::recv(unsigned long)
 .text._ZN14USBDeviceClass4sendEmPKvm
                0x000000000000568c      0x110 /Users/AlexanderBouman/Desktop/GradSchool/RExLab/SimpleQuad/bin/imu_vicon_feather/cache/core/core_adafruit_samd_adafruit_feather_m0_f2beb47221a8863eb2ab3646c1696974.a(USBCore.cpp.o)
                0x000000000000568c                USBDeviceClass::send(unsigned long, void const*, unsigned long)
 .text._ZN14USBDeviceClass7armSendEmPKvm
                0x000000000000579c       0x48 /Users/AlexanderBouman/Desktop/GradSchool/RExLab/SimpleQuad/bin/imu_vicon_feather/cache/core/core_adafruit_samd_adafruit_feather_m0_f2beb47221a8863eb2ab3646c1696974.a(USBCore.cpp.o)
                0x000000000000579c                USBDeviceClass::armSend(unsigned long, void const*, unsigned long)
 .text._ZN14USBDeviceClass11sendControlEPKvm
                0x00000000000057e4       0x54 /Users/AlexanderBouman/Desktop/GradSchool/RExLab/SimpleQuad/bin/imu_vicon_feather/cache/core/core_adafruit_samd_adafruit_feather_m0_f2beb47221a8863eb2ab3646c1696974.a(USBCore.cpp.o)
                0x00000000000057e4                USBDeviceClass::sendControl(void const*, unsigned long)
 .text._ZN14USBDeviceClass20sendStringDescriptorEPKhh
                0x0000000000005838       0x68 /Users/AlexanderBouman/Desktop/GradSchool/RExLab/SimpleQuad/bin/imu_vicon_feather/cache/core/core_adafruit_samd_adafruit_feather_m0_f2beb47221a8863eb2ab3646c1696974.a(USBCore.cpp.o)
                0x0000000000005838                USBDeviceClass::sendStringDescriptor(unsigned char const*, unsigned char)
 .text._ZN14USBDeviceClass17sendConfigurationEm
                0x00000000000058a0       0x80 /Users/AlexanderBouman/Desktop/GradSchool/RExLab/SimpleQuad/bin/imu_vicon_feather/cache/core/core_adafruit_samd_adafruit_feather_m0_f2beb47221a8863eb2ab3646c1696974.a(USBCore.cpp.o)
                0x00000000000058a0                USBDeviceClass::sendConfiguration(unsigned long)
 .text._ZN14USBDeviceClass14sendDescriptorER8USBSetup
                0x0000000000005920       0xe4 /Users/AlexanderBouman/Desktop/GradSchool/RExLab/SimpleQuad/bin/imu_vicon_feather/cache/core/core_adafruit_samd_adafruit_feather_m0_f2beb47221a8863eb2ab3646c1696974.a(USBCore.cpp.o)
                0x0000000000005920                USBDeviceClass::sendDescriptor(USBSetup&)
 .text._ZN14USBDeviceClass19handleStandardSetupER8USBSetup
                0x0000000000005a04      0x118 /Users/AlexanderBouman/Desktop/GradSchool/RExLab/SimpleQuad/bin/imu_vicon_feather/cache/core/core_adafruit_samd_adafruit_feather_m0_f2beb47221a8863eb2ab3646c1696974.a(USBCore.cpp.o)
                0x0000000000005a04                USBDeviceClass::handleStandardSetup(USBSetup&)
 .text._ZN14USBDeviceClass10ISRHandlerEv
                0x0000000000005b1c      0x150 /Users/AlexanderBouman/Desktop/GradSchool/RExLab/SimpleQuad/bin/imu_vicon_feather/cache/core/core_adafruit_samd_adafruit_feather_m0_f2beb47221a8863eb2ab3646c1696974.a(USBCore.cpp.o)
                0x0000000000005b1c                USBDeviceClass::ISRHandler()
 .text.UDD_Handler
                0x0000000000005c6c       0x10 /Users/AlexanderBouman/Desktop/GradSchool/RExLab/SimpleQuad/bin/imu_vicon_feather/cache/core/core_adafruit_samd_adafruit_feather_m0_f2beb47221a8863eb2ab3646c1696974.a(USBCore.cpp.o)
                0x0000000000005c6c                UDD_Handler
 .text.startup._GLOBAL__sub_I_usbd
                0x0000000000005c7c       0x10 /Users/AlexanderBouman/Desktop/GradSchool/RExLab/SimpleQuad/bin/imu_vicon_feather/cache/core/core_adafruit_samd_adafruit_feather_m0_f2beb47221a8863eb2ab3646c1696974.a(USBCore.cpp.o)
 .text._ZN4UartcvbEv
                0x0000000000005c8c        0x4 /Users/AlexanderBouman/Desktop/GradSchool/RExLab/SimpleQuad/bin/imu_vicon_feather/cache/core/core_adafruit_samd_adafruit_feather_m0_f2beb47221a8863eb2ab3646c1696974.a(Uart.cpp.o)
                0x0000000000005c8c                Uart::operator bool()
 .text._ZN4Uart5beginEm
                0x0000000000005c90       0x10 /Users/AlexanderBouman/Desktop/GradSchool/RExLab/SimpleQuad/bin/imu_vicon_feather/cache/core/core_adafruit_samd_adafruit_feather_m0_f2beb47221a8863eb2ab3646c1696974.a(Uart.cpp.o)
                0x0000000000005c90                Uart::begin(unsigned long)
 .text._ZN4Uart4peekEv
                0x0000000000005ca0       0x1a /Users/AlexanderBouman/Desktop/GradSchool/RExLab/SimpleQuad/bin/imu_vicon_feather/cache/core/core_adafruit_samd_adafruit_feather_m0_f2beb47221a8863eb2ab3646c1696974.a(Uart.cpp.o)
                0x0000000000005ca0                Uart::peek()
 .text._ZN4Uart3endEv
                0x0000000000005cba       0x20 /Users/AlexanderBouman/Desktop/GradSchool/RExLab/SimpleQuad/bin/imu_vicon_feather/cache/core/core_adafruit_samd_adafruit_feather_m0_f2beb47221a8863eb2ab3646c1696974.a(Uart.cpp.o)
                0x0000000000005cba                Uart::end()
 .text._ZN4Uart15extractCharSizeEt
                0x0000000000005cda       0x28 /Users/AlexanderBouman/Desktop/GradSchool/RExLab/SimpleQuad/bin/imu_vicon_feather/cache/core/core_adafruit_samd_adafruit_feather_m0_f2beb47221a8863eb2ab3646c1696974.a(Uart.cpp.o)
                0x0000000000005cda                Uart::extractCharSize(unsigned short)
 .text._ZN4Uart13extractParityEt
                0x0000000000005d02       0x14 /Users/AlexanderBouman/Desktop/GradSchool/RExLab/SimpleQuad/bin/imu_vicon_feather/cache/core/core_adafruit_samd_adafruit_feather_m0_f2beb47221a8863eb2ab3646c1696974.a(Uart.cpp.o)
                0x0000000000005d02                Uart::extractParity(unsigned short)
 *fill*         0x0000000000005d16        0x2 
 .text._ZN4Uart5beginEmt
                0x0000000000005d18       0xf8 /Users/AlexanderBouman/Desktop/GradSchool/RExLab/SimpleQuad/bin/imu_vicon_feather/cache/core/core_adafruit_samd_adafruit_feather_m0_f2beb47221a8863eb2ab3646c1696974.a(Uart.cpp.o)
                0x0000000000005d18                Uart::begin(unsigned long, unsigned short)
 .text._ZN11RingBufferNILi350EEC2Ev
                0x0000000000005e10       0x1c /Users/AlexanderBouman/Desktop/GradSchool/RExLab/SimpleQuad/bin/imu_vicon_feather/cache/core/core_adafruit_samd_adafruit_feather_m0_f2beb47221a8863eb2ab3646c1696974.a(Uart.cpp.o)
                0x0000000000005e10                RingBufferN<350>::RingBufferN()
                0x0000000000005e10                RingBufferN<350>::RingBufferN()
 .text._ZN4UartC2EP6SERCOMhh11SercomRXPad15SercomUartTXPad
                0x0000000000005e2c       0x70 /Users/AlexanderBouman/Desktop/GradSchool/RExLab/SimpleQuad/bin/imu_vicon_feather/cache/core/core_adafruit_samd_adafruit_feather_m0_f2beb47221a8863eb2ab3646c1696974.a(Uart.cpp.o)
                0x0000000000005e2c                Uart::Uart(SERCOM*, unsigned char, unsigned char, SercomRXPad, SercomUartTXPad)
                0x0000000000005e2c                Uart::Uart(SERCOM*, unsigned char, unsigned char, SercomRXPad, SercomUartTXPad)
 .text._ZN11RingBufferNILi350EE9availableEv
                0x0000000000005e9c       0x12 /Users/AlexanderBouman/Desktop/GradSchool/RExLab/SimpleQuad/bin/imu_vicon_feather/cache/core/core_adafruit_samd_adafruit_feather_m0_f2beb47221a8863eb2ab3646c1696974.a(Uart.cpp.o)
                0x0000000000005e9c                RingBufferN<350>::available()
 .text._ZN4Uart5flushEv
                0x0000000000005eae       0x1a /Users/AlexanderBouman/Desktop/GradSchool/RExLab/SimpleQuad/bin/imu_vicon_feather/cache/core/core_adafruit_samd_adafruit_feather_m0_f2beb47221a8863eb2ab3646c1696974.a(Uart.cpp.o)
                0x0000000000005eae                Uart::flush()
 .text._ZN4Uart9availableEv
                0x0000000000005ec8        0xa /Users/AlexanderBouman/Desktop/GradSchool/RExLab/SimpleQuad/bin/imu_vicon_feather/cache/core/core_adafruit_samd_adafruit_feather_m0_f2beb47221a8863eb2ab3646c1696974.a(Uart.cpp.o)
                0x0000000000005ec8                Uart::available()
 .text._ZN11RingBufferNILi350EE17availableForStoreEv
                0x0000000000005ed2       0x22 /Users/AlexanderBouman/Desktop/GradSchool/RExLab/SimpleQuad/bin/imu_vicon_feather/cache/core/core_adafruit_samd_adafruit_feather_m0_f2beb47221a8863eb2ab3646c1696974.a(Uart.cpp.o)
                0x0000000000005ed2                RingBufferN<350>::availableForStore()
 .text._ZN4Uart17availableForWriteEv
                0x0000000000005ef4        0xc /Users/AlexanderBouman/Desktop/GradSchool/RExLab/SimpleQuad/bin/imu_vicon_feather/cache/core/core_adafruit_samd_adafruit_feather_m0_f2beb47221a8863eb2ab3646c1696974.a(Uart.cpp.o)
                0x0000000000005ef4                Uart::availableForWrite()
 .text._ZN4Uart10IrqHandlerEv
                0x0000000000005f00       0xda /Users/AlexanderBouman/Desktop/GradSchool/RExLab/SimpleQuad/bin/imu_vicon_feather/cache/core/core_adafruit_samd_adafruit_feather_m0_f2beb47221a8863eb2ab3646c1696974.a(Uart.cpp.o)
                0x0000000000005f00                Uart::IrqHandler()
 *fill*         0x0000000000005fda        0x2 
 .text._ZN4Uart5writeEh
                0x0000000000005fdc       0xc4 /Users/AlexanderBouman/Desktop/GradSchool/RExLab/SimpleQuad/bin/imu_vicon_feather/cache/core/core_adafruit_samd_adafruit_feather_m0_f2beb47221a8863eb2ab3646c1696974.a(Uart.cpp.o)
                0x0000000000005fdc                Uart::write(unsigned char)
 .text._ZN4Uart4readEv
                0x00000000000060a0       0x52 /Users/AlexanderBouman/Desktop/GradSchool/RExLab/SimpleQuad/bin/imu_vicon_feather/cache/core/core_adafruit_samd_adafruit_feather_m0_f2beb47221a8863eb2ab3646c1696974.a(Uart.cpp.o)
                0x00000000000060a0                Uart::read()
 .text._Z11initVariantv
                0x00000000000060f2        0x2 /Users/AlexanderBouman/Desktop/GradSchool/RExLab/SimpleQuad/bin/imu_vicon_feather/cache/core/core_adafruit_samd_adafruit_feather_m0_f2beb47221a8863eb2ab3646c1696974.a(main.cpp.o)
                0x00000000000060f2                initVariant()
 .text.startup.main
                0x00000000000060f4       0x44 /Users/AlexanderBouman/Desktop/GradSchool/RExLab/SimpleQuad/bin/imu_vicon_feather/cache/core/core_adafruit_samd_adafruit_feather_m0_f2beb47221a8863eb2ab3646c1696974.a(main.cpp.o)
                0x00000000000060f4                main
 .text._Znwj    0x0000000000006138        0x8 /Users/AlexanderBouman/Desktop/GradSchool/RExLab/SimpleQuad/bin/imu_vicon_feather/cache/core/core_adafruit_samd_adafruit_feather_m0_f2beb47221a8863eb2ab3646c1696974.a(new.cpp.o)
                0x0000000000006138                operator new(unsigned int)
 .text._ZdlPv   0x0000000000006140        0x8 /Users/AlexanderBouman/Desktop/GradSchool/RExLab/SimpleQuad/bin/imu_vicon_feather/cache/core/core_adafruit_samd_adafruit_feather_m0_f2beb47221a8863eb2ab3646c1696974.a(new.cpp.o)
                0x0000000000006140                operator delete(void*)
 .text._ZN13PluggableUSB_12getInterfaceEPh
                0x0000000000006148       0x28 /Users/AlexanderBouman/Desktop/GradSchool/RExLab/SimpleQuad/bin/imu_vicon_feather/cache/core/core_adafruit_samd_adafruit_feather_m0_f2beb47221a8863eb2ab3646c1696974.a(PluggableUSB.cpp.o)
                0x0000000000006148                PluggableUSB_::getInterface(unsigned char*)
 .text._ZN13PluggableUSB_13getDescriptorER8USBSetup
                0x0000000000006170       0x20 /Users/AlexanderBouman/Desktop/GradSchool/RExLab/SimpleQuad/bin/imu_vicon_feather/cache/core/core_adafruit_samd_adafruit_feather_m0_f2beb47221a8863eb2ab3646c1696974.a(PluggableUSB.cpp.o)
                0x0000000000006170                PluggableUSB_::getDescriptor(USBSetup&)
 .text._ZN13PluggableUSB_5setupER8USBSetup
                0x0000000000006190       0x20 /Users/AlexanderBouman/Desktop/GradSchool/RExLab/SimpleQuad/bin/imu_vicon_feather/cache/core/core_adafruit_samd_adafruit_feather_m0_f2beb47221a8863eb2ab3646c1696974.a(PluggableUSB.cpp.o)
                0x0000000000006190                PluggableUSB_::setup(USBSetup&)
 .text._Z12PluggableUSBv
                0x00000000000061b0       0x28 /Users/AlexanderBouman/Desktop/GradSchool/RExLab/SimpleQuad/bin/imu_vicon_feather/cache/core/core_adafruit_samd_adafruit_feather_m0_f2beb47221a8863eb2ab3646c1696974.a(PluggableUSB.cpp.o)
                0x00000000000061b0                PluggableUSB()
 .text._ZN20USBDevice_SAMD21G18x5resetEv
                0x00000000000061d8       0x2a /Users/AlexanderBouman/Desktop/GradSchool/RExLab/SimpleQuad/bin/imu_vicon_feather/cache/core/core_adafruit_samd_adafruit_feather_m0_f2beb47221a8863eb2ab3646c1696974.a(SAMD21_USBDevice.cpp.o)
                0x00000000000061d8                USBDevice_SAMD21G18x::reset()
 *fill*         0x0000000000006202        0x2 
 .text._ZN20USBDevice_SAMD21G18x9calibrateEv
                0x0000000000006204       0x60 /Users/AlexanderBouman/Desktop/GradSchool/RExLab/SimpleQuad/bin/imu_vicon_feather/cache/core/core_adafruit_samd_adafruit_feather_m0_f2beb47221a8863eb2ab3646c1696974.a(SAMD21_USBDevice.cpp.o)
                0x0000000000006204                USBDevice_SAMD21G18x::calibrate()
 .text.__aeabi_atexit
                0x0000000000006264        0xe /Users/alexanderbouman/Library/Arduino15/packages/adafruit/tools/arm-none-eabi-gcc/9-2019q4/bin/../lib/gcc/arm-none-eabi/9.2.1/../../../../arm-none-eabi/lib/thumb/v6-m/nofp/libstdc++_nano.a(atexit_arm.o)
                0x0000000000006264                __aeabi_atexit
 *fill*         0x0000000000006272        0x2 
 .text          0x0000000000006274       0x14 /Users/alexanderbouman/Library/Arduino15/packages/adafruit/tools/arm-none-eabi-gcc/9-2019q4/bin/../lib/gcc/arm-none-eabi/9.2.1/thumb/v6-m/nofp/libgcc.a(_thumb1_case_uqi.o)
                0x0000000000006274                __gnu_thumb1_case_uqi
 .text          0x0000000000006288      0x114 /Users/alexanderbouman/Library/Arduino15/packages/adafruit/tools/arm-none-eabi-gcc/9-2019q4/bin/../lib/gcc/arm-none-eabi/9.2.1/thumb/v6-m/nofp/libgcc.a(_udivsi3.o)
                0x0000000000006288                __udivsi3
                0x0000000000006288                __aeabi_uidiv
                0x0000000000006394                __aeabi_uidivmod
 .text          0x000000000000639c      0x1d4 /Users/alexanderbouman/Library/Arduino15/packages/adafruit/tools/arm-none-eabi-gcc/9-2019q4/bin/../lib/gcc/arm-none-eabi/9.2.1/thumb/v6-m/nofp/libgcc.a(_divsi3.o)
                0x000000000000639c                __aeabi_idiv
                0x000000000000639c                __divsi3
                0x0000000000006568                __aeabi_idivmod
 .text          0x0000000000006570        0x4 /Users/alexanderbouman/Library/Arduino15/packages/adafruit/tools/arm-none-eabi-gcc/9-2019q4/bin/../lib/gcc/arm-none-eabi/9.2.1/thumb/v6-m/nofp/libgcc.a(_dvmd_tls.o)
                0x0000000000006570                __aeabi_ldiv0
                0x0000000000006570                __aeabi_idiv0
 .text          0x0000000000006574       0x7c /Users/alexanderbouman/Library/Arduino15/packages/adafruit/tools/arm-none-eabi-gcc/9-2019q4/bin/../lib/gcc/arm-none-eabi/9.2.1/thumb/v6-m/nofp/libgcc.a(_arm_cmpdf2.o)
                0x0000000000006574                __aeabi_cdrcmple
                0x0000000000006584                __aeabi_cdcmple
                0x0000000000006584                __aeabi_cdcmpeq
                0x0000000000006594                __aeabi_dcmpeq
                0x00000000000065a0                __aeabi_dcmplt
                0x00000000000065b4                __aeabi_dcmple
                0x00000000000065c8                __aeabi_dcmpgt
                0x00000000000065dc                __aeabi_dcmpge
 .text          0x00000000000065f0       0x40 /Users/alexanderbouman/Library/Arduino15/packages/adafruit/tools/arm-none-eabi-gcc/9-2019q4/bin/../lib/gcc/arm-none-eabi/9.2.1/thumb/v6-m/nofp/libgcc.a(_aeabi_uldivmod.o)
                0x00000000000065f0                __aeabi_uldivmod
 .text          0x0000000000006630       0x3c /Users/alexanderbouman/Library/Arduino15/packages/adafruit/tools/arm-none-eabi-gcc/9-2019q4/bin/../lib/gcc/arm-none-eabi/9.2.1/thumb/v6-m/nofp/libgcc.a(_fixunsdfsi.o)
                0x0000000000006630                __fixunsdfsi
                0x0000000000006630                __aeabi_d2uiz
 .text          0x000000000000666c      0x198 /Users/alexanderbouman/Library/Arduino15/packages/adafruit/tools/arm-none-eabi-gcc/9-2019q4/bin/../lib/gcc/arm-none-eabi/9.2.1/thumb/v6-m/nofp/libgcc.a(_udivmoddi4.o)
                0x000000000000666c                __udivmoddi4
 .text          0x0000000000006804      0x338 /Users/alexanderbouman/Library/Arduino15/packages/adafruit/tools/arm-none-eabi-gcc/9-2019q4/bin/../lib/gcc/arm-none-eabi/9.2.1/thumb/v6-m/nofp/libgcc.a(addsf3.o)
                0x0000000000006804                __aeabi_fadd
 .text          0x0000000000006b3c      0x218 /Users/alexanderbouman/Library/Arduino15/packages/adafruit/tools/arm-none-eabi-gcc/9-2019q4/bin/../lib/gcc/arm-none-eabi/9.2.1/thumb/v6-m/nofp/libgcc.a(divsf3.o)
                0x0000000000006b3c                __aeabi_fdiv
 .text          0x0000000000006d54       0x8c /Users/alexanderbouman/Library/Arduino15/packages/adafruit/tools/arm-none-eabi-gcc/9-2019q4/bin/../lib/gcc/arm-none-eabi/9.2.1/thumb/v6-m/nofp/libgcc.a(floatsisf.o)
                0x0000000000006d54                __aeabi_i2f
 .text          0x0000000000006de0      0x6d4 /Users/alexanderbouman/Library/Arduino15/packages/adafruit/tools/arm-none-eabi-gcc/9-2019q4/bin/../lib/gcc/arm-none-eabi/9.2.1/thumb/v6-m/nofp/libgcc.a(adddf3.o)
                0x0000000000006de0                __aeabi_dadd
 .text          0x00000000000074b4      0x5d0 /Users/alexanderbouman/Library/Arduino15/packages/adafruit/tools/arm-none-eabi-gcc/9-2019q4/bin/../lib/gcc/arm-none-eabi/9.2.1/thumb/v6-m/nofp/libgcc.a(divdf3.o)
                0x00000000000074b4                __aeabi_ddiv
 .text          0x0000000000007a84       0x78 /Users/alexanderbouman/Library/Arduino15/packages/adafruit/tools/arm-none-eabi-gcc/9-2019q4/bin/../lib/gcc/arm-none-eabi/9.2.1/thumb/v6-m/nofp/libgcc.a(eqdf2.o)
                0x0000000000007a84                __eqdf2
                0x0000000000007a84                __nedf2
 .text          0x0000000000007afc       0xe4 /Users/alexanderbouman/Library/Arduino15/packages/adafruit/tools/arm-none-eabi-gcc/9-2019q4/bin/../lib/gcc/arm-none-eabi/9.2.1/thumb/v6-m/nofp/libgcc.a(gedf2.o)
                0x0000000000007afc                __gtdf2
                0x0000000000007afc                __gedf2
 .text          0x0000000000007be0       0xe0 /Users/alexanderbouman/Library/Arduino15/packages/adafruit/tools/arm-none-eabi-gcc/9-2019q4/bin/../lib/gcc/arm-none-eabi/9.2.1/thumb/v6-m/nofp/libgcc.a(ledf2.o)
                0x0000000000007be0                __ltdf2
                0x0000000000007be0                __ledf2